   Compiling proc-macro2 v1.0.107
   Compiling unicode-ident v1.0.24
   Compiling quote v1.0.47
   Compiling strata-core v0.1.1 (/private/tmp/cyber-file-storage-audit-20260924/strata/core)
   Compiling libc v0.2.189
   Compiling cyber-hemera v0.3.1 (/private/tmp/cyber-file-storage-audit-20260924/hemera/rs)
   Compiling cfg-if v1.0.4
   Compiling serde_core v1.0.229
   Compiling getrandom v0.3.4
   Compiling equivalent v1.0.2
   Compiling serde v1.0.229
   Compiling crossbeam-utils v0.8.23
   Compiling once_cell v1.21.4
   Compiling rustix v1.1.4
   Compiling crossbeam-epoch v0.9.21
   Compiling bitflags v2.13.2
   Compiling parking_lot_core v0.9.12
   Compiling compare v0.0.6
   Compiling strata-proof v0.1.1 (/private/tmp/cyber-file-storage-audit-20260924/strata/proof)
   Compiling strata-ext v0.1.1 (/private/tmp/cyber-file-storage-audit-20260924/strata/ext)
   Compiling strata-compute v0.1.1 (/private/tmp/cyber-file-storage-audit-20260924/strata/compute)
   Compiling fastrand v2.5.0
   Compiling strata-nebu v0.1.1 (/private/tmp/cyber-file-storage-audit-20260924/strata/nebu/rs)
   Compiling memchr v2.8.3
   Compiling neuron-id v0.1.0 (/private/tmp/cyber-file-storage-audit-20260924/neuron/id)
   Compiling hashbrown v0.17.1
   Compiling path-dedot v3.1.1
   Compiling zerocopy v0.8.56
   Compiling path-absolutize v3.1.1
   Compiling interval-heap v0.0.5
   Compiling strata-kuro v0.1.1 (/private/tmp/cyber-file-storage-audit-20260924/strata/kuro/rs)
   Compiling strata-jali v0.1.1 (/private/tmp/cyber-file-storage-audit-20260924/strata/jali/rs)
   Compiling strata-genies v0.1.1 (/private/tmp/cyber-file-storage-audit-20260924/strata/genies/rs)
   Compiling strata-trop v0.1.1 (/private/tmp/cyber-file-storage-audit-20260924/strata/trop/rs)
   Compiling scopeguard v1.2.0
   Compiling winnow v0.7.15
   Compiling zmij v1.0.23
   Compiling cyber-lens-core v0.1.2 (/private/tmp/cyber-file-storage-audit-20260924/lens/core)
   Compiling utf8parse v0.2.2
   Compiling cyber-lens-brakedown v0.2.0 (/private/tmp/cyber-file-storage-audit-20260924/lens/brakedown)
   Compiling toml_write v0.1.2
   Compiling byteview v0.6.1
   Compiling hashbrown v0.16.1
   Compiling smallvec v1.16.1
   Compiling indexmap v2.14.0
   Compiling byteorder v1.5.0
   Compiling log v0.4.34
   Compiling xxhash-rust v0.8.18
   Compiling varint-rs v2.2.0
   Compiling rustc-hash v2.1.3
   Compiling thiserror v2.0.20
   Compiling crossbeam-skiplist v0.1.3
   Compiling cyber-lens-ikat v0.2.0 (/private/tmp/cyber-file-storage-audit-20260924/lens/ikat)
   Compiling syn v3.0.3
   Compiling syn v2.0.119
   Compiling quick_cache v0.6.22
   Compiling cyber-lens-assayer v0.2.0 (/private/tmp/cyber-file-storage-audit-20260924/lens/assayer)
   Compiling anstyle-parse v1.0.0
   Compiling cyber-lens-binius v0.1.1 (/private/tmp/cyber-file-storage-audit-20260924/lens/binius)
   Compiling cyber-lens-porphyry v0.2.0 (/private/tmp/cyber-file-storage-audit-20260924/lens/porphyry)
   Compiling lock_api v0.4.14
   Compiling serde_json v1.0.151
   Compiling is_terminal_polyfill v1.70.2
   Compiling double-ended-peekable v0.1.0
   Compiling guardian v1.3.0
   Compiling hashbrown v0.14.5
   Compiling anstyle v1.0.14
   Compiling anstyle-query v1.1.5
   Compiling lz4_flex v0.11.6
   Compiling colorchoice v1.0.5
   Compiling self_cell v1.3.0
   Compiling cyber-lens v0.2.0 (/private/tmp/cyber-file-storage-audit-20260924/lens/src)
   Compiling anstream v1.0.0
   Compiling cyber-nox v0.3.0 (/private/tmp/cyber-file-storage-audit-20260924/nox/rs)
   Compiling aho-corasick v1.1.5
   Compiling strsim v0.11.1
   Compiling heck v0.5.0
   Compiling std-semaphore v0.1.0
   Compiling regex-syntax v0.8.11
   Compiling itoa v1.0.18
   Compiling anyhow v1.0.104
   Compiling clap_lex v1.1.0
   Compiling errno v0.3.14
   Compiling rand_core v0.9.5
   Compiling memmap2 v0.9.11
   Compiling inf-ast v0.1.0 (/private/tmp/cyber-file-storage-audit-20260924/inf/rs/ast)
   Compiling dashmap v6.2.1
   Compiling clap_builder v4.6.6
   Compiling zheng v0.4.0 (/private/tmp/cyber-file-storage-audit-20260924/zheng/rs)
   Compiling inf-value v0.1.0 (/private/tmp/cyber-file-storage-audit-20260924/inf/rs/value)
   Compiling bytes v1.12.1
   Compiling inf-source v0.1.0 (/private/tmp/cyber-file-storage-audit-20260924/inf/rs/source)
   Compiling inf-lex v0.1.0 (/private/tmp/cyber-file-storage-audit-20260924/inf/rs/lex)
   Compiling inf-plan v0.1.0 (/private/tmp/cyber-file-storage-audit-20260924/inf/rs/plan)
   Compiling inf-parse v0.1.0 (/private/tmp/cyber-file-storage-audit-20260924/inf/rs/parse)
   Compiling tade v0.1.0 (/private/tmp/cyber-file-storage-audit-20260924/tade/impl/rust)
   Compiling enum_dispatch v0.3.13
   Compiling serde_derive v1.0.229
   Compiling tempfile v3.27.0
   Compiling thiserror-impl v2.0.20
   Compiling clap_derive v4.6.4
   Compiling value-log v1.9.0
   Compiling regex-automata v0.4.18
   Compiling lsm-tree v2.10.4
   Compiling clap v4.6.6
   Compiling fjall v2.11.2 (/private/tmp/cyber-file-storage-audit-20260924/bbg/rs/vendor/fjall)
   Compiling toml_datetime v0.6.11
   Compiling serde_spanned v0.6.9
   Compiling toml_edit v0.22.27
   Compiling ppv-lite86 v0.2.21
   Compiling rand_chacha v0.9.0
   Compiling regex v1.13.1
   Compiling rand v0.9.5
warning: field `journal_recovery_mode` is never read
  --> /private/tmp/cyber-file-storage-audit-20260924/bbg/rs/vendor/fjall/src/config.rs:49:16
   |
14 | pub struct Config {
   |            ------ field in this struct
...
49 |     pub(crate) journal_recovery_mode: RecoveryMode,
   |                ^^^^^^^^^^^^^^^^^^^^^
   |
   = note: `Config` has a derived impl for the trait `Clone`, but this is intentionally ignored during dead code analysis
   = note: `#[warn(dead_code)]` (part of `#[warn(unused)]`) on by default

warning: method `outstanding_flushes` is never used
  --> /private/tmp/cyber-file-storage-audit-20260924/bbg/rs/vendor/fjall/src/stats.rs:26:12
   |
25 | impl Stats {
   | ---------- method in this implementation
26 |     pub fn outstanding_flushes(&self) -> usize {
   |            ^^^^^^^^^^^^^^^^^^^

warning: hiding a lifetime that's elided elsewhere is confusing
  --> /private/tmp/cyber-file-storage-audit-20260924/bbg/rs/vendor/fjall/src/tx/keyspace.rs:42:21
   |
42 |     pub fn write_tx(&self) -> WriteTransaction {
   |                     ^^^^^     ^^^^^^^^^^^^^^^^ the same lifetime is hidden here
   |                     |
   |                     the lifetime is elided here
   |
   = help: the same lifetime is referred to in inconsistent ways, making the signature confusing
   = note: `#[warn(mismatched_lifetime_syntaxes)]` on by default
help: use `'_` for type paths
   |
42 |     pub fn write_tx(&self) -> WriteTransaction<'_> {
   |                                               ++++

   Compiling inf-eval v0.1.0 (/private/tmp/cyber-file-storage-audit-20260924/inf/rs/eval)
   Compiling bbg v0.3.0 (/private/tmp/cyber-file-storage-audit-20260924/bbg/rs)
warning: `fjall` (lib) generated 3 warnings (run `cargo fix --lib -p fjall` to apply 1 suggestion)
   Compiling toml v0.8.23
   Compiling cyber-tru v0.1.1 (/private/tmp/cyber-file-storage-audit-20260924/tru/rs)
   Compiling cyber-tok v0.1.1 (/private/tmp/cyber-file-storage-audit-20260924/tok/rs)
   Compiling foculus v0.1.3 (/private/tmp/cyber-file-storage-audit-20260924/foculus)
   Compiling cybergraph v0.1.1 (/private/tmp/cyber-file-storage-audit-20260924/cybergraph)
    Finished `release` profile [optimized] target(s) in 35.75s
     Running tests/text_archive_boundaries.rs (target/release/deps/text_archive_boundaries-b17f913d7a17e324)

running 1 test
test multi_transaction_source_preflights_projection_and_fences_concurrent_capacity has been running for over 60 seconds
test multi_transaction_source_preflights_projection_and_fences_concurrent_capacity ... ok

test result: ok. 1 passed; 0 failed; 0 ignored; 0 measured; 3 filtered out; finished in 388.65s
