   Compiling proc-macro2 v1.0.107
   Compiling strata-core v0.1.1 (/private/tmp/cyber-file-storage-audit-20260924/strata/core)
   Compiling unicode-ident v1.0.24
   Compiling quote v1.0.47
   Compiling libc v0.2.189
   Compiling cyber-hemera v0.3.1 (/private/tmp/cyber-file-storage-audit-20260924/hemera/rs)
   Compiling cfg-if v1.0.4
   Compiling serde_core v1.0.229
   Compiling getrandom v0.3.4
   Compiling once_cell v1.21.4
   Compiling equivalent v1.0.2
   Compiling crossbeam-utils v0.8.23
   Compiling serde v1.0.229
   Compiling rustix v1.1.4
   Compiling crossbeam-epoch v0.9.21
   Compiling bitflags v2.13.2
   Compiling hashbrown v0.17.1
   Compiling strata-proof v0.1.1 (/private/tmp/cyber-file-storage-audit-20260924/strata/proof)
   Compiling strata-ext v0.1.1 (/private/tmp/cyber-file-storage-audit-20260924/strata/ext)
   Compiling strata-compute v0.1.1 (/private/tmp/cyber-file-storage-audit-20260924/strata/compute)
   Compiling path-dedot v3.1.1
   Compiling compare v0.0.6
   Compiling neuron-id v0.1.0 (/private/tmp/cyber-file-storage-audit-20260924/neuron/id)
   Compiling strata-nebu v0.1.1 (/private/tmp/cyber-file-storage-audit-20260924/strata/nebu/rs)
   Compiling fastrand v2.5.0
   Compiling zerocopy v0.8.56
   Compiling parking_lot_core v0.9.12
   Compiling memchr v2.8.3
   Compiling interval-heap v0.0.5
   Compiling strata-jali v0.1.1 (/private/tmp/cyber-file-storage-audit-20260924/strata/jali/rs)
   Compiling indexmap v2.14.0
   Compiling path-absolutize v3.1.1
   Compiling strata-kuro v0.1.1 (/private/tmp/cyber-file-storage-audit-20260924/strata/kuro/rs)
   Compiling strata-genies v0.1.1 (/private/tmp/cyber-file-storage-audit-20260924/strata/genies/rs)
   Compiling strata-trop v0.1.1 (/private/tmp/cyber-file-storage-audit-20260924/strata/trop/rs)
   Compiling cyber-lens-core v0.1.2 (/private/tmp/cyber-file-storage-audit-20260924/lens/core)
   Compiling cyber-lens-brakedown v0.2.0 (/private/tmp/cyber-file-storage-audit-20260924/lens/brakedown)
   Compiling varint-rs v2.2.0
   Compiling log v0.4.34
   Compiling syn v3.0.3
   Compiling syn v2.0.119
   Compiling xxhash-rust v0.8.18
   Compiling byteorder v1.5.0
   Compiling zmij v1.0.23
   Compiling utf8parse v0.2.2
   Compiling hashbrown v0.16.1
   Compiling scopeguard v1.2.0
   Compiling byteview v0.6.1
   Compiling rustc-hash v2.1.3
   Compiling thiserror v2.0.20
   Compiling winnow v0.7.15
   Compiling smallvec v1.16.1
   Compiling toml_write v0.1.2
   Compiling quick_cache v0.6.22
   Compiling lock_api v0.4.14
   Compiling anstyle-parse v1.0.0
   Compiling cyber-lens-ikat v0.2.0 (/private/tmp/cyber-file-storage-audit-20260924/lens/ikat)
   Compiling cyber-lens-assayer v0.2.0 (/private/tmp/cyber-file-storage-audit-20260924/lens/assayer)
   Compiling cyber-lens-porphyry v0.2.0 (/private/tmp/cyber-file-storage-audit-20260924/lens/porphyry)
   Compiling cyber-lens-binius v0.1.1 (/private/tmp/cyber-file-storage-audit-20260924/lens/binius)
   Compiling is_terminal_polyfill v1.70.2
   Compiling anstyle-query v1.1.5
   Compiling double-ended-peekable v0.1.0
   Compiling anstyle v1.0.14
   Compiling self_cell v1.3.0
   Compiling lz4_flex v0.11.6
   Compiling hashbrown v0.14.5
   Compiling guardian v1.3.0
   Compiling colorchoice v1.0.5
   Compiling serde_json v1.0.151
   Compiling cyber-lens v0.2.0 (/private/tmp/cyber-file-storage-audit-20260924/lens/src)
   Compiling anstream v1.0.0
   Compiling cyber-nox v0.3.0 (/private/tmp/cyber-file-storage-audit-20260924/nox/rs)
   Compiling aho-corasick v1.1.5
   Compiling inf-ast v0.1.0 (/private/tmp/cyber-file-storage-audit-20260924/inf/rs/ast)
   Compiling std-semaphore v0.1.0
   Compiling anyhow v1.0.104
   Compiling heck v0.5.0
   Compiling regex-syntax v0.8.11
   Compiling clap_lex v1.1.0
   Compiling strsim v0.11.1
   Compiling itoa v1.0.18
   Compiling crossbeam-skiplist v0.1.3
   Compiling clap_builder v4.6.6
   Compiling zheng v0.4.0 (/private/tmp/cyber-file-storage-audit-20260924/zheng/rs)
   Compiling inf-value v0.1.0 (/private/tmp/cyber-file-storage-audit-20260924/inf/rs/value)
   Compiling bytes v1.12.1
   Compiling inf-source v0.1.0 (/private/tmp/cyber-file-storage-audit-20260924/inf/rs/source)
   Compiling inf-lex v0.1.0 (/private/tmp/cyber-file-storage-audit-20260924/inf/rs/lex)
   Compiling inf-parse v0.1.0 (/private/tmp/cyber-file-storage-audit-20260924/inf/rs/parse)
   Compiling inf-plan v0.1.0 (/private/tmp/cyber-file-storage-audit-20260924/inf/rs/plan)
   Compiling serde_derive v1.0.229
   Compiling thiserror-impl v2.0.20
   Compiling enum_dispatch v0.3.13
   Compiling errno v0.3.14
   Compiling dashmap v6.2.1
   Compiling rand_core v0.9.5
   Compiling memmap2 v0.9.11
   Compiling clap_derive v4.6.4
   Compiling tade v0.1.0 (/private/tmp/cyber-file-storage-audit-20260924/tade/impl/rust)
   Compiling regex-automata v0.4.18
   Compiling tempfile v3.27.0
   Compiling value-log v1.9.0
   Compiling lsm-tree v2.10.4
   Compiling clap v4.6.6
   Compiling regex v1.13.1
   Compiling inf-eval v0.1.0 (/private/tmp/cyber-file-storage-audit-20260924/inf/rs/eval)
   Compiling fjall v2.11.2 (/private/tmp/cyber-file-storage-audit-20260924/bbg/rs/vendor/fjall)
   Compiling ppv-lite86 v0.2.21
   Compiling rand_chacha v0.9.0
   Compiling toml_datetime v0.6.11
   Compiling serde_spanned v0.6.9
   Compiling rand v0.9.5
   Compiling toml_edit v0.22.27
warning: field `journal_recovery_mode` is never read
  --> /private/tmp/cyber-file-storage-audit-20260924/bbg/rs/vendor/fjall/src/config.rs:49:16
   |
14 | pub struct Config {
   |            ------ field in this struct
...
49 |     pub(crate) journal_recovery_mode: RecoveryMode,
   |                ^^^^^^^^^^^^^^^^^^^^^
   |
   = note: `Config` has a derived impl for the trait `Clone`, but this is intentionally ignored during dead code analysis
   = note: `#[warn(dead_code)]` (part of `#[warn(unused)]`) on by default

warning: method `outstanding_flushes` is never used
  --> /private/tmp/cyber-file-storage-audit-20260924/bbg/rs/vendor/fjall/src/stats.rs:26:12
   |
25 | impl Stats {
   | ---------- method in this implementation
26 |     pub fn outstanding_flushes(&self) -> usize {
   |            ^^^^^^^^^^^^^^^^^^^

warning: hiding a lifetime that's elided elsewhere is confusing
  --> /private/tmp/cyber-file-storage-audit-20260924/bbg/rs/vendor/fjall/src/tx/keyspace.rs:42:21
   |
42 |     pub fn write_tx(&self) -> WriteTransaction {
   |                     ^^^^^     ^^^^^^^^^^^^^^^^ the same lifetime is hidden here
   |                     |
   |                     the lifetime is elided here
   |
   = help: the same lifetime is referred to in inconsistent ways, making the signature confusing
   = note: `#[warn(mismatched_lifetime_syntaxes)]` on by default
help: use `'_` for type paths
   |
42 |     pub fn write_tx(&self) -> WriteTransaction<'_> {
   |                                               ++++

   Compiling bbg v0.3.0 (/private/tmp/cyber-file-storage-audit-20260924/bbg/rs)
   Compiling toml v0.8.23
   Compiling cyber-tru v0.1.1 (/private/tmp/cyber-file-storage-audit-20260924/tru/rs)
warning: `fjall` (lib) generated 3 warnings (run `cargo fix --lib -p fjall` to apply 1 suggestion)
   Compiling cyber-tok v0.1.1 (/private/tmp/cyber-file-storage-audit-20260924/tok/rs)
   Compiling foculus v0.1.3 (/private/tmp/cyber-file-storage-audit-20260924/foculus)
   Compiling cybergraph v0.1.1 (/private/tmp/cyber-file-storage-audit-20260924/cybergraph)
    Finished `test` profile [unoptimized + debuginfo] target(s) in 12.30s
     Running tests/applications.rs (target/debug/deps/applications-f02bd78e3b486677)

running 6 tests
test noncanonical_atoms_and_child_particles_do_not_get_normalized ... ok
test retained_application_references_are_required_and_fingerprint_binds_claims ... ok
test missing_closure_and_application_rejection_publish_nothing ... ok
test fresh_publication_allows_one_winner_even_after_both_preflight_reads ... ok
test application_views_share_one_database_owner_and_receipts ... ok
test corruption_is_reported_on_read_without_reinitializing_history ... ok

test result: ok. 6 passed; 0 failed; 0 ignored; 0 measured; 0 filtered out; finished in 3.17s

     Running tests/text_archive.rs (target/debug/deps/text_archive-9842f4d256ee60d1)

running 3 tests
test a_bad_late_line_or_truncated_tail_imports_no_prefix ... ok
test durable_observations_keep_original_particles_dates_and_request_conflicts ... ok
test legacy_lines_keep_duplicates_raw_bytes_and_unknown_dates_across_retry ... ok

test result: ok. 3 passed; 0 failed; 0 ignored; 0 measured; 0 filtered out; finished in 2.09s

     Running tests/text_archive_boundaries.rs (target/debug/deps/text_archive_boundaries-a418d4042fc3d20a)

running 4 tests
test shared_database_failure_never_reports_completed_import_and_reopen_can_retry ... ok
test maximum_utf8_text_survives_reopen_and_oversize_changes_nothing ... ok
test late_valid_json_that_exceeds_atomic_content_budget_imports_no_prefix ... ok
test multi_transaction_source_preflights_projection_and_fences_concurrent_capacity has been running for over 60 seconds
error: test failed, to rerun pass `--test text_archive_boundaries`

Caused by:
  process didn't exit successfully: `/private/tmp/cyber-file-storage-audit-20260924/cybergraph/target/debug/deps/text_archive_boundaries-a418d4042fc3d20a` (signal: 15, SIGTERM: termination signal)
