warning: constant `PAIR_SIZE` is never used
  --> /private/tmp/cyber-file-storage-audit-20260924/radio/cyber-bao/src/io/encode.rs:19:7
   |
19 | const PAIR_SIZE: usize = OUTPUT_BYTES * 2;
   |       ^^^^^^^^^
   |
   = note: `#[warn(dead_code)]` (part of `#[warn(unused)]`) on by default

warning: constant `PAIR_SIZE` is never used
  --> /private/tmp/cyber-file-storage-audit-20260924/radio/cyber-bao/src/io/outboard.rs:15:7
   |
15 | const PAIR_SIZE: usize = OUTPUT_BYTES * 2;
   |       ^^^^^^^^^

warning: constant `PAIR_SIZE` is never used
  --> /private/tmp/cyber-file-storage-audit-20260924/radio/cyber-bao/src/io/slice.rs:18:7
   |
18 | const PAIR_SIZE: usize = OUTPUT_BYTES * 2;
   |       ^^^^^^^^^

warning: `cyber-bao` (lib) generated 3 warnings
   Compiling file-storage-audit-probe v0.0.0 (/private/tmp/cyber-file-storage-audit-20260924/verified-script)
    Finished `dev` profile [unoptimized + debuginfo] target(s) in 1.50s
     Running `/tmp/cyber-file-storage-audit-20260924/reproduced/target/debug/file-storage-audit-probe`
identity len=0 particle=a67a71b221e6bdd6442a20432bf5d74c885d89e5dfbeec3ec4e334cb806d563c radio_bao=ea57b2e6b1ec7d2de11b15cb6d7060dd61d247fe0fbf5f7d3fb97a7be9328552 equal=false
identity len=5 particle=8e56cb5659dd65c5926f5ff6faeead9b18ab6162535e6c6d8d34fa6cd6267058 radio_bao=7cd24418aeaa037347be97109f005677eca5bc8d30505835008b9fd6b48668ac equal=false
identity len=4096 particle=a7436df8040be6c830d282bcc156f99eb6c784496d65c5c6c3ba0f6740809a1d radio_bao=f73be8c8223813c81e4e11155f21e683d5ccb9ca30877f15208354c038dfbbd5 equal=false
identity len=4097 particle=df8c5d0ae8d883f813cfdc4e25ae9f667902584804921328dd70022a65e19efb radio_bao=2a1d37595fe3f768e13821408f76d88bb15e44e4d1d602fd0e0863d54fea5f96 equal=false
identity len=65537 particle=c44d9ab97972fb8df80225e579a54c5f8461e5bc4c01969d243c1c16a4362334 radio_bao=0b941d1fd17c2ea5ff04bfd188f0a3ab8d7dd58cf1b3669461162f7c7588be04 equal=false
normal text roundtrip=true
substituted bytes accepted under original particle=true
unicode hex panic=false

thread 'main' (8107697) panicked at src/content.rs:123:36:
end byte index 2 is not a char boundary; it is inside 'é' (bytes 1..3) of `aé0000000000000000000000000000000000000000000000000000000000000`
note: run with `RUST_BACKTRACE=1` environment variable to display a backtrace
misaligned utf8 hash panics=true
write-to-directory error reported=false
standard JSON tab escape is misdecoded=true
