   Compiling proc-macro2 v1.0.106
   Compiling unicode-ident v1.0.22
   Compiling quote v1.0.44
   Compiling libc v0.2.180
   Compiling serde_core v1.0.228
   Compiling serde v1.0.228
   Compiling cfg-if v1.0.4
   Compiling pin-project-lite v0.2.16
   Compiling portable-atomic v1.13.1
   Compiling critical-section v1.2.0
   Compiling parking_lot_core v0.9.12
   Compiling futures-core v0.3.31
   Compiling scopeguard v1.2.0
   Compiling itoa v1.0.17
   Compiling log v0.4.29
   Compiling cfg_aliases v0.2.1
   Compiling memchr v2.7.6
   Compiling getrandom v0.3.4
   Compiling futures-io v0.3.31
   Compiling stable_deref_trait v1.2.1
   Compiling lock_api v0.4.14
   Compiling find-msvc-tools v0.1.9
   Compiling shlex v1.3.0
   Compiling slab v0.4.12
   Compiling futures-sink v0.3.31
   Compiling equivalent v1.0.2
   Compiling pin-utils v0.1.0
   Compiling cc v1.2.55
   Compiling futures-channel v0.3.31
   Compiling fnv v1.0.7
   Compiling futures-task v0.3.31
   Compiling subtle v2.6.1
   Compiling bitflags v2.10.0
   Compiling semver v1.0.27
   Compiling writeable v0.6.2
   Compiling rustversion v1.0.22
   Compiling untrusted v0.9.0
   Compiling rustc_version v0.4.1
   Compiling litemap v0.8.1
   Compiling zerocopy v0.8.39
   Compiling icu_properties_data v2.1.2
   Compiling foldhash v0.2.0
   Compiling allocator-api2 v0.2.21
   Compiling icu_normalizer_data v2.1.1
   Compiling thiserror v2.0.18
   Compiling percent-encoding v2.3.2
   Compiling rustls v0.23.36
   Compiling hashbrown v0.16.1
   Compiling unicode-segmentation v1.12.0
   Compiling unicode-xid v0.2.6
   Compiling strsim v0.11.1
   Compiling indexmap v2.13.0
   Compiling convert_case v0.10.0
   Compiling base64 v0.22.1
   Compiling form_urlencoded v1.2.2
   Compiling utf8_iter v1.0.4
   Compiling ring v0.17.14
   Compiling powerfmt v0.2.0
   Compiling fastrand v2.3.0
   Compiling typenum v1.19.0
   Compiling const-oid v0.10.2
   Compiling deranged v0.5.5
   Compiling num-conv v0.2.0
   Compiling ident_case v1.0.1
   Compiling time-core v0.1.8
   Compiling atomic-waker v1.1.2
   Compiling ipnet v2.11.0
   Compiling heck v0.5.0
   Compiling base64ct v1.8.3
   Compiling httparse v1.10.1
   Compiling pem-rfc7468 v1.0.0
   Compiling parking v2.2.1
   Compiling anyhow v1.0.101
   Compiling tinyvec_macros v0.1.1
   Compiling objc2 v0.6.3
   Compiling tinyvec v1.10.0
   Compiling futures-lite v2.6.1
   Compiling try-lock v0.2.5
   Compiling tower-service v0.3.3
   Compiling syn v2.0.114
   Compiling libm v0.2.16
   Compiling objc2-encode v4.1.0
   Compiling httpdate v1.0.3
   Compiling errno v0.3.14
   Compiling socket2 v0.6.2
   Compiling mio v1.1.1
   Compiling signal-hook-registry v1.4.8
   Compiling getrandom v0.2.17
   Compiling rand_core v0.9.5
   Compiling socket2 v0.5.10
   Compiling want v0.3.1
   Compiling once_cell v1.21.3
   Compiling heapless v0.7.17
   Compiling curve25519-dalek v5.0.0-pre.1
   Compiling tracing-core v0.1.36
   Compiling winnow v0.7.14
   Compiling core-foundation-sys v0.8.7
   Compiling version_check v0.9.5
   Compiling byteorder v1.5.0
   Compiling cordyceps v0.3.4
   Compiling spin v0.10.0
   Compiling diatomic-waker v0.2.3
   Compiling hash32 v0.2.1
   Compiling vergen-lib v9.1.0
   Compiling futures-buffered v0.2.12
   Compiling cpufeatures v0.2.17
   Compiling time v0.3.47
   Compiling sync_wrapper v1.0.2
   Compiling n0-future v0.3.2
   Compiling signature v3.0.0-rc.10
   Compiling toml_datetime v0.7.5+spec-1.1.0
   Compiling data-encoding v2.10.0
   Compiling toml_parser v1.0.6+spec-1.1.0
   Compiling syn v1.0.109
   Compiling synstructure v0.13.2
   Compiling darling_core v0.20.11
   Compiling crossbeam-utils v0.8.21
   Compiling siphasher v1.0.2
   Compiling toml_edit v0.23.10+spec-1.0.0
   Compiling serde_derive v1.0.228
   Compiling tokio-macros v2.6.0
   Compiling zeroize_derive v1.4.3
   Compiling futures-macro v0.3.31
   Compiling zerofrom-derive v0.1.6
   Compiling tracing-attributes v0.1.31
   Compiling zeroize v1.8.2
   Compiling yoke-derive v0.8.1
   Compiling futures-util v0.3.31
   Compiling zerovec-derive v0.11.2
   Compiling zerofrom v0.1.6
   Compiling displaydoc v0.2.5
   Compiling tracing v0.1.44
   Compiling ppv-lite86 v0.2.21
   Compiling thiserror-impl v2.0.18
   Compiling rand_chacha v0.9.0
   Compiling derive_more-impl v2.1.1
   Compiling rand v0.9.2
   Compiling hybrid-array v0.4.7
   Compiling darling_macro v0.20.11
   Compiling n0-error-macros v0.1.3
   Compiling spez v0.1.2
   Compiling darling v0.20.11
   Compiling crypto-common v0.2.0
   Compiling block-buffer v0.11.0
   Compiling n0-error v0.1.3
   Compiling pin-project-internal v1.1.10
   Compiling digest v0.11.0-rc.10
   Compiling derive_more v2.1.1
   Compiling pin-project v1.1.10
   Compiling dispatch2 v0.3.0
   Compiling fastbloom v0.14.1
   Compiling block2 v0.6.2
   Compiling sha2 v0.11.0-rc.2
   Compiling async-trait v0.1.89
   Compiling postcard-derive v0.2.2
   Compiling enum-assoc v1.3.0
   Compiling vergen-lib v0.1.6
   Compiling vergen v9.1.0
   Compiling cyber-radio-quinn-udp v0.1.0 (/private/tmp/cyber-file-storage-audit-20260924/radio/quinn/quinn-udp)
   Compiling identity-hash v0.1.0
   Compiling rustc-hash v2.1.1
   Compiling sorted-index-buffer v0.2.1
   Compiling lru-slab v0.1.2
   Compiling tower-layer v0.3.3
   Compiling ryu v1.0.22
   Compiling rustls-pki-types v1.14.0
   Compiling rustls-webpki v0.103.9
   Compiling yoke v0.8.1
   Compiling der v0.8.0-rc.10
   Compiling spki v0.8.0-rc.4
   Compiling objc2-core-foundation v0.3.2
   Compiling proc-macro-crate v3.4.0
   Compiling pkcs8 v0.11.0-rc.10
   Compiling vergen-gitcl v1.0.8
   Compiling proc-macro-error-attr v0.4.12
   Compiling num_threads v0.1.7
   Compiling regex-syntax v0.8.9
   Compiling smallvec v1.15.1
   Compiling bytes v1.11.1
   Compiling parking_lot v0.12.5
   Compiling cobs v0.3.0
   Compiling http v1.4.0
   Compiling tokio v1.49.0
   Compiling ed25519 v3.0.0-rc.4
   Compiling derive_builder_core v0.20.2
   Compiling http-body v1.0.1
   Compiling postcard v1.1.3
   Compiling http-body-util v0.1.3
   Compiling derive_builder_macro v0.20.2
   Compiling ed25519-dalek v3.0.0-pre.1
   Compiling objc2-security v0.3.2
   Compiling derive_builder v0.20.2
   Compiling syn-mid v0.5.4
   Compiling webpki-roots v1.0.6
   Compiling enum-as-inner v0.6.1
   Compiling proc-macro-error v0.4.12
   Compiling security-framework-sys v2.15.0
   Compiling core-foundation v0.10.1
   Compiling lz4-sys v1.11.1+lz4-1.10.0
   Compiling quick-xml v0.38.4
   Compiling autocfg v1.5.0
   Compiling proc-macro-hack v0.5.20+deprecated
   Compiling litrs v1.0.0
   Compiling iri-string v0.7.10
   Compiling rustix v1.1.3
   Compiling document-features v0.2.12
   Compiling plist v1.8.0
   Compiling num-traits v0.2.19
   Compiling security-framework v3.5.1
   Compiling objc2-system-configuration v0.3.2
   Compiling regex-automata v0.4.14
   Compiling serde_urlencoded v0.7.1
   Compiling num_enum_derive v0.7.5
   Compiling crossbeam-channel v0.5.15
   Compiling crossbeam-epoch v0.9.18
   Compiling futures-executor v0.3.31
   Compiling iroh-metrics-derive v0.4.1
   Compiling uuid v1.20.0
   Compiling acto v0.8.0
   Compiling iroh-quinn-udp v0.8.0
   Compiling cyber-radio-quinn v0.1.0 (/private/tmp/cyber-file-storage-audit-20260924/radio/quinn/quinn)
   Compiling pkarr v5.0.2
   Compiling cyber-radio-netwatch v0.1.0 (/private/tmp/cyber-file-storage-audit-20260924/radio/nettools/netwatch)
   Compiling base32 v0.5.1
   Compiling mac-addr v0.3.0
   Compiling lazy_static v1.5.0
   Compiling tagptr v0.2.0
   Compiling ref-cast v1.0.25
   Compiling xml-rs v0.8.28
   Compiling utf8parse v0.2.2
   Compiling anstyle-parse v0.2.7
   Compiling moka v0.12.13
   Compiling zerovec v0.11.5
   Compiling zerotrie v0.2.3
   Compiling xmltree v0.10.3
   Compiling netdev v0.40.0
   Compiling sharded-slab v0.1.7
   Compiling ntimestamp v1.0.0
   Compiling iroh-metrics v0.38.2
   Compiling tokio-util v0.7.18
   Compiling tokio-rustls v0.26.4
   Compiling h2 v0.4.13
   Compiling tokio-stream v0.1.18
   Compiling tower v0.5.3
   Compiling tower-http v0.6.8
   Compiling n0-watcher v0.6.1
   Compiling cyber-radio-relay v0.1.0 (/private/tmp/cyber-file-storage-audit-20260924/radio/iroh-relay)
   Compiling async-compat v0.2.5
   Compiling matchers v0.2.0
   Compiling futures v0.3.31
   Compiling num_enum v0.7.5
   Compiling rustls-platform-verifier v0.6.2
   Compiling hyper v1.8.1
   Compiling hyper-util v0.1.20
   Compiling cyber-radio-quinn-proto v0.1.0 (/private/tmp/cyber-file-storage-audit-20260924/radio/quinn/quinn-proto)
   Compiling cyber-hemera v0.3.1 (/private/tmp/cyber-file-storage-audit-20260924/hemera/rs)
   Compiling strum_macros v0.27.2
   Compiling tinystr v0.8.2
   Compiling icu_locale_core v2.1.1
   Compiling potential_utf v0.1.4
   Compiling icu_collections v2.1.1
   Compiling ref-cast-impl v1.0.25
   Compiling hyper-rustls v0.27.7
   Compiling structmeta-derive v0.3.0
   Compiling tracing-log v0.2.0
   Compiling lru v0.16.3
   Compiling simple-dns v0.9.3
   Compiling thread_local v1.1.9
   Compiling iroh-quinn v0.16.1
   Compiling smol_str v0.1.24
   Compiling resolv-conf v0.7.6
   Compiling zmij v1.0.19
   Compiling anstyle v1.0.13
   Compiling icu_provider v2.1.1
   Compiling sha1_smol v1.0.1
   Compiling simdutf8 v0.1.5
   Compiling dyn-clone v1.0.20
   Compiling icu_normalizer v2.1.1
   Compiling icu_properties v2.1.2
   Compiling self_cell v1.2.2
   Compiling nu-ansi-term v0.50.3
   Compiling colorchoice v1.0.4
   Compiling is_terminal_polyfill v1.70.2
   Compiling anstyle-query v1.1.5
   Compiling tokio-websockets v0.12.3
   Compiling tracing-subscriber v0.3.22
   Compiling structmeta v0.3.0
   Compiling anstream v0.6.21
   Compiling lz4 v1.28.1
   Compiling strum v0.27.2
   Compiling idna_adapter v1.2.1
   Compiling idna v1.1.0
   Compiling tempfile v3.24.0
   Compiling iroh-quinn-proto v0.15.1
   Compiling url v2.5.8
   Compiling inplace-vec-builder v0.1.1
   Compiling yasna v0.5.2
   Compiling seize v0.5.1
   Compiling hickory-proto v0.25.2
   Compiling reqwest v0.12.28
   Compiling attohttpc v0.30.1
   Compiling cyber-radio-base v0.1.1 (/private/tmp/cyber-file-storage-audit-20260924/radio/iroh-base)
   Compiling wait-timeout v0.2.1
   Compiling serde_bytes v0.11.19
   Compiling pem v3.0.6
   Compiling igd-next v0.16.2
   Compiling cyber-radio v0.1.0 (/private/tmp/cyber-file-storage-audit-20260924/radio/iroh)
   Compiling z32 v1.3.0
   Compiling bit-vec v0.8.0
   Compiling binary-merge v0.1.2
   Compiling serde_json v1.0.149
   Compiling redb v2.6.3
   Compiling clap_lex v0.7.7
   Compiling genawaiter-proc-macro v0.99.1
   Compiling compression-core v0.4.31
   Compiling genawaiter-macro v0.99.1
   Compiling quick-error v1.2.3
   Compiling compression-codecs v0.4.37
   Compiling rusty-fork v0.3.1
   Compiling clap_builder v4.5.57
   Compiling derive-ex v0.1.8
   Compiling bit-set v0.8.0
   Compiling rcgen v0.14.7
   Compiling papaya v0.2.3
   Compiling range-collections v0.4.6
   Compiling iroh-base v0.96.1
   Compiling backon v1.6.0
   Compiling iroh-io v0.6.2
   Compiling irpc-derive v0.9.0
   Compiling clap_derive v4.5.55
   Compiling tracing-test-macro v0.2.6
   Compiling iana-time-zone v0.1.65
   Compiling rand_xorshift v0.4.0
   Compiling iroh-blobs v0.98.0 (/private/tmp/cyber-file-storage-audit-20260924/radio/iroh-blobs)
   Compiling same-file v1.0.6
   Compiling unarray v0.1.4
   Compiling tracing-test v0.2.6
   Compiling chrono v0.4.43
   Compiling proptest v1.10.0
   Compiling walkdir v2.5.0
   Compiling iroh-tickets v0.3.0
   Compiling test-strategy v0.4.5
   Compiling async-compression v0.4.40
   Compiling iroh-test v0.31.0
   Compiling serde_test v1.0.177
   Compiling clap v4.5.57
   Compiling nested_enum_utils v0.2.3
   Compiling reflink-copy v0.1.28
   Compiling atomic_refcell v0.1.13
   Compiling testresult v0.4.1
   Compiling hex v0.4.3
   Compiling arrayvec v0.7.6
   Compiling concat_const v0.2.0
   Compiling irpc v0.12.0
   Compiling cyber-radio-portmapper v0.1.0 (/private/tmp/cyber-file-storage-audit-20260924/radio/nettools/portmapper)
   Compiling genawaiter v0.99.1
   Compiling hickory-resolver v0.25.2
   Compiling swarm-discovery v0.5.0
   Compiling cyber-bao v0.1.0 (/private/tmp/cyber-file-storage-audit-20260924/radio/cyber-bao)
warning: constant `PAIR_SIZE` is never used
  --> cyber-bao/src/io/encode.rs:19:7
   |
19 | const PAIR_SIZE: usize = OUTPUT_BYTES * 2;
   |       ^^^^^^^^^
   |
   = note: `#[warn(dead_code)]` (part of `#[warn(unused)]`) on by default

warning: constant `PAIR_SIZE` is never used
  --> cyber-bao/src/io/outboard.rs:15:7
   |
15 | const PAIR_SIZE: usize = OUTPUT_BYTES * 2;
   |       ^^^^^^^^^

warning: constant `PAIR_SIZE` is never used
  --> cyber-bao/src/io/slice.rs:18:7
   |
18 | const PAIR_SIZE: usize = OUTPUT_BYTES * 2;
   |       ^^^^^^^^^

warning: `cyber-bao` (lib) generated 3 warnings
    Finished `test` profile [unoptimized + debuginfo] target(s) in 1m 14s
     Running unittests src/lib.rs (target/debug/deps/iroh_blobs-2dc1a2284e09234b)

running 1 test
test store::fs::tests::test_import_bytes_persistence_full ... ok

test result: ok. 1 passed; 0 failed; 0 ignored; 0 measured; 98 filtered out; finished in 34.44s
