warning: constant `PAIR_SIZE` is never used
  --> cyber-bao/src/io/encode.rs:19:7
   |
19 | const PAIR_SIZE: usize = OUTPUT_BYTES * 2;
   |       ^^^^^^^^^
   |
   = note: `#[warn(dead_code)]` (part of `#[warn(unused)]`) on by default

warning: constant `PAIR_SIZE` is never used
  --> cyber-bao/src/io/outboard.rs:15:7
   |
15 | const PAIR_SIZE: usize = OUTPUT_BYTES * 2;
   |       ^^^^^^^^^

warning: constant `PAIR_SIZE` is never used
  --> cyber-bao/src/io/slice.rs:18:7
   |
18 | const PAIR_SIZE: usize = OUTPUT_BYTES * 2;
   |       ^^^^^^^^^

warning: `cyber-bao` (lib) generated 3 warnings
    Finished `test` profile [unoptimized + debuginfo] target(s) in 0.22s
     Running unittests src/lib.rs (target/debug/deps/iroh_blobs-2dc1a2284e09234b)

running 1 test
test store::fs::tests::test_import_bao_minimal ... ok

test result: ok. 1 passed; 0 failed; 0 ignored; 0 measured; 98 filtered out; finished in 0.16s
