    Blocking waiting for file lock on package cache
    Blocking waiting for file lock on package cache
warning: field `journal_recovery_mode` is never read
  --> vendor/fjall/src/config.rs:49:16
   |
14 | pub struct Config {
   |            ------ field in this struct
...
49 |     pub(crate) journal_recovery_mode: RecoveryMode,
   |                ^^^^^^^^^^^^^^^^^^^^^
   |
   = note: `Config` has a derived impl for the trait `Clone`, but this is intentionally ignored during dead code analysis
   = note: `#[warn(dead_code)]` (part of `#[warn(unused)]`) on by default

warning: method `outstanding_flushes` is never used
  --> vendor/fjall/src/stats.rs:26:12
   |
25 | impl Stats {
   | ---------- method in this implementation
26 |     pub fn outstanding_flushes(&self) -> usize {
   |            ^^^^^^^^^^^^^^^^^^^

warning: hiding a lifetime that's elided elsewhere is confusing
  --> vendor/fjall/src/tx/keyspace.rs:42:21
   |
42 |     pub fn write_tx(&self) -> WriteTransaction {
   |                     ^^^^^     ^^^^^^^^^^^^^^^^ the same lifetime is hidden here
   |                     |
   |                     the lifetime is elided here
   |
   = help: the same lifetime is referred to in inconsistent ways, making the signature confusing
   = note: `#[warn(mismatched_lifetime_syntaxes)]` on by default
help: use `'_` for type paths
   |
42 |     pub fn write_tx(&self) -> WriteTransaction<'_> {
   |                                               ++++

warning: `fjall` (lib) generated 3 warnings (run `cargo fix --lib -p fjall` to apply 1 suggestion)
   Compiling bbg v0.3.0 (/Users/master/cyber/bbg/rs)
    Finished `test` profile [unoptimized + debuginfo] target(s) in 3.26s
     Running tests/application_migration.rs (rs/target/debug/deps/application_migration-b6ba96b96bc4f00d)

running 13 tests
test an_import_guard_blocks_open_even_before_the_destination_exists ... ok
test parent_aliases_check_the_same_guard_for_an_absent_destination ... ok
test path_aliases_cannot_bypass_a_guard_before_the_first_database_marker ... ok
test missing_or_unknown_tables_are_rejected_before_destination_creation ... ok
test existing_destinations_are_refused_and_legacy_open_preserves_file_bytes ... ok
test migration_requires_exclusive_access_to_the_source ... ok
test integrity::successful_receipt_validation_removes_its_temporary_reverse_index ... ok
test integrity::an_empty_legacy_application_database_can_migrate_and_accept_its_first_write ... ok
test integrity::duplicate_receipts_cannot_cover_another_missing_history_entry ... ok
test integrity::missing_all_or_one_receipt_prevents_migration_completion ... ok
test dangling_history_and_receipts_cannot_complete_migration ... ok
test migration_preserves_paged_history_retries_claims_and_the_usable_source ... ok
test malformed_records_leave_a_sealed_destination ... ok

test result: ok. 13 passed; 0 failed; 0 ignored; 0 measured; 0 filtered out; finished in 21.79s

