    Blocking waiting for file lock on package cache
    Blocking waiting for file lock on package cache
    Blocking waiting for file lock on package cache
    Checking toml_edit v0.20.2
    Checking zheng v0.4.0 (/Users/master/cyber/zheng/rs)
warning: field `journal_recovery_mode` is never read
  --> /Users/master/cyber/bbg/rs/vendor/fjall/src/config.rs:49:16
   |
14 | pub struct Config {
   |            ------ field in this struct
...
49 |     pub(crate) journal_recovery_mode: RecoveryMode,
   |                ^^^^^^^^^^^^^^^^^^^^^
   |
   = note: `Config` has a derived impl for the trait `Clone`, but this is intentionally ignored during dead code analysis
   = note: `#[warn(dead_code)]` (part of `#[warn(unused)]`) on by default

warning: method `outstanding_flushes` is never used
  --> /Users/master/cyber/bbg/rs/vendor/fjall/src/stats.rs:26:12
   |
25 | impl Stats {
   | ---------- method in this implementation
26 |     pub fn outstanding_flushes(&self) -> usize {
   |            ^^^^^^^^^^^^^^^^^^^

warning: hiding a lifetime that's elided elsewhere is confusing
  --> /Users/master/cyber/bbg/rs/vendor/fjall/src/tx/keyspace.rs:42:21
   |
42 |     pub fn write_tx(&self) -> WriteTransaction {
   |                     ^^^^^     ^^^^^^^^^^^^^^^^ the same lifetime is hidden here
   |                     |
   |                     the lifetime is elided here
   |
   = help: the same lifetime is referred to in inconsistent ways, making the signature confusing
   = note: `#[warn(mismatched_lifetime_syntaxes)]` on by default
help: use `'_` for type paths
   |
42 |     pub fn write_tx(&self) -> WriteTransaction<'_> {
   |                                               ++++

warning: `fjall` (lib) generated 3 warnings (run `cargo fix --lib -p fjall` to apply 1 suggestion)
    Checking neuron-model v0.1.0 (/Users/master/cyber/neuron/model)
    Checking cyber-mudra v0.1.0 (/Users/master/cyber/mudra)
    Checking bbg v0.3.0 (/Users/master/cyber/bbg/rs)
    Checking neuron-engine v0.1.0 (/Users/master/cyber/neuron/engine)
    Checking neuron-rune v0.1.0 (/Users/master/cyber/neuron/rune)
    Checking toml v0.8.2
    Checking cyber-tru v0.1.1 (/Users/master/cyber/tru/rs)
    Checking cyber-tok v0.1.1 (/Users/master/cyber/tok/rs)
    Checking foculus v0.1.3 (/Users/master/cyber/foculus)
    Checking cybergraph v0.1.1 (/Users/master/cyber/cybergraph)
    Checking neuron-node v0.1.0 (/Users/master/cyber/neuron/node)
    Checking cyb-core v0.1.0 (/Users/master/cyber/cyb/core)
    Finished `dev` profile [unoptimized + debuginfo] target(s) in 4.43s
