warning: field `journal_recovery_mode` is never read
  --> /Users/master/cyber/bbg/rs/vendor/fjall/src/config.rs:49:16
   |
14 | pub struct Config {
   |            ------ field in this struct
...
49 |     pub(crate) journal_recovery_mode: RecoveryMode,
   |                ^^^^^^^^^^^^^^^^^^^^^
   |
   = note: `Config` has a derived impl for the trait `Clone`, but this is intentionally ignored during dead code analysis
   = note: `#[warn(dead_code)]` (part of `#[warn(unused)]`) on by default

warning: method `outstanding_flushes` is never used
  --> /Users/master/cyber/bbg/rs/vendor/fjall/src/stats.rs:26:12
   |
25 | impl Stats {
   | ---------- method in this implementation
26 |     pub fn outstanding_flushes(&self) -> usize {
   |            ^^^^^^^^^^^^^^^^^^^

warning: hiding a lifetime that's elided elsewhere is confusing
  --> /Users/master/cyber/bbg/rs/vendor/fjall/src/tx/keyspace.rs:42:21
   |
42 |     pub fn write_tx(&self) -> WriteTransaction {
   |                     ^^^^^     ^^^^^^^^^^^^^^^^ the same lifetime is hidden here
   |                     |
   |                     the lifetime is elided here
   |
   = help: the same lifetime is referred to in inconsistent ways, making the signature confusing
   = note: `#[warn(mismatched_lifetime_syntaxes)]` on by default
help: use `'_` for type paths
   |
42 |     pub fn write_tx(&self) -> WriteTransaction<'_> {
   |                                               ++++

   Compiling inf-value v0.1.0 (/Users/master/cyber/inf/rs/value)
warning: `fjall` (lib) generated 3 warnings (run `cargo fix --lib -p fjall` to apply 1 suggestion)
   Compiling bbg v0.3.0 (/Users/master/cyber/bbg/rs)
   Compiling cyber-mudra v0.1.0 (/Users/master/cyber/mudra)
   Compiling inf-source v0.1.0 (/Users/master/cyber/inf/rs/source)
   Compiling inf-eval v0.1.0 (/Users/master/cyber/inf/rs/eval)
   Compiling foculus v0.1.3 (/Users/master/cyber/foculus)
   Compiling cybergraph v0.1.1 (/Users/master/cyber/cybergraph)
   Compiling neuron-node v0.1.0 (/Users/master/cyber/neuron/node)
   Compiling soma-agent v0.1.0 (/Users/master/cyber/soma/agent)
   Compiling cyb-core v0.1.0 (/Users/master/cyber/cyb/core)
    Finished `test` profile [unoptimized + debuginfo] target(s) in 5.29s
     Running tests/graph_migration.rs (target/debug/deps/graph_migration-7ce78dd8d556ab7e)

running 5 tests
test native_and_neuron_publish_into_one_database_without_clobbering ... ok
test durable_wallet_credit_retry_conflict_and_overflow_are_atomic ... ok
test text_sidecar_moves_into_shared_database_and_retires_its_writer_path ... ok
test signal_view_keeps_network_and_proof_and_reports_bad_batches ... ok
test strict_legacy_import_preserves_source_multi_neuron_headers_and_rejects_damage ... ok

test result: ok. 5 passed; 0 failed; 0 ignored; 0 measured; 0 filtered out; finished in 5.68s

