   Compiling proc-macro2 v1.0.107
   Compiling quote v1.0.47
   Compiling unicode-ident v1.0.24
   Compiling version_check v0.9.5
   Compiling semver v1.0.28
    Checking memchr v2.8.3
    Checking pin-project-lite v0.2.17
   Compiling wasm-bindgen-shared v0.2.127
   Compiling serde_core v1.0.229
   Compiling rustversion v1.0.23
    Checking futures-core v0.3.33
   Compiling thiserror v2.0.20
    Checking futures-sink v0.3.33
    Checking cfg-if v1.0.4
    Checking futures-task v0.3.33
    Checking futures-io v0.3.33
   Compiling bumpalo v3.20.3
    Checking slab v0.4.12
   Compiling serde v1.0.229
    Checking once_cell v1.21.4
    Checking futures-channel v0.3.33
    Checking stable_deref_trait v1.2.1
    Checking zeroize v1.9.0
    Checking typenum v1.20.1
   Compiling rustc_version v0.4.1
    Checking subtle v2.6.1
   Compiling unicode-segmentation v1.13.3
    Checking const-oid v0.9.6
    Checking litemap v0.8.2
    Checking writeable v0.6.3
   Compiling libc v0.2.189
   Compiling generic-array v0.14.7
   Compiling proc-macro2-diagnostics v0.10.1
    Checking utf8_iter v1.0.4
   Compiling zmij v1.0.23
    Checking or_poisoned v0.1.0
   Compiling unicode-xid v0.2.6
   Compiling convert_case v0.11.0
   Compiling paste v1.0.15
   Compiling icu_normalizer_data v2.2.0
   Compiling icu_properties_data v2.2.0
   Compiling smallvec v1.15.2
   Compiling slotmap v1.1.1
    Checking event-listener v5.4.2
    Checking throw_error v0.3.1
   Compiling anyhow v1.0.104
   Compiling camino v1.2.5
    Checking itoa v1.0.18
   Compiling serde_json v1.0.151
   Compiling konst_macro_rules v0.2.19
    Checking equivalent v1.0.2
    Checking hashbrown v0.17.1
   Compiling konst v0.2.20
    Checking event-listener-strategy v0.5.4
    Checking indexmap v2.14.0
   Compiling reactive_graph v0.2.14
   Compiling server_fn_macro v0.8.10
    Checking send_wrapper v0.6.0
    Checking rand_core v0.6.4
    Checking async-lock v3.4.2
    Checking guardian v1.3.0
    Checking rustc-hash v2.1.3
   Compiling syn v2.0.119
   Compiling syn v3.0.3
   Compiling proc-macro-error-attr2 v2.0.0
   Compiling wasm-bindgen v0.2.127
   Compiling const_format_proc_macros v0.2.34
   Compiling proc-macro-utils v0.10.0
   Compiling xxhash-rust v0.8.18
    Checking percent-encoding v2.3.2
   Compiling thiserror v1.0.69
   Compiling const_format v0.2.36
    Checking block-buffer v0.10.4
    Checking crypto-common v0.1.7
    Checking either v1.17.0
    Checking digest v0.10.7
    Checking itertools v0.14.0
   Compiling synstructure v0.13.2
   Compiling wasm-bindgen-macro-support v0.2.127
   Compiling proc-macro-error2 v2.0.1
   Compiling manyhow-macros v0.11.4
   Compiling tachys v0.2.18
   Compiling thiserror-impl v2.0.20
   Compiling serde_derive v1.0.229
   Compiling displaydoc v0.2.7
   Compiling futures-macro v0.3.33
   Compiling zerofrom-derive v0.1.7
   Compiling yoke-derive v0.8.2
   Compiling zerovec-derive v0.11.3
    Checking futures-util v0.3.33
   Compiling derive-where v1.6.1
   Compiling quote-use-macros v0.8.4
    Checking zerofrom v0.1.8
   Compiling thiserror-impl v1.0.69
   Compiling wasm-bindgen-macro v0.2.127
   Compiling pin-project-internal v1.1.13
    Checking der v0.7.10
    Checking winnow v1.0.4
   Compiling prettyplease v0.2.37
   Compiling yansi v1.0.1
    Checking bytes v1.12.1
   Compiling getrandom v0.4.3
    Checking toml_parser v1.1.3+spec-1.1.0
    Checking http v1.5.0
   Compiling quote-use v0.8.4
    Checking pin-project v1.1.13
    Checking either_of v0.1.9
   Compiling syn_derive v0.2.0
   Compiling reactive_stores_macro v0.4.3
   Compiling async-trait v0.1.92
   Compiling manyhow v0.11.4
   Compiling cpufeatures v0.2.17
    Checking form_urlencoded v1.2.2
    Checking toml_datetime v1.1.1+spec-1.1.0
    Checking serde_spanned v1.1.1
    Checking ff v0.13.1
   Compiling server_fn v0.8.13
    Checking aho-corasick v1.1.5
    Checking yoke v0.8.3
    Checking futures-executor v0.3.33
    Checking futures v0.3.33
    Checking base64 v0.22.1
   Compiling collection_literals v1.0.3
    Checking const_str_slice_concat v0.1.0
   Compiling same-file v1.0.6
    Checking base16ct v0.2.0
    Checking next_tuple v0.1.0
    Checking html-escape v0.2.15
    Checking hydration_context v0.3.1
    Checking oco_ref v0.2.1
    Checking erased v0.1.2
   Compiling interpolator v0.5.0
    Checking drain_filter_polyfill v0.1.3
    Checking regex-syntax v0.8.11
    Checking serde_qs v0.15.0
    Checking convert_case v0.6.0
    Checking sec1 v0.7.3
   Compiling walkdir v2.5.0
    Checking group v0.13.0
    Checking toml v1.1.4+spec-1.1.0
   Compiling sha2 v0.10.9
   Compiling rstml v0.12.1
   Compiling server_fn_macro_default v0.8.5
    Checking regex-automata v0.4.18
   Compiling typed-builder-macro v0.23.2
    Checking hmac v0.12.1
    Checking crypto-bigint v0.5.5
   Compiling leptos_macro v0.8.17
   Compiling base16 v0.2.1
    Checking const-str v1.1.0
    Checking pathdiff v0.2.3
    Checking config v0.15.25
   Compiling wasm_split_macros v0.2.2
    Checking typed-builder v0.23.2
    Checking regex v1.13.1
    Checking elliptic-curve v0.13.8
    Checking rfc6979 v0.4.0
   Compiling uuid v1.24.0
    Checking codee v0.3.5
    Checking spki v0.7.3
    Checking signature v2.2.0
   Compiling convert_case_extras v0.2.0
   Compiling leptos v0.8.20
    Checking async-once-cell v0.5.4
    Checking ecdsa v0.16.9
    Checking wasm_split_helpers v0.2.3
   Compiling leptos_router v0.8.15
    Checking k256 v0.13.4
   Compiling leptos_router_macro v0.8.6
   Compiling attribute-derive-macro v0.10.5
    Checking ripemd v0.1.3
    Checking cyber-hemera v0.3.1 (/Users/master/cyber/hemera/rs)
    Checking neuron-id v0.1.0 (/Users/master/cyber/neuron/id)
    Checking bech32 v0.11.1
   Compiling attribute-derive v0.10.5
    Checking cyber-mudra v0.1.0 (/Users/master/cyber/mudra)
    Checking zerovec v0.11.6
    Checking zerotrie v0.2.4
    Checking js-sys v0.3.104
    Checking console_error_panic_hook v0.1.7
    Checking leptos_config v0.8.10
    Checking tinystr v0.8.3
    Checking potential_utf v0.1.5
    Checking icu_collections v2.2.0
    Checking icu_locale_core v2.2.0
    Checking icu_provider v2.2.0
    Checking leptos_hot_reload v0.8.6
    Checking wasm-bindgen-futures v0.4.77
    Checking web-sys v0.3.104
    Checking getrandom v0.2.17
    Checking icu_normalizer v2.2.0
    Checking icu_properties v2.2.0
    Checking any_spawner v0.3.0
    Checking idna_adapter v1.2.2
    Checking idna v1.1.0
    Checking url v2.5.8
    Checking gloo-utils v0.2.0
    Checking wasm-streams v0.5.0
    Checking gloo-net v0.6.0
    Checking reactive_stores v0.4.3
    Checking leptos_server v0.8.7
    Checking leptos_dom v0.8.8
    Checking cyberia v0.1.0 (/Users/master/cyber/cyberia/research/cyberia-my)
warning: variable does not need to be mutable
   --> src/signal.rs:575:9
    |
575 |     let mut resolve = |s: &str, idmap: &std::collections::HashMap<String, String>| -> String {
    |         ----^^^^^^^
    |         |
    |         help: remove this `mut`
    |
    = note: `#[warn(unused_mut)]` (part of `#[warn(unused)]`) on by default

warning: fields `site`, `center`, and `source` are never read
  --> src/console.rs:24:5
   |
23 | struct MapData {
   |        ------- fields in this struct
24 |     site: String,
   |     ^^^^
25 |     center: [f64; 2],
   |     ^^^^^^
...
37 |     source: String,
   |     ^^^^^^
   |
   = note: `MapData` has derived impls for the traits `Debug` and `Clone`, but these are intentionally ignored during dead code analysis
   = note: `#[warn(dead_code)]` (part of `#[warn(unused)]`) on by default

warning: fields `class` and `blurb` are never read
  --> src/economy.rs:22:9
   |
17 | pub struct GoodDef {
   |            ------- fields in this struct
...
22 |     pub class: &'static str, // energy | matter | labor | digital | food | kit | stay
   |         ^^^^^
23 |     pub blurb: &'static str,
   |         ^^^^^
   |
   = note: `GoodDef` has derived impls for the traits `Debug` and `Clone`, but these are intentionally ignored during dead code analysis

warning: function `market_buy` is never used
   --> src/economy.rs:515:8
    |
515 | pub fn market_buy(order_id: u64, qty: f64) -> Result<String, String> {
    |        ^^^^^^^^^^

warning: function `market_list_sell` is never used
   --> src/economy.rs:550:8
    |
550 | pub fn market_list_sell(good_id: &str, qty: f64, price_cx: f64) -> Result<String, String> {
    |        ^^^^^^^^^^^^^^^^

warning: function `market_cancel` is never used
   --> src/economy.rs:590:8
    |
590 | pub fn market_cancel(order_id: u64) -> Result<String, String> {
    |        ^^^^^^^^^^^^^

warning: field `view_id` is never read
   --> src/erp.rs:143:9
    |
142 | pub struct ViewProjection {
    |            -------------- field in this struct
143 |     pub view_id: String,
    |         ^^^^^^^
    |
    = note: `ViewProjection` has derived impls for the traits `Debug` and `Clone`, but these are intentionally ignored during dead code analysis

warning: fields `site`, `stats`, `districts`, and `domains` are never read
  --> src/land.rs:10:9
   |
 9 | pub struct MapData {
   |            ------- fields in this struct
10 |     pub site: String,
   |         ^^^^
11 |     #[serde(default)]
12 |     pub stats: MapStats,
   |         ^^^^^
...
15 |     pub districts: Vec<LandFlat>,
   |         ^^^^^^^^^
...
19 |     pub domains: Vec<DomainPoint>,
   |         ^^^^^^^
   |
   = note: `MapData` has derived impls for the traits `Debug` and `Clone`, but these are intentionally ignored during dead code analysis

warning: fields `plot_count`, `plot_ha`, and `district_ha` are never read
  --> src/land.rs:54:9
   |
52 | pub struct MapStats {
   |            -------- fields in this struct
53 |     #[serde(default)]
54 |     pub plot_count: u32,
   |         ^^^^^^^^^^
55 |     #[serde(default)]
56 |     pub plot_ha: f64,
   |         ^^^^^^^
57 |     #[serde(default)]
58 |     pub district_ha: f64,
   |         ^^^^^^^^^^^
   |
   = note: `MapStats` has derived impls for the traits `Debug` and `Clone`, but these are intentionally ignored during dead code analysis

warning: variant `FloatDesc` is never constructed
   --> src/states.rs:141:5
    |
135 | enum SortKey {
    |      ------- variant in this enum
...
141 |     FloatDesc,
    |     ^^^^^^^^^
    |
    = note: `SortKey` has derived impls for the traits `Debug` and `Clone`, but these are intentionally ignored during dead code analysis

warning: fields `region`, `currency`, and `cap_b_usd` are never read
   --> src/states.rs:158:5
    |
152 | struct SpokeMock {
    |        --------- fields in this struct
...
158 |     region: String,
    |     ^^^^^^
159 |     currency: String,
    |     ^^^^^^^^
...
172 |     cap_b_usd: f64,
    |     ^^^^^^^^^
    |
    = note: `SpokeMock` has derived impls for the traits `Debug` and `Clone`, but these are intentionally ignored during dead code analysis

warning: `cyberia` (bin "cyberia") generated 11 warnings (run `cargo fix --bin "cyberia" -p cyberia` to apply 1 suggestion)
    Finished `dev` profile [unoptimized + debuginfo] target(s) in 36.93s
warning: the following packages contain code that will be rejected by a future version of Rust: proc-macro-error2 v2.0.1
note: to see what the problems were, use the option `--future-incompat-report`, or run `cargo report future-incompatibilities --id 1`
