     Locking 133 packages to latest compatible versions
      Adding aead v0.5.2
      Adding arrayvec v0.7.8
      Adding base16ct v0.2.0
      Adding base64ct v1.8.3
      Adding bbg v0.3.0 (/Users/master/cyber/bbg/rs)
      Adding bech32 v0.11.1
      Adding bip32 v0.5.3
      Adding bip39 v2.2.2
      Adding bitcoin_hashes v0.14.101
      Adding bitflags v2.13.2
      Adding block-buffer v0.10.4
      Adding bs58 v0.5.1
      Adding byteorder v1.5.0
      Adding byteview v0.6.1
      Adding chacha20 v0.9.1
      Adding chacha20poly1305 v0.10.1
      Adding cipher v0.4.4
      Adding compare v0.0.6
      Adding const-oid v0.9.6
      Adding cpufeatures v0.2.17
      Adding crossbeam-epoch v0.9.21
      Adding crossbeam-skiplist v0.1.3
      Adding crossbeam-utils v0.8.23
      Adding crypto-bigint v0.5.5
      Adding crypto-common v0.1.7
      Adding cyb-core v0.1.0 (/Users/master/cyber/cyb/core)
      Adding cyber-hemera v0.3.1 (/Users/master/cyber/hemera/rs)
      Adding cyber-lens v0.2.0 (/Users/master/cyber/lens/src)
      Adding cyber-lens-assayer v0.2.0 (/Users/master/cyber/lens/assayer)
      Adding cyber-lens-binius v0.1.1 (/Users/master/cyber/lens/binius)
      Adding cyber-lens-brakedown v0.2.0 (/Users/master/cyber/lens/brakedown)
      Adding cyber-lens-core v0.1.2 (/Users/master/cyber/lens/core)
      Adding cyber-lens-ikat v0.2.0 (/Users/master/cyber/lens/ikat)
      Adding cyber-lens-porphyry v0.2.0 (/Users/master/cyber/lens/porphyry)
      Adding cyber-mudra v0.1.0 (/Users/master/cyber/mudra)
      Adding cyber-nox v0.3.0 (/Users/master/cyber/nox/rs)
      Adding cyber-tape v0.1.0 (/Users/master/cyber/tape/impl/rust)
      Adding cyber-tok v0.1.1 (/Users/master/cyber/tok/rs)
      Adding cyber-tru v0.1.1 (/Users/master/cyber/tru/rs)
      Adding cybergraph v0.1.1 (/Users/master/cyber/cybergraph)
      Adding dashmap v6.2.1
      Adding der v0.7.10
      Adding digest v0.10.7
      Adding double-ended-peekable v0.1.0
      Adding ecdsa v0.16.9
      Adding elliptic-curve v0.13.8
      Adding enum_dispatch v0.3.13
      Adding errno v0.3.14
      Adding fastrand v2.5.0
      Adding ff v0.13.1
      Adding fjall v2.11.2 (/Users/master/cyber/bbg/rs/vendor/fjall)
      Adding foculus v0.1.3 (/Users/master/cyber/foculus)
      Adding generic-array v0.14.7 (available: v0.14.9)
      Adding group v0.13.0
      Adding guardian v1.3.0
      Adding hashbrown v0.14.5
      Adding hashbrown v0.16.1
      Adding hex-conservative v0.2.3
      Adding hmac v0.12.1
      Adding inf-ast v0.1.0 (/Users/master/cyber/inf/rs/ast)
      Adding inf-eval v0.1.0 (/Users/master/cyber/inf/rs/eval)
      Adding inf-lex v0.1.0 (/Users/master/cyber/inf/rs/lex)
      Adding inf-parse v0.1.0 (/Users/master/cyber/inf/rs/parse)
      Adding inf-plan v0.1.0 (/Users/master/cyber/inf/rs/plan)
      Adding inf-source v0.1.0 (/Users/master/cyber/inf/rs/source)
      Adding inf-value v0.1.0 (/Users/master/cyber/inf/rs/value)
      Adding inout v0.1.4
      Adding interval-heap v0.0.5
      Adding k256 v0.13.4
      Adding linux-raw-sys v0.12.1
      Adding lock_api v0.4.14
      Adding lsm-tree v2.10.4
      Adding lz4_flex v0.11.6
      Adding neuron-engine v0.1.0 (/Users/master/cyber/neuron/engine)
      Adding neuron-id v0.1.0 (/Users/master/cyber/neuron/id)
      Adding neuron-model v0.1.0 (/Users/master/cyber/neuron/model)
      Adding neuron-node v0.1.0 (/Users/master/cyber/neuron/node)
      Adding neuron-rune v0.1.0 (/Users/master/cyber/neuron/rune)
      Adding opaque-debug v0.3.1
      Adding parking_lot_core v0.9.12
      Adding path-absolutize v3.1.1
      Adding path-dedot v3.1.1
      Adding pbkdf2 v0.12.2
      Adding pkcs8 v0.10.2
      Adding poly1305 v0.8.0
      Adding quick_cache v0.6.24
      Adding rand v0.8.8
      Adding rand_chacha v0.3.1
      Adding rand_core v0.6.4
      Adding redox_syscall v0.5.18
      Adding rfc6979 v0.4.0
      Adding ripemd v0.1.3
      Adding rune-ast v0.1.0 (/Users/master/cyber/rune/rs/ast)
      Adding rune-interp v0.1.0 (/Users/master/cyber/rune/rs/interp)
      Adding rune-lex v0.1.0 (/Users/master/cyber/rune/rs/lex)
      Adding rune-lower v0.1.0 (/Users/master/cyber/rune/rs/lower)
      Adding rune-parse v0.1.0 (/Users/master/cyber/rune/rs/parse)
      Adding rune-parse-pure v0.1.0 (/Users/master/cyber/rune/rs/parse-pure)
      Adding rune-subject v0.1.0 (/Users/master/cyber/rune/rs/subject)
      Adding rustc-hash v2.1.3
      Adding rustix v1.1.4
      Adding scopeguard v1.2.0
      Adding sec1 v0.7.3
      Adding secp256k1 v0.27.0
      Adding secp256k1-sys v0.8.2
      Adding self_cell v1.3.0
      Adding sha2 v0.10.9
      Adding signature v2.2.0
      Adding soft3 v0.10.0 (/Users/master/cyber/soft3/crate)
      Adding soma-agent v0.1.0 (/Users/master/cyber/soma/agent)
      Adding spki v0.7.3
      Adding std-semaphore v0.1.0
      Adding strata-compute v0.1.1 (/Users/master/cyber/strata/compute)
      Adding strata-core v0.1.1 (/Users/master/cyber/strata/core)
      Adding strata-ext v0.1.1 (/Users/master/cyber/strata/ext)
      Adding strata-genies v0.1.1 (/Users/master/cyber/strata/genies/rs)
      Adding strata-jali v0.1.1 (/Users/master/cyber/strata/jali/rs)
      Adding strata-kuro v0.1.1 (/Users/master/cyber/strata/kuro/rs)
      Adding strata-nebu v0.1.1 (/Users/master/cyber/strata/nebu/rs)
      Adding strata-proof v0.1.1 (/Users/master/cyber/strata/proof)
      Adding strata-trop v0.1.1 (/Users/master/cyber/strata/trop/rs)
      Adding tempfile v3.27.0
      Adding tinyvec v1.13.2
      Adding tinyvec_macros v0.1.1
      Adding typenum v1.20.1
      Adding unicode-normalization v0.1.25
      Adding universal-hash v0.5.1
      Adding value-log v1.9.0
      Adding varint-rs v2.2.1
      Adding version_check v0.9.5
      Adding xxhash-rust v0.8.18
      Adding zeroize_derive v1.5.0
      Adding zheng v0.4.0 (/Users/master/cyber/zheng/rs)
    Blocking waiting for file lock on package cache
    Checking cfg-if v1.0.4
   Compiling version_check v0.9.5
    Checking typenum v1.20.1
    Checking strata-core v0.1.1 (/Users/master/cyber/strata/core)
    Checking cyber-hemera v0.3.1 (/Users/master/cyber/hemera/rs)
    Checking subtle v2.6.1
   Compiling serde_core v1.0.229
    Checking const-oid v0.9.6
   Compiling serde v1.0.229
    Checking once_cell v1.21.4
    Checking equivalent v1.0.2
    Checking smallvec v1.15.2
    Checking libc v0.2.189
    Checking stable_deref_trait v1.2.1
   Compiling syn v2.0.119
    Checking memchr v2.8.3
   Compiling crossbeam-utils v0.8.23
    Checking strata-ext v0.1.1 (/Users/master/cyber/strata/ext)
    Checking strata-proof v0.1.1 (/Users/master/cyber/strata/proof)
    Checking strata-compute v0.1.1 (/Users/master/cyber/strata/compute)
    Checking zerocopy v0.8.56
   Compiling rustix v1.1.4
    Checking log v0.4.33
   Compiling crossbeam-epoch v0.9.21
    Checking strata-nebu v0.1.1 (/Users/master/cyber/strata/nebu/rs)
    Checking neuron-id v0.1.0 (/Users/master/cyber/neuron/id)
    Checking bitflags v2.13.2
    Checking path-dedot v3.1.1
   Compiling generic-array v0.14.7
    Checking zmij v1.0.23
    Checking fastrand v2.5.0
    Checking itoa v1.0.18
   Compiling parking_lot_core v0.9.12
    Checking hashbrown v0.17.1
    Checking compare v0.0.6
    Checking strata-jali v0.1.1 (/Users/master/cyber/strata/jali/rs)
    Checking getrandom v0.2.17
    Checking getrandom v0.3.4
    Checking cyber-lens-core v0.1.2 (/Users/master/cyber/lens/core)
    Checking errno v0.3.14
    Checking interval-heap v0.0.5
    Checking rand_core v0.6.4
    Checking path-absolutize v3.1.1
    Checking strata-kuro v0.1.1 (/Users/master/cyber/strata/kuro/rs)
    Checking strata-genies v0.1.1 (/Users/master/cyber/strata/genies/rs)
    Checking cyber-lens-brakedown v0.2.0 (/Users/master/cyber/lens/brakedown)
    Checking strata-trop v0.1.1 (/Users/master/cyber/strata/trop/rs)
    Checking winnow v0.7.15
    Checking ff v0.13.1
    Checking rustc-hash v2.1.3
    Checking varint-rs v2.2.1
    Checking base16ct v0.2.0
    Checking xxhash-rust v0.8.18
    Checking cyber-nox v0.3.0 (/Users/master/cyber/nox/rs)
    Checking indexmap v2.14.0
    Checking rune-ast v0.1.0 (/Users/master/cyber/rune/rs/ast)
    Checking toml_write v0.1.2
    Checking hashbrown v0.16.1
    Checking byteorder v1.5.0
    Checking utf8parse v0.2.2
    Checking scopeguard v1.2.0
    Checking byteview v0.6.1
    Checking anstyle-parse v1.0.0
    Checking lock_api v0.4.14
    Checking cyber-lens-assayer v0.2.0 (/Users/master/cyber/lens/assayer)
    Checking cyber-lens-ikat v0.2.0 (/Users/master/cyber/lens/ikat)
    Checking group v0.13.0
    Checking quick_cache v0.6.24
    Checking cyber-lens-porphyry v0.2.0 (/Users/master/cyber/lens/porphyry)
    Checking cyber-lens-binius v0.1.1 (/Users/master/cyber/lens/binius)
    Checking cpufeatures v0.2.17
    Checking anstyle-query v1.1.5
    Checking self_cell v1.3.0
    Checking hashbrown v0.14.5
    Checking litemap v0.8.3
    Checking guardian v1.3.0
    Checking is_terminal_polyfill v1.70.2
    Checking writeable v0.6.4
    Checking lz4_flex v0.11.6
    Checking anstyle v1.0.14
    Checking colorchoice v1.0.5
    Checking double-ended-peekable v0.1.0
    Checking cyber-lens v0.2.0 (/Users/master/cyber/lens/src)
    Checking thiserror v2.0.20
    Checking rand_core v0.9.5
    Checking memmap2 v0.9.11
    Checking anstream v1.0.0
    Checking aho-corasick v1.1.5
    Checking inf-ast v0.1.0 (/Users/master/cyber/inf/rs/ast)
    Checking arrayvec v0.7.8
    Checking std-semaphore v0.1.0
    Checking tinyvec_macros v0.1.1
    Checking utf8_iter v1.0.4
    Checking regex-syntax v0.8.11
    Checking clap_lex v1.1.0
    Checking strsim v0.11.1
    Checking tinyvec v1.13.2
    Checking zheng v0.4.0 (/Users/master/cyber/zheng/rs)
    Checking bytes v1.12.1
    Checking hex-conservative v0.2.3
    Checking inf-value v0.1.0 (/Users/master/cyber/inf/rs/value)
    Checking clap_builder v4.6.6
    Checking rune-lex v0.1.0 (/Users/master/cyber/rune/rs/lex)
    Checking bitcoin_hashes v0.14.101
    Checking unicode-normalization v0.1.25
    Checking rune-parse-pure v0.1.0 (/Users/master/cyber/rune/rs/parse-pure)
    Checking cyber-tape v0.1.0 (/Users/master/cyber/tape/impl/rust)
    Checking inf-source v0.1.0 (/Users/master/cyber/inf/rs/source)
    Checking anyhow v1.0.104
    Checking icu_properties_data v2.3.0
    Checking icu_normalizer_data v2.3.0
    Checking rune-subject v0.1.0 (/Users/master/cyber/rune/rs/subject)
    Checking inf-lex v0.1.0 (/Users/master/cyber/inf/rs/lex)
    Checking base64 v0.22.1
    Checking rune-parse v0.1.0 (/Users/master/cyber/rune/rs/parse)
    Checking rune-lower v0.1.0 (/Users/master/cyber/rune/rs/lower)
    Checking inf-plan v0.1.0 (/Users/master/cyber/inf/rs/plan)
    Checking inf-parse v0.1.0 (/Users/master/cyber/inf/rs/parse)
    Checking serde_json v1.0.151
    Checking rune-interp v0.1.0 (/Users/master/cyber/rune/rs/interp)
    Checking untrusted v0.9.0
    Checking bech32 v0.11.1
    Checking opaque-debug v0.3.1
    Checking percent-encoding v2.3.2
    Checking ring v0.17.14
    Checking form_urlencoded v1.2.2
    Checking ppv-lite86 v0.2.21
   Compiling synstructure v0.13.2
    Checking crossbeam-skiplist v0.1.3
    Checking rand_chacha v0.3.1
    Checking rand_chacha v0.9.0
    Checking serde_spanned v0.6.9
    Checking toml_datetime v0.6.11
    Checking regex-automata v0.4.18
    Checking rand v0.8.8
    Checking clap v4.6.6
    Checking rand v0.9.5
   Compiling zeroize_derive v1.5.0
   Compiling zerofrom-derive v0.1.7
   Compiling yoke-derive v0.8.2
   Compiling enum_dispatch v0.3.13
    Checking neuron-model v0.1.0 (/Users/master/cyber/neuron/model)
    Checking toml_edit v0.22.27
    Checking zeroize v1.9.0
    Checking bip39 v2.2.2
    Checking neuron-engine v0.1.0 (/Users/master/cyber/neuron/engine)
    Checking zerofrom v0.1.8
    Checking neuron-rune v0.1.0 (/Users/master/cyber/neuron/rune)
    Checking toml v0.8.23
    Checking regex v1.13.1
    Checking dashmap v6.2.1
    Checking tempfile v3.27.0
    Checking inf-eval v0.1.0 (/Users/master/cyber/inf/rs/eval)
    Checking cyber-tru v0.1.1 (/Users/master/cyber/tru/rs)
    Checking value-log v1.9.0
    Checking der v0.7.10
    Checking rustls-pki-types v1.15.1
    Checking lsm-tree v2.10.4
    Checking cyber-tok v0.1.1 (/Users/master/cyber/tok/rs)
    Checking webpki-roots v1.0.9
    Checking rustls-webpki v0.103.14
    Checking webpki-roots v0.26.11
    Checking crypto-common v0.1.7
    Checking block-buffer v0.10.4
    Checking crypto-bigint v0.5.5
    Checking inout v0.1.4
    Checking universal-hash v0.5.1
    Checking aead v0.5.2
    Checking cipher v0.4.4
    Checking digest v0.10.7
    Checking sec1 v0.7.3
    Checking spki v0.7.3
    Checking rustls v0.23.43
    Checking poly1305 v0.8.0
    Checking yoke v0.8.3
    Checking hmac v0.12.1
    Checking sha2 v0.10.9
    Checking signature v2.2.0
    Checking ripemd v0.1.3
    Checking chacha20 v0.9.1
    Checking rfc6979 v0.4.0
    Checking pbkdf2 v0.12.2
    Checking chacha20poly1305 v0.10.1
    Checking bs58 v0.5.1
    Checking elliptic-curve v0.13.8
    Checking ecdsa v0.16.9
    Checking k256 v0.13.4
    Checking zerovec v0.11.7
    Checking zerotrie v0.2.5
    Checking fjall v2.11.2 (/Users/master/cyber/bbg/rs/vendor/fjall)
    Checking bip32 v0.5.3
    Checking cyber-mudra v0.1.0 (/Users/master/cyber/mudra)
    Checking tinystr v0.8.4
    Checking potential_utf v0.1.6
    Checking icu_collections v2.3.0
    Checking icu_locale_core v2.3.0
warning: field `journal_recovery_mode` is never read
  --> /Users/master/cyber/bbg/rs/vendor/fjall/src/config.rs:49:16
   |
14 | pub struct Config {
   |            ------ field in this struct
...
49 |     pub(crate) journal_recovery_mode: RecoveryMode,
   |                ^^^^^^^^^^^^^^^^^^^^^
   |
   = note: `Config` has a derived impl for the trait `Clone`, but this is intentionally ignored during dead code analysis
   = note: `#[warn(dead_code)]` (part of `#[warn(unused)]`) on by default

warning: method `outstanding_flushes` is never used
  --> /Users/master/cyber/bbg/rs/vendor/fjall/src/stats.rs:26:12
   |
25 | impl Stats {
   | ---------- method in this implementation
26 |     pub fn outstanding_flushes(&self) -> usize {
   |            ^^^^^^^^^^^^^^^^^^^

warning: hiding a lifetime that's elided elsewhere is confusing
  --> /Users/master/cyber/bbg/rs/vendor/fjall/src/tx/keyspace.rs:42:21
   |
42 |     pub fn write_tx(&self) -> WriteTransaction {
   |                     ^^^^^     ^^^^^^^^^^^^^^^^ the same lifetime is hidden here
   |                     |
   |                     the lifetime is elided here
   |
   = help: the same lifetime is referred to in inconsistent ways, making the signature confusing
   = note: `#[warn(mismatched_lifetime_syntaxes)]` on by default
help: use `'_` for type paths
   |
42 |     pub fn write_tx(&self) -> WriteTransaction<'_> {
   |                                               ++++

warning: `fjall` (lib) generated 3 warnings (run `cargo fix --lib -p fjall` to apply 1 suggestion)
    Checking bbg v0.3.0 (/Users/master/cyber/bbg/rs)
    Checking icu_provider v2.3.0
    Checking icu_normalizer v2.3.0
    Checking icu_properties v2.3.0
    Checking foculus v0.1.3 (/Users/master/cyber/foculus)
    Checking idna_adapter v1.2.2
    Checking idna v1.1.0
    Checking url v2.5.8
    Checking cybergraph v0.1.1 (/Users/master/cyber/cybergraph)
    Checking ureq v2.12.1
    Checking neuron-node v0.1.0 (/Users/master/cyber/neuron/node)
    Checking soma-agent v0.1.0 (/Users/master/cyber/soma/agent)
    Checking cyb-core v0.1.0 (/Users/master/cyber/cyb/core)
    Checking true-cyber v0.7.0 (/Users/master/cyber/true-cyber)
    Finished `dev` profile [unoptimized + debuginfo] target(s) in 6.33s
