    Checking cyber-hemera v0.3.1 (/Users/master/cyber/hemera/rs)
warning: field `journal_recovery_mode` is never read
  --> /Users/master/cyber/bbg/rs/vendor/fjall/src/config.rs:49:16
   |
14 | pub struct Config {
   |            ------ field in this struct
...
49 |     pub(crate) journal_recovery_mode: RecoveryMode,
   |                ^^^^^^^^^^^^^^^^^^^^^
   |
   = note: `Config` has a derived impl for the trait `Clone`, but this is intentionally ignored during dead code analysis
   = note: `#[warn(dead_code)]` (part of `#[warn(unused)]`) on by default

warning: method `outstanding_flushes` is never used
  --> /Users/master/cyber/bbg/rs/vendor/fjall/src/stats.rs:26:12
   |
25 | impl Stats {
   | ---------- method in this implementation
26 |     pub fn outstanding_flushes(&self) -> usize {
   |            ^^^^^^^^^^^^^^^^^^^

warning: hiding a lifetime that's elided elsewhere is confusing
  --> /Users/master/cyber/bbg/rs/vendor/fjall/src/tx/keyspace.rs:42:21
   |
42 |     pub fn write_tx(&self) -> WriteTransaction {
   |                     ^^^^^     ^^^^^^^^^^^^^^^^ the same lifetime is hidden here
   |                     |
   |                     the lifetime is elided here
   |
   = help: the same lifetime is referred to in inconsistent ways, making the signature confusing
   = note: `#[warn(mismatched_lifetime_syntaxes)]` on by default
help: use `'_` for type paths
   |
42 |     pub fn write_tx(&self) -> WriteTransaction<'_> {
   |                                               ++++

    Checking inf-value v0.1.0 (/Users/master/cyber/inf/rs/value)
warning: `fjall` (lib) generated 3 warnings (run `cargo fix --lib -p fjall` to apply 1 suggestion)
    Checking inf-source v0.1.0 (/Users/master/cyber/inf/rs/source)
    Checking inf-eval v0.1.0 (/Users/master/cyber/inf/rs/eval)
    Checking cyber-lens-core v0.1.2 (/Users/master/cyber/lens/core)
    Checking cyber-tru v0.1.1 (/Users/master/cyber/tru/rs)
    Checking rune-parse-pure v0.1.0 (/Users/master/cyber/rune/rs/parse-pure)
    Checking rune-subject v0.1.0 (/Users/master/cyber/rune/rs/subject)
    Checking rune-interp v0.1.0 (/Users/master/cyber/rune/rs/interp)
    Checking cyber-mudra v0.1.0 (/Users/master/cyber/mudra)
    Checking rune-lower v0.1.0 (/Users/master/cyber/rune/rs/lower)
    Checking cyber-lens-brakedown v0.2.0 (/Users/master/cyber/lens/brakedown)
    Checking cyber-lens-porphyry v0.2.0 (/Users/master/cyber/lens/porphyry)
    Checking cyber-lens-binius v0.1.1 (/Users/master/cyber/lens/binius)
    Checking rune-parse v0.1.0 (/Users/master/cyber/rune/rs/parse)
    Checking cyber-nox v0.3.0 (/Users/master/cyber/nox/rs)
    Checking cyber-lens-assayer v0.2.0 (/Users/master/cyber/lens/assayer)
    Checking cyber-lens-ikat v0.2.0 (/Users/master/cyber/lens/ikat)
    Checking cyber-lens v0.2.0 (/Users/master/cyber/lens/src)
    Checking neuron-model v0.1.0 (/Users/master/cyber/neuron/model)
    Checking zheng v0.4.0 (/Users/master/cyber/zheng/rs)
    Checking cyber-tok v0.1.1 (/Users/master/cyber/tok/rs)
    Checking neuron-engine v0.1.0 (/Users/master/cyber/neuron/engine)
    Checking bbg v0.3.0 (/Users/master/cyber/bbg/rs)
    Checking neuron-rune v0.1.0 (/Users/master/cyber/neuron/rune)
    Checking foculus v0.1.3 (/Users/master/cyber/foculus)
    Checking cybergraph v0.1.1 (/Users/master/cyber/cybergraph)
    Checking neuron-node v0.1.0 (/Users/master/cyber/neuron/node)
    Finished `dev` profile [unoptimized + debuginfo] target(s) in 2.62s
