   Compiling strata-core v0.1.1 (/Users/master/cyber/strata/core)
   Compiling inf-ast v0.1.0 (/Users/master/cyber/inf/rs/ast)
   Compiling cyber-tape v0.1.0 (/Users/master/cyber/tape/impl/rust)
   Compiling inf-lex v0.1.0 (/Users/master/cyber/inf/rs/lex)
   Compiling cyber-mudra v0.1.0 (/Users/master/cyber/mudra)
   Compiling strata-proof v0.1.1 (/Users/master/cyber/strata/proof)
   Compiling strata-ext v0.1.1 (/Users/master/cyber/strata/ext)
   Compiling strata-compute v0.1.1 (/Users/master/cyber/strata/compute)
   Compiling strata-trop v0.1.1 (/Users/master/cyber/strata/trop/rs)
   Compiling inf-plan v0.1.0 (/Users/master/cyber/inf/rs/plan)
   Compiling inf-parse v0.1.0 (/Users/master/cyber/inf/rs/parse)
   Compiling lytics-event v0.1.0 (/Users/master/cyber/lytics/rs/event)
   Compiling strata-nebu v0.1.1 (/Users/master/cyber/strata/nebu/rs)
   Compiling strata-kuro v0.1.1 (/Users/master/cyber/strata/kuro/rs)
   Compiling strata-genies v0.1.1 (/Users/master/cyber/strata/genies/rs)
   Compiling cyber-lens-core v0.1.2 (/Users/master/cyber/lens/core)
   Compiling strata-jali v0.1.1 (/Users/master/cyber/strata/jali/rs)
   Compiling cyber-tru v0.1.1 (/Users/master/cyber/tru/rs)
   Compiling cyber-lens-brakedown v0.2.0 (/Users/master/cyber/lens/brakedown)
   Compiling cyber-lens-binius v0.1.1 (/Users/master/cyber/lens/binius)
   Compiling cyber-lens-porphyry v0.2.0 (/Users/master/cyber/lens/porphyry)
   Compiling cyber-lens-assayer v0.2.0 (/Users/master/cyber/lens/assayer)
   Compiling cyber-lens-ikat v0.2.0 (/Users/master/cyber/lens/ikat)
   Compiling cyber-nox v0.3.0 (/Users/master/cyber/nox/rs)
   Compiling cyber-tok v0.1.1 (/Users/master/cyber/tok/rs)
   Compiling cyber-lens v0.2.0 (/Users/master/cyber/lens/src)
   Compiling zheng v0.4.0 (/Users/master/cyber/zheng/rs)
   Compiling bbg v0.3.0 (/Users/master/cyber/bbg/rs)
   Compiling inf-source v0.1.0 (/Users/master/cyber/inf/rs/source)
   Compiling foculus v0.1.3 (/Users/master/cyber/foculus)
   Compiling inf-eval v0.1.0 (/Users/master/cyber/inf/rs/eval)
   Compiling cybergraph v0.1.1 (/Users/master/cyber/cybergraph)
   Compiling lytics-ingest v0.1.0 (/Users/master/cyber/lytics/rs/ingest)
    Finished `test` profile [unoptimized + debuginfo] target(s) in 5.72s
  Executable unittests src/main.rs (target/debug/deps/lytics_ingest-87ed9380231d856c)
