cyberia v0.1.0 (/Users/master/cyber/cyberia-my)
console_error_panic_hook v0.1.7
cfg-if v1.0.4
wasm-bindgen v0.2.127
cfg-if v1.0.4
once_cell v1.21.4
wasm-bindgen-macro v0.2.127 (proc-macro)
quote v1.0.47
proc-macro2 v1.0.107
unicode-ident v1.0.24
wasm-bindgen-macro-support v0.2.127
bumpalo v3.20.3
proc-macro2 v1.0.107 (*)
quote v1.0.47 (*)
syn v2.0.119
proc-macro2 v1.0.107 (*)
quote v1.0.47 (*)
unicode-ident v1.0.24
wasm-bindgen-shared v0.2.127
unicode-ident v1.0.24
wasm-bindgen-shared v0.2.127
unicode-ident v1.0.24
rustversion v1.0.23 (proc-macro)
cyber-hemera v0.3.1 (/Users/master/cyber/hemera/rs)
cyber-mudra v0.1.0 (/Users/master/cyber/mudra)
base64 v0.22.1
bech32 v0.11.1
cyber-hemera v0.3.1 (/Users/master/cyber/hemera/rs)
k256 v0.13.4
cfg-if v1.0.4
ecdsa v0.16.9
der v0.7.10
const-oid v0.9.6
zeroize v1.9.0
digest v0.10.7
block-buffer v0.10.4
generic-array v0.14.7
typenum v1.20.1
zeroize v1.9.0
version_check v0.9.5
const-oid v0.9.6
crypto-common v0.1.7
generic-array v0.14.7 (*)
typenum v1.20.1
subtle v2.6.1
elliptic-curve v0.13.8
base16ct v0.2.0
crypto-bigint v0.5.5
generic-array v0.14.7 (*)
rand_core v0.6.4
subtle v2.6.1
zeroize v1.9.0
digest v0.10.7 (*)
ff v0.13.1
rand_core v0.6.4
subtle v2.6.1
generic-array v0.14.7 (*)
group v0.13.0
ff v0.13.1 (*)
rand_core v0.6.4
subtle v2.6.1
rand_core v0.6.4
sec1 v0.7.3
base16ct v0.2.0
der v0.7.10 (*)
generic-array v0.14.7 (*)
subtle v2.6.1
zeroize v1.9.0
subtle v2.6.1
zeroize v1.9.0
rfc6979 v0.4.0
hmac v0.12.1
digest v0.10.7 (*)
subtle v2.6.1
signature v2.2.0
digest v0.10.7 (*)
rand_core v0.6.4
spki v0.7.3
der v0.7.10 (*)
elliptic-curve v0.13.8 (*)
sha2 v0.10.9
cfg-if v1.0.4
digest v0.10.7 (*)
neuron-id v0.1.0 (/Users/master/cyber/neuron/id)
ripemd v0.1.3
digest v0.10.7 (*)
sha2 v0.10.9 (*)
getrandom v0.2.17
cfg-if v1.0.4
js-sys v0.3.104
cfg-if v1.0.4
futures-util v0.3.33
futures-channel v0.3.33
futures-core v0.3.33
futures-sink v0.3.33
futures-core v0.3.33
futures-io v0.3.33
futures-macro v0.3.33 (proc-macro)
proc-macro2 v1.0.107 (*)
quote v1.0.47 (*)
syn v2.0.119 (*)
futures-sink v0.3.33
futures-task v0.3.33
memchr v2.8.3
pin-project-lite v0.2.17
slab v0.4.12
wasm-bindgen v0.2.127 (*)
wasm-bindgen v0.2.127 (*)
js-sys v0.3.104 (*)
leptos v0.8.20
any_spawner v0.3.0
futures v0.3.33
futures-channel v0.3.33 (*)
futures-core v0.3.33
futures-executor v0.3.33
futures-core v0.3.33
futures-task v0.3.33
futures-util v0.3.33 (*)
futures-io v0.3.33
futures-sink v0.3.33
futures-task v0.3.33
futures-util v0.3.33 (*)
thiserror v2.0.20
thiserror-impl v2.0.20 (proc-macro)
proc-macro2 v1.0.107 (*)
quote v1.0.47 (*)
syn v3.0.3
proc-macro2 v1.0.107 (*)
quote v1.0.47 (*)
unicode-ident v1.0.24
wasm-bindgen-futures v0.4.77
js-sys v0.3.104 (*)
wasm-bindgen v0.2.127 (*)
cfg-if v1.0.4
either_of v0.1.9
paste v1.0.15 (proc-macro)
pin-project-lite v0.2.17
futures v0.3.33 (*)
hydration_context v0.3.1
futures v0.3.33 (*)
or_poisoned v0.1.0
pin-project-lite v0.2.17
serde v1.0.229
serde_core v1.0.229
serde_derive v1.0.229 (proc-macro)
proc-macro2 v1.0.107 (*)
quote v1.0.47 (*)
syn v3.0.3 (*)
throw_error v0.3.1
pin-project-lite v0.2.17
leptos_config v0.8.10
config v0.15.25
convert_case v0.6.0
unicode-segmentation v1.13.3
pathdiff v0.2.3
serde_core v1.0.229
toml v1.1.4+spec-1.1.0
serde_core v1.0.229
serde_spanned v1.1.1
serde_core v1.0.229
toml_datetime v1.1.1+spec-1.1.0
serde_core v1.0.229
toml_parser v1.1.3+spec-1.1.0
winnow v1.0.4
winnow v1.0.4
winnow v1.0.4
regex v1.13.1
aho-corasick v1.1.5
memchr v2.8.3
memchr v2.8.3
regex-automata v0.4.18
aho-corasick v1.1.5 (*)
memchr v2.8.3
regex-syntax v0.8.11
regex-syntax v0.8.11
serde v1.0.229 (*)
thiserror v2.0.20 (*)
typed-builder v0.23.2
typed-builder-macro v0.23.2 (proc-macro)
proc-macro2 v1.0.107 (*)
quote v1.0.47 (*)
syn v2.0.119 (*)
leptos_dom v0.8.8
js-sys v0.3.104 (*)
or_poisoned v0.1.0
reactive_graph v0.2.14
any_spawner v0.3.0 (*)
async-lock v3.4.2
event-listener v5.4.2
pin-project-lite v0.2.17
event-listener-strategy v0.5.4
event-listener v5.4.2 (*)
pin-project-lite v0.2.17
pin-project-lite v0.2.17
futures v0.3.33 (*)
guardian v1.3.0
hydration_context v0.3.1 (*)
indexmap v2.14.0
equivalent v1.0.2
hashbrown v0.17.1
or_poisoned v0.1.0
paste v1.0.15 (proc-macro)
pin-project-lite v0.2.17
rustc-hash v2.1.3
send_wrapper v0.6.0
futures-core v0.3.33
serde v1.0.229 (*)
slotmap v1.1.1
version_check v0.9.5
thiserror v2.0.20 (*)
web-sys v0.3.104
js-sys v0.3.104 (*)
wasm-bindgen v0.2.127 (*)
rustc_version v0.4.1
semver v1.0.28
send_wrapper v0.6.0 (*)
tachys v0.2.18
any_spawner v0.3.0 (*)
async-trait v0.1.92 (proc-macro)
proc-macro2 v1.0.107 (*)
quote v1.0.47 (*)
syn v3.0.3 (*)
const_str_slice_concat v0.1.0
drain_filter_polyfill v0.1.3
either_of v0.1.9 (*)
erased v0.1.2
futures v0.3.33 (*)
html-escape v0.2.15
indexmap v2.14.0 (*)
itertools v0.14.0
either v1.17.0
js-sys v0.3.104 (*)
next_tuple v0.1.0
oco_ref v0.2.1
serde v1.0.229 (*)
thiserror v2.0.20 (*)
or_poisoned v0.1.0
paste v1.0.15 (proc-macro)
reactive_graph v0.2.14 (*)
reactive_stores v0.4.3
guardian v1.3.0
indexmap v2.14.0 (*)
itertools v0.14.0 (*)
or_poisoned v0.1.0
paste v1.0.15 (proc-macro)
reactive_graph v0.2.14 (*)
reactive_stores_macro v0.4.3 (proc-macro)
convert_case v0.11.0
unicode-segmentation v1.13.3
proc-macro-error2 v2.0.1
proc-macro-error-attr2 v2.0.0 (proc-macro)
proc-macro2 v1.0.107 (*)
quote v1.0.47 (*)
proc-macro2 v1.0.107 (*)
quote v1.0.47 (*)
syn v2.0.119 (*)
proc-macro2 v1.0.107 (*)
quote v1.0.47 (*)
syn v2.0.119 (*)
rustc-hash v2.1.3
send_wrapper v0.6.0 (*)
rustc-hash v2.1.3
send_wrapper v0.6.0 (*)
slotmap v1.1.1 (*)
throw_error v0.3.1 (*)
wasm-bindgen v0.2.127 (*)
web-sys v0.3.104 (*)
rustc_version v0.4.1 (*)
wasm-bindgen v0.2.127 (*)
web-sys v0.3.104 (*)
leptos_hot_reload v0.8.6
anyhow v1.0.104
camino v1.2.5
indexmap v2.14.0 (*)
or_poisoned v0.1.0
proc-macro2 v1.0.107
unicode-ident v1.0.24
quote v1.0.47
proc-macro2 v1.0.107 (*)
rstml v0.12.1
derive-where v1.6.1 (proc-macro)
proc-macro2 v1.0.107 (*)
quote v1.0.47 (*)
syn v2.0.119 (*)
proc-macro2 v1.0.107 (*)
proc-macro2-diagnostics v0.10.1
proc-macro2 v1.0.107 (*)
quote v1.0.47 (*)
syn v2.0.119
proc-macro2 v1.0.107 (*)
quote v1.0.47 (*)
unicode-ident v1.0.24
yansi v1.0.1
version_check v0.9.5
quote v1.0.47 (*)
syn v2.0.119 (*)
syn_derive v0.2.0 (proc-macro)
proc-macro-error2 v2.0.1 (*)
proc-macro2 v1.0.107 (*)
quote v1.0.47 (*)
syn v2.0.119 (*)
thiserror v2.0.20 (*)
serde v1.0.229 (*)
syn v2.0.119 (*)
walkdir v2.5.0
same-file v1.0.6
leptos_macro v0.8.17 (proc-macro)
attribute-derive v0.10.5
attribute-derive-macro v0.10.5 (proc-macro)
collection_literals v1.0.3
interpolator v0.5.0
manyhow v0.11.4
manyhow-macros v0.11.4 (proc-macro)
proc-macro-utils v0.10.0
proc-macro2 v1.0.107 (*)
quote v1.0.47 (*)
smallvec v1.15.2
proc-macro2 v1.0.107 (*)
quote v1.0.47 (*)
proc-macro2 v1.0.107 (*)
quote v1.0.47 (*)
syn v2.0.119 (*)
proc-macro-utils v0.10.0 (*)
proc-macro2 v1.0.107 (*)
quote v1.0.47 (*)
quote-use v0.8.4
quote v1.0.47 (*)
quote-use-macros v0.8.4 (proc-macro)
proc-macro-utils v0.10.0 (*)
proc-macro2 v1.0.107 (*)
quote v1.0.47 (*)
syn v2.0.119 (*)
syn v2.0.119 (*)
derive-where v1.6.1 (proc-macro) (*)
manyhow v0.11.4 (*)
proc-macro2 v1.0.107 (*)
quote v1.0.47 (*)
syn v2.0.119 (*)
cfg-if v1.0.4
convert_case v0.11.0 (*)
convert_case_extras v0.2.0
convert_case v0.11.0 (*)
html-escape v0.2.15
itertools v0.14.0
either v1.17.0
leptos_hot_reload v0.8.6
anyhow v1.0.104
camino v1.2.5
indexmap v2.14.0
equivalent v1.0.2
hashbrown v0.17.1
or_poisoned v0.1.0
proc-macro2 v1.0.107 (*)
quote v1.0.47 (*)
rstml v0.12.1
derive-where v1.6.1 (proc-macro) (*)
proc-macro2 v1.0.107 (*)
proc-macro2-diagnostics v0.10.1
proc-macro2 v1.0.107 (*)
quote v1.0.47 (*)
syn v2.0.119 (*)
yansi v1.0.1
version_check v0.9.5
quote v1.0.47 (*)
syn v2.0.119 (*)
syn_derive v0.2.0 (proc-macro) (*)
thiserror v2.0.20
thiserror-impl v2.0.20 (proc-macro) (*)
serde v1.0.229
serde_core v1.0.229
serde_derive v1.0.229 (proc-macro) (*)
syn v2.0.119 (*)
walkdir v2.5.0
same-file v1.0.6
prettyplease v0.2.37
proc-macro2 v1.0.107 (*)
syn v2.0.119 (*)
proc-macro-error2 v2.0.1 (*)
proc-macro2 v1.0.107 (*)
quote v1.0.47 (*)
rstml v0.12.1 (*)
server_fn_macro v0.8.10
const_format v0.2.36
const_format_proc_macros v0.2.34 (proc-macro)
proc-macro2 v1.0.107 (*)
quote v1.0.47 (*)
unicode-xid v0.2.6
konst v0.2.20
konst_macro_rules v0.2.19
convert_case v0.11.0 (*)
proc-macro2 v1.0.107 (*)
quote v1.0.47 (*)
syn v2.0.119 (*)
xxhash-rust v0.8.18
rustc_version v0.4.1 (*)
syn v2.0.119 (*)
uuid v1.24.0
getrandom v0.4.3
cfg-if v1.0.4
libc v0.2.189
rustc_version v0.4.1 (*)
leptos_server v0.8.7
any_spawner v0.3.0 (*)
base64 v0.22.1
codee v0.3.5
serde v1.0.229 (*)
serde_json v1.0.151
itoa v1.0.18
memchr v2.8.3
serde_core v1.0.229
zmij v1.0.23
thiserror v2.0.20 (*)
futures v0.3.33 (*)
hydration_context v0.3.1 (*)
or_poisoned v0.1.0
reactive_graph v0.2.14 (*)
send_wrapper v0.6.0 (*)
serde v1.0.229 (*)
serde_json v1.0.151 (*)
server_fn v0.8.13
base64 v0.22.1
bytes v1.12.1
const-str v1.1.0
const_format v0.2.36
const_format_proc_macros v0.2.34 (proc-macro) (*)
konst v0.2.20
konst_macro_rules v0.2.19
futures v0.3.33 (*)
gloo-net v0.6.0
futures-channel v0.3.33 (*)
futures-core v0.3.33
futures-sink v0.3.33
gloo-utils v0.2.0
js-sys v0.3.104 (*)
serde v1.0.229 (*)
serde_json v1.0.151 (*)
wasm-bindgen v0.2.127 (*)
web-sys v0.3.104 (*)
http v1.5.0
bytes v1.12.1
itoa v1.0.18
js-sys v0.3.104 (*)
pin-project v1.1.13
pin-project-internal v1.1.13 (proc-macro)
proc-macro2 v1.0.107 (*)
quote v1.0.47 (*)
syn v2.0.119 (*)
serde v1.0.229 (*)
serde_json v1.0.151 (*)
thiserror v1.0.69
thiserror-impl v1.0.69 (proc-macro)
proc-macro2 v1.0.107 (*)
quote v1.0.47 (*)
syn v2.0.119 (*)
wasm-bindgen v0.2.127 (*)
wasm-bindgen-futures v0.4.77 (*)
web-sys v0.3.104 (*)
http v1.5.0 (*)
js-sys v0.3.104 (*)
or_poisoned v0.1.0
pin-project-lite v0.2.17
rustversion v1.0.23 (proc-macro)
send_wrapper v0.6.0 (*)
serde v1.0.229 (*)
serde_json v1.0.151 (*)
serde_qs v0.15.0
percent-encoding v2.3.2
serde v1.0.229 (*)
thiserror v2.0.20 (*)
server_fn_macro_default v0.8.5 (proc-macro)
server_fn_macro v0.8.10 (*)
syn v2.0.119 (*)
thiserror v2.0.20 (*)
throw_error v0.3.1 (*)
url v2.5.8
form_urlencoded v1.2.2
percent-encoding v2.3.2
idna v1.1.0
idna_adapter v1.2.2
icu_normalizer v2.2.0
icu_collections v2.2.0
displaydoc v0.2.7 (proc-macro)
proc-macro2 v1.0.107 (*)
quote v1.0.47 (*)
syn v3.0.3 (*)
potential_utf v0.1.5
zerovec v0.11.6
yoke v0.8.3
stable_deref_trait v1.2.1
yoke-derive v0.8.2 (proc-macro)
proc-macro2 v1.0.107 (*)
quote v1.0.47 (*)
syn v2.0.119 (*)
synstructure v0.13.2
proc-macro2 v1.0.107 (*)
quote v1.0.47 (*)
syn v2.0.119 (*)
zerofrom v0.1.8
zerofrom-derive v0.1.7 (proc-macro)
proc-macro2 v1.0.107 (*)
quote v1.0.47 (*)
syn v2.0.119 (*)
synstructure v0.13.2 (*)
zerofrom v0.1.8 (*)
zerovec-derive v0.11.3 (proc-macro)
proc-macro2 v1.0.107 (*)
quote v1.0.47 (*)
syn v2.0.119 (*)
utf8_iter v1.0.4
yoke v0.8.3 (*)
zerofrom v0.1.8 (*)
zerovec v0.11.6 (*)
icu_normalizer_data v2.2.0
icu_provider v2.2.0
displaydoc v0.2.7 (proc-macro) (*)
icu_locale_core v2.2.0
displaydoc v0.2.7 (proc-macro) (*)
litemap v0.8.2
tinystr v0.8.3
displaydoc v0.2.7 (proc-macro) (*)
zerovec v0.11.6 (*)
writeable v0.6.3
zerovec v0.11.6 (*)
writeable v0.6.3
yoke v0.8.3 (*)
zerofrom v0.1.8 (*)
zerotrie v0.2.4
displaydoc v0.2.7 (proc-macro) (*)
yoke v0.8.3 (*)
zerofrom v0.1.8 (*)
zerovec v0.11.6 (*)
smallvec v1.15.2
zerovec v0.11.6 (*)
icu_properties v2.2.0
icu_collections v2.2.0 (*)
icu_locale_core v2.2.0 (*)
icu_properties_data v2.2.0
icu_provider v2.2.0 (*)
zerotrie v0.2.4 (*)
zerovec v0.11.6 (*)
smallvec v1.15.2
utf8_iter v1.0.4
percent-encoding v2.3.2
wasm-bindgen v0.2.127 (*)
wasm-bindgen-futures v0.4.77 (*)
wasm-streams v0.5.0
futures-util v0.3.33 (*)
js-sys v0.3.104 (*)
wasm-bindgen v0.2.127 (*)
wasm-bindgen-futures v0.4.77 (*)
web-sys v0.3.104 (*)
web-sys v0.3.104 (*)
xxhash-rust v0.8.18
rustc_version v0.4.1 (*)
tachys v0.2.18 (*)
oco_ref v0.2.1 (*)
or_poisoned v0.1.0
paste v1.0.15 (proc-macro)
reactive_graph v0.2.14 (*)
rustc-hash v2.1.3
send_wrapper v0.6.0 (*)
serde v1.0.229 (*)
serde_json v1.0.151 (*)
serde_qs v0.15.0 (*)
server_fn v0.8.13 (*)
slotmap v1.1.1 (*)
tachys v0.2.18 (*)
thiserror v2.0.20 (*)
throw_error v0.3.1 (*)
typed-builder v0.23.2 (*)
typed-builder-macro v0.23.2 (proc-macro) (*)
wasm-bindgen v0.2.127 (*)
wasm-bindgen-futures v0.4.77 (*)
wasm_split_helpers v0.2.3
async-once-cell v0.5.4
wasm_split_macros v0.2.2 (proc-macro)
base16 v0.2.1
quote v1.0.47 (*)
sha2 v0.10.9
cfg-if v1.0.4
cpufeatures v0.2.17
libc v0.2.189
digest v0.10.7
block-buffer v0.10.4
generic-array v0.14.7
typenum v1.20.1
version_check v0.9.5
crypto-common v0.1.7
generic-array v0.14.7 (*)
typenum v1.20.1
syn v2.0.119 (*)
web-sys v0.3.104 (*)
rustc_version v0.4.1 (*)
leptos_router v0.8.15
any_spawner v0.3.0 (*)
either_of v0.1.9 (*)
futures v0.3.33 (*)
gloo-net v0.6.0 (*)
js-sys v0.3.104 (*)
leptos v0.8.20 (*)
leptos_router_macro v0.8.6 (proc-macro)
proc-macro-error2 v2.0.1 (*)
proc-macro2 v1.0.107 (*)
quote v1.0.47 (*)
syn v2.0.119 (*)
or_poisoned v0.1.0
reactive_graph v0.2.14 (*)
send_wrapper v0.6.0 (*)
tachys v0.2.18 (*)
thiserror v2.0.20 (*)
url v2.5.8 (*)
wasm-bindgen v0.2.127 (*)
web-sys v0.3.104 (*)
rustc_version v0.4.1 (*)
serde v1.0.229 (*)
serde_json v1.0.151 (*)
wasm-bindgen v0.2.127 (*)
web-sys v0.3.104 (*)
