   Compiling version_check v0.9.5
    Checking zeroize v1.9.0
   Compiling proc-macro2 v1.0.107
   Compiling unicode-ident v1.0.24
    Checking typenum v1.20.1
    Checking subtle v2.6.1
   Compiling quote v1.0.47
    Checking const-oid v0.9.6
   Compiling wasm-bindgen-shared v0.2.113
    Checking rand_core v0.6.4
   Compiling rustversion v1.0.23
    Checking cfg-if v1.0.4
   Compiling serde_core v1.0.229
    Checking base16ct v0.2.0
   Compiling bumpalo v3.20.3
   Compiling zmij v1.0.23
    Checking tinyvec_macros v0.1.1
    Checking arrayvec v0.7.8
   Compiling serde v1.0.229
    Checking once_cell v1.21.4
   Compiling serde_json v1.0.151
    Checking ff v0.13.1
    Checking der v0.7.10
    Checking tinyvec v1.12.0
   Compiling thiserror v2.0.20
   Compiling generic-array v0.14.7
    Checking hex-conservative v0.2.2
    Checking itoa v1.0.18
    Checking group v0.13.0
    Checking bitcoin_hashes v0.14.101
    Checking memchr v2.8.3
    Checking cyber-hemera v0.3.1 (/Users/master/cyber/hemera/rs)
    Checking unicode-normalization v0.1.25
    Checking spki v0.7.3
    Checking neuron-id v0.1.0 (/Users/master/cyber/neuron/id)
    Checking base64 v0.22.1
    Checking bech32 v0.11.1
   Compiling syn v3.0.3
   Compiling syn v2.0.119
   Compiling wasm-bindgen v0.2.113
   Compiling serde_derive v1.0.229
   Compiling thiserror-impl v2.0.20
   Compiling wasm-bindgen-macro-support v0.2.113
    Checking block-buffer v0.10.4
    Checking crypto-common v0.1.7
    Checking crypto-bigint v0.5.5
    Checking sec1 v0.7.3
    Checking digest v0.10.7
    Checking hmac v0.12.1
    Checking signature v2.2.0
    Checking sha2 v0.10.9
    Checking ripemd v0.1.3
    Checking rfc6979 v0.4.0
    Checking elliptic-curve v0.13.8
    Checking ecdsa v0.16.9
    Checking k256 v0.13.4
    Checking cyber-mudra v0.1.0 (/Users/master/cyber/mudra)
   Compiling wasm-bindgen-macro v0.2.113
    Checking bip39 v2.2.2
    Checking js-sys v0.3.90
    Checking getrandom v0.2.17
    Checking lytics-event v0.1.0 (/Users/master/cyber/lytics/rs/event)
    Finished `dev` profile [unoptimized + debuginfo] target(s) in 20.85s
