    Updating crates.io index
     Locking 67 packages to latest compatible versions
      Adding base16ct v0.2.0
      Adding base64ct v1.8.3
    Updating bbg v0.2.1 (/Users/master/cyber/bbg/rs) -> v0.3.0
      Adding bech32 v0.11.1
      Adding block-buffer v0.10.4
      Adding byteorder v1.5.0
      Adding byteview v0.6.1
      Adding compare v0.0.6
      Adding const-oid v0.9.6
      Adding cpufeatures v0.2.17
      Adding crossbeam-epoch v0.9.21
      Adding crossbeam-skiplist v0.1.3
      Adding crossbeam-utils v0.8.23
      Adding crypto-bigint v0.5.5
      Adding crypto-common v0.1.6 (available: v0.1.7)
    Updating cyber-lens v0.1.3 (/Users/master/cyber/lens/src) -> v0.2.0
    Updating cyber-lens-assayer v0.1.1 (/Users/master/cyber/lens/assayer) -> v0.2.0
    Updating cyber-lens-brakedown v0.1.1 (/Users/master/cyber/lens/brakedown) -> v0.2.0
    Updating cyber-lens-ikat v0.1.1 (/Users/master/cyber/lens/ikat) -> v0.2.0
    Updating cyber-lens-porphyry v0.1.1 (/Users/master/cyber/lens/porphyry) -> v0.2.0
      Adding cyber-mudra v0.1.0 (/Users/master/cyber/mudra)
    Updating cyber-nox v0.2.0 (/Users/master/cyber/nox/rs) -> v0.3.0
      Adding dashmap v6.2.1
      Adding der v0.7.10
      Adding digest v0.10.7
      Adding double-ended-peekable v0.1.0
      Adding ecdsa v0.16.9
      Adding elliptic-curve v0.13.8
      Adding enum_dispatch v0.3.13
      Adding ff v0.13.1
      Adding fjall v2.11.2 (/Users/master/cyber/bbg/rs/vendor/fjall)
      Adding generic-array v0.14.9
      Adding group v0.13.0
      Adding guardian v1.3.0
      Adding hashbrown v0.14.5
      Adding hashbrown v0.16.1
      Adding hmac v0.12.1
      Adding interval-heap v0.0.5
      Adding k256 v0.13.4
      Adding lock_api v0.4.14
      Adding lsm-tree v2.10.4
      Adding lz4_flex v0.11.6
      Adding neuron-id v0.1.0 (/Users/master/cyber/neuron/id)
      Adding neuron-model v0.1.0 (/Users/master/cyber/neuron/model)
      Adding parking_lot_core v0.9.12
      Adding path-absolutize v3.1.1
      Adding path-dedot v3.1.1
      Adding pkcs8 v0.10.2
      Adding quick_cache v0.6.24
      Adding rand_core v0.6.4
      Adding redox_syscall v0.5.18
      Adding rfc6979 v0.4.0
      Adding ripemd v0.1.3
      Adding rustc-hash v2.1.3
      Adding scopeguard v1.2.0
      Adding sec1 v0.7.3
      Adding self_cell v1.3.0
      Adding sha2 v0.10.9
      Adding signature v2.2.0
      Adding spki v0.7.3
      Adding std-semaphore v0.1.0
      Adding typenum v1.20.1
      Adding value-log v1.9.0
      Adding varint-rs v2.2.1
      Adding version_check v0.9.5
      Adding xxhash-rust v0.8.18
    Updating zheng v0.3.3 (/Users/master/cyber/zheng/rs) -> v0.4.0
   Compiling version_check v0.9.5
    Checking subtle v2.6.1
    Checking typenum v1.20.1
    Checking cyber-hemera v0.3.1 (/Users/master/cyber/hemera/rs)
    Checking const-oid v0.9.6
    Checking rand_core v0.6.4
    Checking base16ct v0.2.0
warning: field `journal_recovery_mode` is never read
  --> /Users/master/cyber/bbg/rs/vendor/fjall/src/config.rs:49:16
   |
14 | pub struct Config {
   |            ------ field in this struct
...
49 |     pub(crate) journal_recovery_mode: RecoveryMode,
   |                ^^^^^^^^^^^^^^^^^^^^^
   |
   = note: `Config` has a derived impl for the trait `Clone`, but this is intentionally ignored during dead code analysis
   = note: `#[warn(dead_code)]` (part of `#[warn(unused)]`) on by default

warning: method `outstanding_flushes` is never used
  --> /Users/master/cyber/bbg/rs/vendor/fjall/src/stats.rs:26:12
   |
25 | impl Stats {
   | ---------- method in this implementation
26 |     pub fn outstanding_flushes(&self) -> usize {
   |            ^^^^^^^^^^^^^^^^^^^

warning: hiding a lifetime that's elided elsewhere is confusing
  --> /Users/master/cyber/bbg/rs/vendor/fjall/src/tx/keyspace.rs:42:21
   |
42 |     pub fn write_tx(&self) -> WriteTransaction {
   |                     ^^^^^     ^^^^^^^^^^^^^^^^ the same lifetime is hidden here
   |                     |
   |                     the lifetime is elided here
   |
   = help: the same lifetime is referred to in inconsistent ways, making the signature confusing
   = note: `#[warn(mismatched_lifetime_syntaxes)]` on by default
help: use `'_` for type paths
   |
42 |     pub fn write_tx(&self) -> WriteTransaction<'_> {
   |                                               ++++

    Checking inf-value v0.1.0 (/Users/master/cyber/inf/rs/value)
    Checking cpufeatures v0.2.17
warning: `fjall` (lib) generated 3 warnings (run `cargo fix --lib -p fjall` to apply 1 suggestion)
    Checking bech32 v0.11.1
    Checking neuron-model v0.1.0 (/Users/master/cyber/neuron/model)
    Checking der v0.7.10
    Checking rustls v0.23.44
    Checking ff v0.13.1
    Checking inf-source v0.1.0 (/Users/master/cyber/inf/rs/source)
   Compiling generic-array v0.14.9
    Checking group v0.13.0
    Checking inf-eval v0.1.0 (/Users/master/cyber/inf/rs/eval)
    Checking cyber-lens-core v0.1.2 (/Users/master/cyber/lens/core)
    Checking cyber-tru v0.1.1 (/Users/master/cyber/tru/rs)
    Checking cyber-lens-brakedown v0.2.0 (/Users/master/cyber/lens/brakedown)
    Checking cyber-lens-porphyry v0.2.0 (/Users/master/cyber/lens/porphyry)
    Checking cyber-lens-binius v0.1.1 (/Users/master/cyber/lens/binius)
    Checking cyber-lens-ikat v0.2.0 (/Users/master/cyber/lens/ikat)
    Checking cyber-lens-assayer v0.2.0 (/Users/master/cyber/lens/assayer)
    Checking cyber-nox v0.3.0 (/Users/master/cyber/nox/rs)
    Checking spki v0.7.3
    Checking cyber-lens v0.2.0 (/Users/master/cyber/lens/src)
    Checking cyber-tok v0.1.1 (/Users/master/cyber/tok/rs)
    Checking zheng v0.4.0 (/Users/master/cyber/zheng/rs)
    Checking bbg v0.3.0 (/Users/master/cyber/bbg/rs)
    Checking crypto-common v0.1.6
    Checking block-buffer v0.10.4
    Checking sec1 v0.7.3
    Checking crypto-bigint v0.5.5
    Checking digest v0.10.7
    Checking hmac v0.12.1
    Checking signature v2.2.0
    Checking sha2 v0.10.9
    Checking ripemd v0.1.3
    Checking rfc6979 v0.4.0
    Checking ureq v2.12.1
    Checking foculus v0.1.3 (/Users/master/cyber/foculus)
    Checking elliptic-curve v0.13.8
    Checking ecdsa v0.16.9
    Checking k256 v0.13.4
    Checking cyber-mudra v0.1.0 (/Users/master/cyber/mudra)
    Checking cybergraph v0.1.1 (/Users/master/cyber/cybergraph)
    Checking soft3 v0.10.0 (/Users/master/cyber/soft3/crate)
    Checking true-cyber v0.8.0 (/Users/master/cyber/cyber)
    Finished `dev` profile [unoptimized + debuginfo] target(s) in 8.12s
