   Compiling version_check v0.9.5
   Compiling subtle v2.6.1
   Compiling cyber-hemera v0.3.1 (/Users/master/cyber/hemera/rs)
   Compiling typenum v1.20.1
   Compiling const-oid v0.9.6
   Compiling rand_core v0.6.4
   Compiling base16ct v0.2.0
warning: field `journal_recovery_mode` is never read
  --> /Users/master/cyber/bbg/rs/vendor/fjall/src/config.rs:49:16
   |
14 | pub struct Config {
   |            ------ field in this struct
...
49 |     pub(crate) journal_recovery_mode: RecoveryMode,
   |                ^^^^^^^^^^^^^^^^^^^^^
   |
   = note: `Config` has a derived impl for the trait `Clone`, but this is intentionally ignored during dead code analysis
   = note: `#[warn(dead_code)]` (part of `#[warn(unused)]`) on by default

warning: method `outstanding_flushes` is never used
  --> /Users/master/cyber/bbg/rs/vendor/fjall/src/stats.rs:26:12
   |
25 | impl Stats {
   | ---------- method in this implementation
26 |     pub fn outstanding_flushes(&self) -> usize {
   |            ^^^^^^^^^^^^^^^^^^^

warning: hiding a lifetime that's elided elsewhere is confusing
  --> /Users/master/cyber/bbg/rs/vendor/fjall/src/tx/keyspace.rs:42:21
   |
42 |     pub fn write_tx(&self) -> WriteTransaction {
   |                     ^^^^^     ^^^^^^^^^^^^^^^^ the same lifetime is hidden here
   |                     |
   |                     the lifetime is elided here
   |
   = help: the same lifetime is referred to in inconsistent ways, making the signature confusing
   = note: `#[warn(mismatched_lifetime_syntaxes)]` on by default
help: use `'_` for type paths
   |
42 |     pub fn write_tx(&self) -> WriteTransaction<'_> {
   |                                               ++++

   Compiling cpufeatures v0.2.17
   Compiling inf-value v0.1.0 (/Users/master/cyber/inf/rs/value)
warning: `fjall` (lib) generated 3 warnings (run `cargo fix --lib -p fjall` to apply 1 suggestion)
   Compiling bech32 v0.11.1
   Compiling neuron-model v0.1.0 (/Users/master/cyber/neuron/model)
   Compiling rustls v0.23.44
   Compiling der v0.7.10
   Compiling ff v0.13.1
   Compiling inf-source v0.1.0 (/Users/master/cyber/inf/rs/source)
   Compiling generic-array v0.14.9
   Compiling group v0.13.0
   Compiling inf-eval v0.1.0 (/Users/master/cyber/inf/rs/eval)
   Compiling cyber-lens-core v0.1.2 (/Users/master/cyber/lens/core)
   Compiling cyber-tru v0.1.1 (/Users/master/cyber/tru/rs)
   Compiling cyber-lens-brakedown v0.2.0 (/Users/master/cyber/lens/brakedown)
   Compiling cyber-lens-binius v0.1.1 (/Users/master/cyber/lens/binius)
   Compiling cyber-lens-porphyry v0.2.0 (/Users/master/cyber/lens/porphyry)
   Compiling cyber-lens-assayer v0.2.0 (/Users/master/cyber/lens/assayer)
   Compiling cyber-lens-ikat v0.2.0 (/Users/master/cyber/lens/ikat)
   Compiling cyber-nox v0.3.0 (/Users/master/cyber/nox/rs)
   Compiling cyber-lens v0.2.0 (/Users/master/cyber/lens/src)
   Compiling spki v0.7.3
   Compiling zheng v0.4.0 (/Users/master/cyber/zheng/rs)
   Compiling cyber-tok v0.1.1 (/Users/master/cyber/tok/rs)
   Compiling block-buffer v0.10.4
   Compiling crypto-common v0.1.6
   Compiling crypto-bigint v0.5.5
   Compiling sec1 v0.7.3
   Compiling digest v0.10.7
   Compiling hmac v0.12.1
   Compiling signature v2.2.0
   Compiling rfc6979 v0.4.0
   Compiling sha2 v0.10.9
   Compiling ripemd v0.1.3
   Compiling bbg v0.3.0 (/Users/master/cyber/bbg/rs)
   Compiling elliptic-curve v0.13.8
   Compiling ecdsa v0.16.9
   Compiling k256 v0.13.4
   Compiling ureq v2.12.1
   Compiling foculus v0.1.3 (/Users/master/cyber/foculus)
   Compiling cyber-mudra v0.1.0 (/Users/master/cyber/mudra)
   Compiling cybergraph v0.1.1 (/Users/master/cyber/cybergraph)
   Compiling soft3 v0.10.0 (/Users/master/cyber/soft3/crate)
   Compiling true-cyber v0.8.0 (/Users/master/cyber/cyber)
    Finished `release` profile [optimized] target(s) in 5.30s
