CC_aarch64_linux_android=/Users/master/Library/Android/sdk/ndk/27.3.13750724/toolchains/llvm/prebuilt/darwin-x86_64/bin/aarch64-linux-android24-clang \
	CXX_aarch64_linux_android=/Users/master/Library/Android/sdk/ndk/27.3.13750724/toolchains/llvm/prebuilt/darwin-x86_64/bin/aarch64-linux-android24-clang++ \
	AR_aarch64_linux_android=/Users/master/Library/Android/sdk/ndk/27.3.13750724/toolchains/llvm/prebuilt/darwin-x86_64/bin/llvm-ar \
	CARGO_TARGET_AARCH64_LINUX_ANDROID_LINKER=/Users/master/Library/Android/sdk/ndk/27.3.13750724/toolchains/llvm/prebuilt/darwin-x86_64/bin/aarch64-linux-android24-clang \
	/Users/master/.rustup/toolchains/stable-aarch64-apple-darwin/bin/cargo build --release --target aarch64-linux-android --lib -p cyb
    Blocking waiting for file lock on build directory
   Compiling proc-macro2 v1.0.106
   Compiling quote v1.0.44
   Compiling unicode-ident v1.0.24
   Compiling libc v0.2.180
   Compiling cfg-if v1.0.4
   Compiling serde_core v1.0.228
   Compiling serde v1.0.228
   Compiling memchr v2.8.0
   Compiling libm v0.2.16
   Compiling log v0.4.29
   Compiling cfg_aliases v0.2.1
   Compiling autocfg v1.5.0
   Compiling thiserror v2.0.18
   Compiling foldhash v0.2.0
   Compiling allocator-api2 v0.2.21
   Compiling equivalent v1.0.2
   Compiling smallvec v1.15.1
   Compiling once_cell v1.21.3
   Compiling arrayvec v0.7.6
   Compiling version_check v0.9.5
   Compiling typenum v1.19.0
   Compiling generic-array v0.14.7
   Compiling subtle v2.6.1
   Compiling rustversion v1.0.22
   Compiling num-traits v0.2.19
   Compiling crossbeam-utils v0.8.21
   Compiling zerocopy v0.8.39
   Compiling hashbrown v0.16.1
   Compiling unicode-xid v0.2.6
   Compiling const-oid v0.9.6
   Compiling typeid v1.0.3
   Compiling indexmap v2.13.0
   Compiling unicode-segmentation v1.12.0
   Compiling convert_case v0.10.0
   Compiling bytes v1.11.1
   Compiling aho-corasick v1.1.4
   Compiling shlex v1.3.0
   Compiling getrandom v0.4.1
   Compiling regex-syntax v0.8.9
   Compiling fastrand v2.3.0
   Compiling getrandom v0.3.4
   Compiling regex-automata v0.4.14
   Compiling syn v2.0.117
   Compiling erased-serde v0.4.9
   Compiling either v1.15.0
   Compiling getrandom v0.2.17
   Compiling pin-project-lite v0.2.16
   Compiling inventory v0.3.22
   Compiling winnow v0.7.14
   Compiling foldhash v0.1.5
   Compiling rand_core v0.6.4
   Compiling hashbrown v0.15.5
   Compiling toml_datetime v0.7.5+spec-1.1.0
   Compiling jobserver v0.1.34
   Compiling find-msvc-tools v0.1.9
   Compiling cc v1.2.56
   Compiling crc32fast v1.5.0
   Compiling simd-adler32 v0.3.8
   Compiling unicode-width v0.2.2
   Compiling jni-sys v0.3.0
   Compiling parking_lot_core v0.9.12
   Compiling scopeguard v1.2.0
   Compiling toml_parser v1.0.9+spec-1.1.0
   Compiling parking v2.2.1
   Compiling adler2 v2.0.1
   Compiling miniz_oxide v0.8.9
   Compiling lock_api v0.4.14
   Compiling toml_edit v0.23.10+spec-1.0.0
   Compiling errno v0.3.14
   Compiling zlib-rs v0.6.2
   Compiling encase_derive_impl v0.12.0
   Compiling thread_local v1.1.9
   Compiling bevy_macro_utils v0.18.0
   Compiling thiserror v1.0.69
   Compiling sha1_smol v1.0.1
   Compiling futures-core v0.3.32
   Compiling typewit v1.14.2
   Compiling concurrent-queue v2.5.0
   Compiling itertools v0.14.0
   Compiling event-listener v5.4.1
   Compiling const_panic v0.2.15
   Compiling nu-ansi-term v0.50.3
   Compiling bytemuck_derive v1.10.2
   Compiling serde_derive v1.0.228
   Compiling thiserror-impl v2.0.18
   Compiling zeroize_derive v1.5.0
   Compiling zerocopy-derive v0.8.39
   Compiling derive_more-impl v2.1.1
   Compiling zeroize v1.8.2
   Compiling thiserror-impl v1.0.69
   Compiling bytemuck v1.25.0
   Compiling rustix v1.1.3
   Compiling event-listener-strategy v0.5.4
   Compiling rand_core v0.9.5
   Compiling encase_derive v0.12.0
   Compiling android_system_properties v0.1.5
   Compiling linux-raw-sys v0.11.0
   Compiling futures-io v0.3.32
   Compiling spin v0.10.0
   Compiling slotmap v1.1.1
   Compiling futures-lite v2.6.1
   Compiling sysinfo v0.37.2
   Compiling disqualified v1.0.0
   Compiling flate2 v1.1.9
   Compiling atomic-waker v1.1.2
   Compiling fixedbitset v0.5.7
   Compiling zmij v1.0.21
   Compiling raw-window-handle v0.6.2
   Compiling bumpalo v3.20.2
   Compiling async-task v4.7.1
   Compiling async-channel v2.5.0
   Compiling assert_type_match v0.1.1
   Compiling variadics_please v1.1.0
   Compiling bevy_reflect_derive v0.18.0
   Compiling derive_more v2.1.1
   Compiling winnow v0.5.40
   Compiling slab v0.4.12
   Compiling bit-vec v0.8.0
   Compiling toml_datetime v0.6.3
   Compiling downcast-rs v2.0.2
   Compiling bevy_ptr v0.18.0
   Compiling bit-set v0.8.0
   Compiling crossbeam-queue v0.3.12
   Compiling nix v0.31.1
   Compiling itoa v1.0.17
   Compiling async-executor v1.14.0
   Compiling heck v0.5.0
   Compiling nonmax v0.5.5
   Compiling parking_lot v0.12.5
   Compiling bevy_ecs_macros v0.18.0
   Compiling toml_edit v0.20.2
   Compiling crypto-common v0.1.7
   Compiling block-buffer v0.10.4
   Compiling digest v0.10.7
   Compiling bitflags v2.11.0
   Compiling md-5 v0.10.6
   Compiling atomic v0.6.1
   Compiling bevy_derive v0.18.0
   Compiling ndk-sys v0.6.0+11769913
   Compiling combine v4.6.7
   Compiling uuid v1.21.0
   Compiling encase v0.12.0
   Compiling tracing-core v0.1.36
   Compiling byteorder v1.5.0
   Compiling proc-macro-crate v2.0.2
   Compiling semver v1.0.27
   Compiling tracing-attributes v0.1.31
   Compiling rustc_version v0.4.1
   Compiling same-file v1.0.6
   Compiling ndk-context v0.1.1
   Compiling jni-macros v0.22.4
   Compiling walkdir v2.5.0
   Compiling litrs v1.0.0
   Compiling simdutf8 v0.1.5
   Compiling simd_cesu8 v1.2.0
   Compiling num_enum_derive v0.7.5
   Compiling jni v0.22.4
   Compiling document-features v0.2.12
   Compiling tracing v0.1.44
   Compiling jni-sys-macros v0.4.1
   Compiling num_enum v0.7.5
   Compiling crossbeam-channel v0.5.15
   Compiling serde_json v1.0.149
   Compiling jni-sys v0.4.1
   Compiling wgpu-types v27.0.1
   Compiling smol_str v0.2.2
   Compiling bevy_platform v0.18.0
   Compiling bevy_utils v0.18.0
   Compiling petgraph v0.8.3
   Compiling bevy_tasks v0.18.0
   Compiling ppv-lite86 v0.2.21
   Compiling half v2.7.1
   Compiling rand_chacha v0.9.0
   Compiling rand v0.9.2
   Compiling android-activity v0.6.1
   Compiling android-properties v0.2.2
   Compiling ctrlc v3.5.2
   Compiling lazy_static v1.5.0
   Compiling rand_distr v0.5.1
   Compiling piper v0.2.4
   Compiling blake3 v1.8.3
   Compiling glam v0.30.10
   Compiling synstructure v0.13.2
   Compiling blocking v1.6.2
   Compiling async-lock v3.4.2
   Compiling futures-macro v0.3.32
   Compiling pxfm v0.1.27
   Compiling fdeflate v0.3.7
   Compiling color_quant v1.1.0
   Compiling arrayref v0.3.9
   Compiling self_cell v1.2.2
   Compiling zune-core v0.5.3
   Compiling quick-error v2.0.1
   Compiling futures-task v0.3.32
   Compiling const-fnv1a-hash v1.1.0
   Compiling byteorder-lite v0.1.0
   Compiling constant_time_eq v0.4.2
   Compiling weezl v0.1.12
   Compiling image-webp v0.2.4
   Compiling zune-jpeg v0.5.15
   Compiling gif v0.14.2
   Compiling futures-util v0.3.32
   Compiling png v0.18.1
   Compiling async-fs v2.2.0
   Compiling zerofrom-derive v0.1.6
   Compiling ron v0.12.0
   Compiling moxcms v0.7.11
   Compiling async-broadcast v0.7.2
   Compiling stackfuture v0.3.1
   Compiling bevy_asset_macros v0.18.0
   Compiling strata-core v0.1.1 (/Users/master/cyber/strata/core)
   Compiling rustc-hash v1.1.0
   Compiling atomicow v1.1.0
   Compiling zerofrom v0.1.6
   Compiling yoke-derive v0.8.1
   Compiling sharded-slab v0.1.7
   Compiling terminal_size v0.4.3
   Compiling tracing-log v0.2.0
   Compiling matchers v0.2.0
   Compiling stable_deref_trait v1.2.1
   Compiling tracing-subscriber v0.3.22
   Compiling euclid v0.22.13
   Compiling termcolor v1.4.1
   Compiling android_log-sys v0.3.2
   Compiling cyber-hemera v0.3.1 (/Users/master/cyber/hemera/rs)
   Compiling twox-hash v2.1.2
   Compiling svg_fmt v0.4.5
   Compiling ruzstd v0.8.2
   Compiling guillotiere v0.6.2
   Compiling ktx2 v0.4.0
   Compiling zerovec-derive v0.11.2
   Compiling regex v1.12.3
   Compiling rectangle-pack v0.4.2
   Compiling bevy_reflect v0.18.0
   Compiling strata-ext v0.1.1 (/Users/master/cyber/strata/ext)
   Compiling strata-proof v0.1.1 (/Users/master/cyber/strata/proof)
   Compiling spirv v0.3.0+sdk-1.3.268.0
   Compiling displaydoc v0.2.5
   Compiling sys-locale v0.3.2
   Compiling nix v0.30.1
   Compiling const_soft_float v0.1.4
   Compiling hexf-parse v0.2.1
   Compiling image v0.25.9
   Compiling ndk v0.9.0
   Compiling constgebra v0.1.4
   Compiling unicode-linebreak v0.1.5
   Compiling hexasphere v16.0.0
   Compiling strata-compute v0.1.1 (/Users/master/cyber/strata/compute)
   Compiling libloading v0.8.9
   Compiling bevy_mikktspace v0.17.0-dev
   Compiling khronos-egl v6.0.0
   Compiling ash v0.38.0+1.3.281
   Compiling yoke v0.8.1
   Compiling strata-nebu v0.1.1 (/Users/master/cyber/strata/nebu/rs)
   Compiling gpu-alloc-types v0.3.0
   Compiling gpu-descriptor-types v0.2.0
   Compiling iana-time-zone v0.1.65
   Compiling rustc-hash v2.1.1
   Compiling tinyvec_macros v0.1.1
   Compiling utf8parse v0.2.2
   Compiling pure-rust-locales v0.8.2
   Compiling tinyvec v1.10.0
   Compiling gpu-descriptor v0.3.2
   Compiling gpu-alloc v0.6.0
   Compiling glow v0.16.0
   Compiling renderdoc-sys v1.1.0
   Compiling profiling v1.0.17
   Compiling memmap2 v0.9.10
   Compiling vte v0.14.1
   Compiling naga v27.0.3
   Compiling anstyle v1.0.13
   Compiling owo-colors v4.3.0
   Compiling ref-cast v1.0.25
   Compiling colorchoice v1.0.4
   Compiling anstyle-query v1.1.5
   Compiling is_terminal_polyfill v1.70.2
   Compiling codespan-reporting v0.12.0
   Compiling unicode-width v0.1.14
   Compiling signal-hook v0.3.18
   Compiling cyber-lens-core v0.1.2 (/Users/master/cyber/lens/core)
   Compiling ref-cast-impl v1.0.25
   Compiling signal-hook-registry v1.4.8
   Compiling ryu v1.0.23
   Compiling typetag v0.2.21
   Compiling anstyle-parse v0.2.7
   Compiling mio v1.1.1
   Compiling wgpu-hal v27.0.4
   Compiling anstream v0.6.21
   Compiling chrono v0.4.43
   Compiling zerovec v0.11.5
   Compiling zerocopy v0.7.35
   Compiling font-types v0.10.1
   Compiling typetag-impl v0.2.21
   Compiling miette-derive v7.6.0
   Compiling ordered-float v5.1.0
   Compiling proc-macro-error-attr2 v2.0.0
   Compiling siphasher v1.0.2
   Compiling static_assertions v1.1.0
   Compiling unicase v2.9.0
   Compiling clap_lex v1.0.0
   Compiling strsim v0.11.1
   Compiling proc-macro-error2 v2.0.1
   Compiling buf-trait v0.4.1
   Compiling clap_builder v4.5.60
   Compiling cyber-lens-brakedown v0.2.0 (/Users/master/cyber/lens/brakedown)
   Compiling strip-ansi-escapes v0.2.1
   Compiling clap_derive v4.5.55
   Compiling castaway v0.2.4
   Compiling core_maths v0.1.1
   Compiling bevy_android v0.18.0
   Compiling wgpu-core v27.0.3
   Compiling data-encoding v2.10.0
   Compiling neuron-id v0.1.0 (/Users/master/cyber/neuron/id)
   Compiling clap v4.5.60
   Compiling signal-hook-mio v0.2.5
   Compiling crossterm v0.29.0
   Compiling lean_string v0.5.1
   Compiling byteyarn v0.5.1
   Compiling strum_macros v0.27.2
   Compiling num-format v0.4.4
   Compiling tinystr v0.8.2
   Compiling nu-derive-value v0.110.0 (/Users/master/cyber/nu/crates/nu-derive-value)
   Compiling fancy-regex v0.17.0
   Compiling lscolors v0.20.0
   Compiling crossbeam-epoch v0.9.18
   Compiling wgpu v27.0.1
   Compiling procfs v0.18.0
   Compiling hex v0.4.3
   Compiling option-ext v0.2.0
   Compiling procfs-core v0.18.0
   Compiling dirs-sys v0.5.0
   Compiling ndk-sys v0.5.0+25.2.9519653
   Compiling radsort v0.1.1
   Compiling unic-langid-impl v0.9.6
   Compiling nu-utils v0.110.0 (/Users/master/cyber/nu/crates/nu-utils)
   Compiling unic-langid v0.9.6
   Compiling is_ci v1.2.0
   Compiling supports-color v3.0.2
   Compiling dirs v6.0.0
   Compiling read-fonts v0.36.0
   Compiling read-fonts v0.35.0
   Compiling textwrap v0.16.2
   Compiling offset-allocator v0.2.0
   Compiling bevy_render_macros v0.18.0
   Compiling bevy_encase_derive v0.18.0
   Compiling bevy_ecs v0.18.0
   Compiling bevy_math v0.18.0
   Compiling naga_oil v0.20.0
   Compiling web-time v1.1.0
   Compiling supports-hyperlinks v3.2.0
   Compiling supports-unicode v3.0.0
   Compiling glob v0.3.3
   Compiling nu-path v0.110.0 (/Users/master/cyber/nu/crates/nu-path)
   Compiling clang-sys v1.8.1
   Compiling miette v7.6.0
   Compiling nu-system v0.110.0 (/Users/master/cyber/nu/crates/nu-system)
   Compiling ttf-parser v0.25.1
   Compiling wgpu-core-deps-windows-linux-android v27.0.0
   Compiling skrifa v0.37.0
   Compiling cyber-nox v0.3.0 (/Users/master/cyber/nox/rs)
   Compiling bevy_color v0.18.0
   Compiling chrono-humanize v0.2.3
   Compiling type-map v0.5.1
   Compiling tempfile v3.25.0
   Compiling serde_spanned v0.6.9
   Compiling nu-experimental v0.110.0 (/Users/master/cyber/nu/crates/nu-experimental)
   Compiling os_pipe v1.2.3
   Compiling lru v0.16.3
   Compiling yazi v0.2.1
   Compiling strum v0.27.2
   Compiling core-foundation-sys v0.8.7
   Compiling percent-encoding v2.3.2
   Compiling nu-glob v0.110.0 (/Users/master/cyber/nu/crates/nu-glob)
   Compiling zeno v0.3.3
   Compiling swash v0.2.6
   Compiling nu-protocol v0.110.0 (/Users/master/cyber/nu/crates/nu-protocol)
   Compiling intl-memoizer v0.5.3
   Compiling fontdb v0.23.0
   Compiling skrifa v0.39.0
   Compiling harfrust v0.4.1
   Compiling bevy_app v0.18.0
   Compiling bevy_time v0.18.0
   Compiling bevy_diagnostic v0.18.0
   Compiling bevy_asset v0.18.0
   Compiling bevy_log v0.18.0
   Compiling bevy_transform v0.18.0
   Compiling bevy_input v0.18.0
   Compiling intl_pluralrules v7.0.2
   Compiling fluent-langneg v0.13.1
   Compiling fluent-syntax v0.12.0
   Compiling der v0.7.10
   Compiling num-integer v0.1.46
   Compiling cpufeatures v0.2.17
   Compiling bigdecimal v0.4.10
   Compiling path-dedot v3.1.1
   Compiling minimal-lexical v0.2.1
   Compiling base64 v0.22.1
   Compiling linebender_resource_handle v0.1.1
   Compiling unicode-script v0.5.8
   Compiling rune-ast v0.1.0 (/Users/master/cyber/rune/rs/ast)
   Compiling rangemap v1.7.1
   Compiling unicode-bidi v0.3.18
   Compiling compare v0.0.6
   Compiling nu-engine v0.110.0 (/Users/master/cyber/nu/crates/nu-engine)
   Compiling nom v7.1.3
   Compiling interval-heap v0.0.5
   Compiling path-absolutize v3.1.1
   Compiling cosmic-text v0.16.0
   Compiling bevy_image v0.18.0
   Compiling bevy_shader v0.18.0
   Compiling num-bigint v0.4.6
   Compiling fluent-bundle v0.16.0
   Compiling bevy_mesh v0.18.0
   Compiling bevy_window v0.18.0
   Compiling toml v0.8.2
   Compiling phf_shared v0.13.1
   Compiling strata-jali v0.1.1 (/Users/master/cyber/strata/jali/rs)
   Compiling strata-kuro v0.1.1 (/Users/master/cyber/strata/kuro/rs)
   Compiling strata-genies v0.1.1 (/Users/master/cyber/strata/genies/rs)
   Compiling strata-trop v0.1.1 (/Users/master/cyber/strata/trop/rs)
   Compiling hmac v0.12.1
   Compiling strum_macros v0.26.4
   Compiling oboe-sys v0.6.1
   Compiling bevy_camera v0.18.0
   Compiling ff v0.13.1
   Compiling varint-rs v2.2.1
   Compiling uucore v0.5.0
   Compiling fnv v1.0.7
   Compiling xxhash-rust v0.8.18
   Compiling base16ct v0.2.0
   Compiling byteview v0.6.1
   Compiling bindgen v0.72.1
   Compiling value-log v1.9.0
   Compiling strum v0.26.3
   Compiling sec1 v0.7.3
   Compiling group v0.13.0
   Compiling cyber-lens-assayer v0.2.0 (/Users/master/cyber/lens/assayer)
   Compiling cyber-lens-porphyry v0.2.0 (/Users/master/cyber/lens/porphyry)
   Compiling cyber-lens-binius v0.1.1 (/Users/master/cyber/lens/binius)
   Compiling phf v0.13.1
   Compiling cyber-lens-ikat v0.2.0 (/Users/master/cyber/lens/ikat)
   Compiling bevy_render v0.18.0
   Compiling bevy_picking v0.18.0
   Compiling bevy_text v0.18.0
   Compiling fluent v0.17.0
   Compiling cexpr v0.6.0
   Compiling sha2 v0.10.9
   Compiling itertools v0.13.0
   Compiling enum_dispatch v0.3.13
   Compiling crossbeam-skiplist v0.1.3
   Compiling xattr v1.6.1
   Compiling crypto-bigint v0.5.5
   Compiling os_display v0.1.4
   Compiling quick_cache v0.6.24
   Compiling uucore_procs v0.5.0
   Compiling const_format_proc_macros v0.2.34
   Compiling hashbrown v0.14.5
   Compiling double-ended-peekable v0.1.0
   Compiling cesu8 v1.1.0
   Compiling dunce v1.0.5
   Compiling guardian v1.3.0
   Compiling accesskit v0.21.1
   Compiling lz4_flex v0.11.6
   Compiling lsm-tree v2.10.4
   Compiling dashmap v6.1.0
   Compiling jni v0.21.1
   Compiling elliptic-curve v0.13.8
   Compiling bevy_sprite v0.18.0
   Compiling bevy_light v0.18.0
   Compiling cyber-lens v0.2.0 (/Users/master/cyber/lens/src)
   Compiling rfc6979 v0.4.0
   Compiling spki v0.7.3
   Compiling ndk v0.8.0
   Compiling signature v2.2.0
   Compiling num-derive v0.4.2
   Compiling cyber-tape v0.1.0 (/Users/master/cyber/tape/impl/rust)
   Compiling winit v0.30.12
   Compiling anyhow v1.0.102
   Compiling bytesize v2.3.1
   Compiling writeable v0.6.2
   Compiling inflections v1.1.1
   Compiling inf-ast v0.1.0 (/Users/master/cyber/inf/rs/ast)
   Compiling cpal v0.15.3
   Compiling litemap v0.8.1
   Compiling std-semaphore v0.1.0
   Compiling gltf-derive v1.4.1
   Compiling fjall v2.11.2 (/Users/master/cyber/bbg/rs/vendor/fjall)
   Compiling icu_locale_core v2.1.1
warning: field `journal_recovery_mode` is never read
  --> /Users/master/cyber/bbg/rs/vendor/fjall/src/config.rs:49:16
   |
14 | pub struct Config {
   |            ------ field in this struct
...
49 |     pub(crate) journal_recovery_mode: RecoveryMode,
   |                ^^^^^^^^^^^^^^^^^^^^^
   |
   = note: `Config` has a derived impl for the trait `Clone`, but this is intentionally ignored during dead code analysis
   = note: `#[warn(dead_code)]` (part of `#[warn(unused)]`) on by default

warning: method `outstanding_flushes` is never used
  --> /Users/master/cyber/bbg/rs/vendor/fjall/src/stats.rs:26:12
   |
25 | impl Stats {
   | ---------- method in this implementation
26 |     pub fn outstanding_flushes(&self) -> usize {
   |            ^^^^^^^^^^^^^^^^^^^

warning: hiding a lifetime that's elided elsewhere is confusing
  --> /Users/master/cyber/bbg/rs/vendor/fjall/src/tx/keyspace.rs:42:21
   |
42 |     pub fn write_tx(&self) -> WriteTransaction {
   |                     ^^^^^     ^^^^^^^^^^^^^^^^ the same lifetime is hidden here
   |                     |
   |                     the lifetime is elided here
   |
   = help: the same lifetime is referred to in inconsistent ways, making the signature confusing
   = note: `#[warn(mismatched_lifetime_syntaxes)]` on by default
help: use `'_` for type paths
   |
42 |     pub fn write_tx(&self) -> WriteTransaction<'_> {
   |                                               ++++

   Compiling nu-parser v0.110.0 (/Users/master/cyber/nu/crates/nu-parser)
   Compiling ecdsa v0.16.9
   Compiling libproc v0.14.11
   Compiling zheng v0.4.0 (/Users/master/cyber/zheng/rs)
   Compiling bevy_a11y v0.18.0
   Compiling bevy_input_focus v0.18.0
   Compiling cyber-tru v0.1.1 (/Users/master/cyber/tru/rs)
   Compiling neuron-model v0.1.0 (/Users/master/cyber/neuron/model)
   Compiling potential_utf v0.1.4
   Compiling inf-value v0.1.0 (/Users/master/cyber/inf/rs/value)
   Compiling objc2-core-foundation v0.3.2
   Compiling zerotrie v0.2.3
   Compiling rand_chacha v0.3.1
   Compiling ogg v0.8.0
   Compiling hex-conservative v0.2.2
   Compiling naga v24.0.0 (/Users/master/cyber/evy/forks/naga)
   Compiling gilrs v0.11.1
   Compiling icu_properties_data v2.1.2
   Compiling icu_normalizer_data v2.1.1
   Compiling cursor-icon v1.2.0
   Compiling grid v1.0.0
   Compiling ucd-trie v0.1.7
   Compiling jiff-core v0.1.0
   Compiling dasp_sample v0.11.0
   Compiling rune-lex v0.1.0 (/Users/master/cyber/rune/rs/lex)
   Compiling dpi v0.1.2
   Compiling rune-parse-pure v0.1.0 (/Users/master/cyber/rune/rs/parse-pure)
   Compiling bevy_core_pipeline v0.18.0
   Compiling jiff v0.2.35
warning: `fjall` (lib) generated 3 warnings (run `cargo fix --lib -p fjall` to apply 1 suggestion)
   Compiling taffy v0.9.2
   Compiling pest v2.8.6
   Compiling bitcoin_hashes v0.14.1
   Compiling lewton v0.10.2
   Compiling icu_provider v2.1.1
   Compiling rand v0.8.5
   Compiling objc2-io-kit v0.3.2
   Compiling inf-source v0.1.0 (/Users/master/cyber/inf/rs/source)
   Compiling icu_collections v2.1.1
   Compiling cyber-tok v0.1.1 (/Users/master/cyber/tok/rs)
   Compiling bbg v0.3.0 (/Users/master/cyber/bbg/rs)
   Compiling k256 v0.13.4
   Compiling gltf-json v1.4.1
   Compiling bs58 v0.5.1
   Compiling pbkdf2 v0.12.2
   Compiling rune-subject v0.1.0 (/Users/master/cyber/rune/rs/subject)
   Compiling codespan-reporting v0.11.1
   Compiling unicode-normalization v0.1.25
   Compiling linked-hash-map v0.5.6
   Compiling gilrs-core v0.6.7
   Compiling ripemd v0.1.3
   Compiling bevy_animation_macros v0.18.0
   Compiling bevy_gizmos_macros v0.18.0
   Compiling ring v0.17.14
   Compiling wgpu-hal v24.0.4
   Compiling inf-lex v0.1.0 (/Users/master/cyber/inf/rs/lex)
   Compiling portable-atomic v1.13.1
   Compiling powerfmt v0.2.0
   Compiling tz-rs v0.7.3
   Compiling syn v1.0.109
   Compiling rayon-core v1.13.0
   Compiling vec_map v0.8.2
   Compiling tzdb_data v0.2.3
   Compiling gltf v1.4.1
   Compiling deranged v0.5.7
   Compiling bevy_sprite_render v0.18.0
warning: a method with this name may be added to the standard library in the future
  --> /Users/master/cyber/evy/forks/naga/src/back/spv/layout.rs:59:45
   |
59 |             capabilities: self.capabilities.recycle(),
   |                                             ^^^^^^^
   |
   = help: call with fully qualified syntax `Recyclable::recycle(...)` to keep using the current method
   = warning: once this associated item is added to the standard library, the ambiguity may cause an error or change in behavior!
   = note: for more information, see issue #48919 <https://github.com/rust-lang/rust/issues/48919>
   = note: `#[warn(unstable_name_collisions)]` (part of `#[warn(future_incompatible)]`) on by default

warning: a method with this name may be added to the standard library in the future
  --> /Users/master/cyber/evy/forks/naga/src/back/spv/layout.rs:60:41
   |
60 |             extensions: self.extensions.recycle(),
   |                                         ^^^^^^^
   |
   = help: call with fully qualified syntax `Recyclable::recycle(...)` to keep using the current method
   = warning: once this associated item is added to the standard library, the ambiguity may cause an error or change in behavior!
   = note: for more information, see issue #48919 <https://github.com/rust-lang/rust/issues/48919>

warning: a method with this name may be added to the standard library in the future
  --> /Users/master/cyber/evy/forks/naga/src/back/spv/layout.rs:61:53
   |
61 |             ext_inst_imports: self.ext_inst_imports.recycle(),
   |                                                     ^^^^^^^
   |
   = help: call with fully qualified syntax `Recyclable::recycle(...)` to keep using the current method
   = warning: once this associated item is added to the standard library, the ambiguity may cause an error or change in behavior!
   = note: for more information, see issue #48919 <https://github.com/rust-lang/rust/issues/48919>

warning: a method with this name may be added to the standard library in the future
  --> /Users/master/cyber/evy/forks/naga/src/back/spv/layout.rs:62:45
   |
62 |             memory_model: self.memory_model.recycle(),
   |                                             ^^^^^^^
   |
   = help: call with fully qualified syntax `Recyclable::recycle(...)` to keep using the current method
   = warning: once this associated item is added to the standard library, the ambiguity may cause an error or change in behavior!
   = note: for more information, see issue #48919 <https://github.com/rust-lang/rust/issues/48919>

warning: a method with this name may be added to the standard library in the future
  --> /Users/master/cyber/evy/forks/naga/src/back/spv/layout.rs:63:45
   |
63 |             entry_points: self.entry_points.recycle(),
   |                                             ^^^^^^^
   |
   = help: call with fully qualified syntax `Recyclable::recycle(...)` to keep using the current method
   = warning: once this associated item is added to the standard library, the ambiguity may cause an error or change in behavior!
   = note: for more information, see issue #48919 <https://github.com/rust-lang/rust/issues/48919>

warning: a method with this name may be added to the standard library in the future
  --> /Users/master/cyber/evy/forks/naga/src/back/spv/layout.rs:64:51
   |
64 |             execution_modes: self.execution_modes.recycle(),
   |                                                   ^^^^^^^
   |
   = help: call with fully qualified syntax `Recyclable::recycle(...)` to keep using the current method
   = warning: once this associated item is added to the standard library, the ambiguity may cause an error or change in behavior!
   = note: for more information, see issue #48919 <https://github.com/rust-lang/rust/issues/48919>

warning: a method with this name may be added to the standard library in the future
  --> /Users/master/cyber/evy/forks/naga/src/back/spv/layout.rs:65:33
   |
65 |             debugs: self.debugs.recycle(),
   |                                 ^^^^^^^
   |
   = help: call with fully qualified syntax `Recyclable::recycle(...)` to keep using the current method
   = warning: once this associated item is added to the standard library, the ambiguity may cause an error or change in behavior!
   = note: for more information, see issue #48919 <https://github.com/rust-lang/rust/issues/48919>

warning: a method with this name may be added to the standard library in the future
  --> /Users/master/cyber/evy/forks/naga/src/back/spv/layout.rs:66:43
   |
66 |             annotations: self.annotations.recycle(),
   |                                           ^^^^^^^
   |
   = help: call with fully qualified syntax `Recyclable::recycle(...)` to keep using the current method
   = warning: once this associated item is added to the standard library, the ambiguity may cause an error or change in behavior!
   = note: for more information, see issue #48919 <https://github.com/rust-lang/rust/issues/48919>

warning: a method with this name may be added to the standard library in the future
  --> /Users/master/cyber/evy/forks/naga/src/back/spv/layout.rs:67:45
   |
67 |             declarations: self.declarations.recycle(),
   |                                             ^^^^^^^
   |
   = help: call with fully qualified syntax `Recyclable::recycle(...)` to keep using the current method
   = warning: once this associated item is added to the standard library, the ambiguity may cause an error or change in behavior!
   = note: for more information, see issue #48919 <https://github.com/rust-lang/rust/issues/48919>

warning: a method with this name may be added to the standard library in the future
  --> /Users/master/cyber/evy/forks/naga/src/back/spv/layout.rs:68:63
   |
68 |             function_declarations: self.function_declarations.recycle(),
   |                                                               ^^^^^^^
   |
   = help: call with fully qualified syntax `Recyclable::recycle(...)` to keep using the current method
   = warning: once this associated item is added to the standard library, the ambiguity may cause an error or change in behavior!
   = note: for more information, see issue #48919 <https://github.com/rust-lang/rust/issues/48919>

warning: a method with this name may be added to the standard library in the future
  --> /Users/master/cyber/evy/forks/naga/src/back/spv/layout.rs:69:61
   |
69 |             function_definitions: self.function_definitions.recycle(),
   |                                                             ^^^^^^^
   |
   = help: call with fully qualified syntax `Recyclable::recycle(...)` to keep using the current method
   = warning: once this associated item is added to the standard library, the ambiguity may cause an error or change in behavior!
   = note: for more information, see issue #48919 <https://github.com/rust-lang/rust/issues/48919>

warning: a method with this name may be added to the standard library in the future
   --> /Users/master/cyber/evy/forks/naga/src/back/spv/writer.rs:124:44
    |
124 |             debugs: take(&mut self.debugs).recycle(),
    |                                            ^^^^^^^
    |
    = help: call with fully qualified syntax `Recyclable::recycle(...)` to keep using the current method
    = warning: once this associated item is added to the standard library, the ambiguity may cause an error or change in behavior!
    = note: for more information, see issue #48919 <https://github.com/rust-lang/rust/issues/48919>

warning: a method with this name may be added to the standard library in the future
   --> /Users/master/cyber/evy/forks/naga/src/back/spv/writer.rs:125:54
    |
125 |             annotations: take(&mut self.annotations).recycle(),
    |                                                      ^^^^^^^
    |
    = help: call with fully qualified syntax `Recyclable::recycle(...)` to keep using the current method
    = warning: once this associated item is added to the standard library, the ambiguity may cause an error or change in behavior!
    = note: for more information, see issue #48919 <https://github.com/rust-lang/rust/issues/48919>

warning: a method with this name may be added to the standard library in the future
   --> /Users/master/cyber/evy/forks/naga/src/back/spv/writer.rs:133:50
    |
133 |             temp_list: take(&mut self.temp_list).recycle(),
    |                                                  ^^^^^^^
    |
    = help: call with fully qualified syntax `Recyclable::recycle(...)` to keep using the current method
    = warning: once this associated item is added to the standard library, the ambiguity may cause an error or change in behavior!
    = note: for more information, see issue #48919 <https://github.com/rust-lang/rust/issues/48919>

   Compiling bevy_pbr v0.18.0
   Compiling bip32 v0.5.3
   Compiling inf-parse v0.1.0 (/Users/master/cyber/inf/rs/parse)
   Compiling bevy_gizmos v0.18.0
   Compiling bevy_animation v0.18.0
   Compiling nu-json v0.110.0 (/Users/master/cyber/nu/crates/nu-json)
   Compiling bip39 v2.2.2
   Compiling rune-lower v0.1.0 (/Users/master/cyber/rune/rs/lower)
   Compiling foculus v0.1.3 (/Users/master/cyber/foculus)
   Compiling inf-eval v0.1.0 (/Users/master/cyber/inf/rs/eval)
   Compiling oboe v0.6.1
   Compiling pest_meta v2.8.6
   Compiling rodio v0.20.1
   Compiling bevy_ui v0.18.0
   Compiling accesskit_winit v0.29.2
   Compiling rune-parse v0.1.0 (/Users/master/cyber/rune/rs/parse)
   Compiling neuron-engine v0.1.0 (/Users/master/cyber/neuron/engine)
   Compiling inf-plan v0.1.0 (/Users/master/cyber/inf/rs/plan)
   Compiling ansitok v0.3.0
   Compiling bevy_scene v0.18.0
   Compiling rune-interp v0.1.0 (/Users/master/cyber/rune/rs/interp)
   Compiling crossbeam-deque v0.8.6
   Compiling wgpu-types v24.0.0
   Compiling bevy_state_macros v0.18.0
   Compiling console v0.16.2
   Compiling ordered-float v4.6.0
   Compiling approx v0.5.1
   Compiling num_threads v0.1.7
   Compiling filetime v0.2.27
   Compiling wgpu-core v24.0.5
   Compiling encoding_rs v0.8.35
   Compiling num-conv v0.2.0
   Compiling bech32 v0.11.1
   Compiling mach2 v0.6.0
   Compiling time-core v0.1.8
   Compiling bevy_ui_render v0.18.0
   Compiling time v0.3.47
   Compiling cyber-mudra v0.1.0 (/Users/master/cyber/mudra)
   Compiling bevy_winit v0.18.0
   Compiling bevy_state v0.18.0
   Compiling neuron-rune v0.1.0 (/Users/master/cyber/neuron/rune)
   Compiling ansi-str v0.9.0
   Compiling cybergraph v0.1.1 (/Users/master/cyber/cybergraph)
   Compiling bevy_audio v0.18.0
   Compiling pest_generator v2.8.6
   Compiling icu_normalizer v2.1.1
   Compiling icu_properties v2.1.2
   Compiling tzdb v0.7.3
   Compiling bevy_post_process v0.18.0
   Compiling bevy_anti_alias v0.18.0
   Compiling bevy_gilrs v0.18.0
   Compiling nu-cmd-base v0.110.0 (/Users/master/cyber/nu/crates/nu-cmd-base)
   Compiling const_format v0.2.35
   Compiling form_urlencoded v1.2.2
   Compiling anstyle-parse v1.0.0
   Compiling inout v0.1.4
   Compiling rustls-pki-types v1.15.1
   Compiling inotify-sys v0.1.5
   Compiling wgpu v24.0.5
   Compiling unit-prefix v0.5.2
   Compiling is_debug v1.1.0
   Compiling untrusted v0.9.0
   Compiling bitflags v1.3.2
   Compiling rust_decimal v1.40.0
   Compiling bytecount v0.6.9
   Compiling httparse v1.10.1
   Compiling alloc-no-stdlib v2.0.4
   Compiling v_htmlescape v0.15.8
   Compiling alloc-stdlib v0.2.2
   Compiling papergrid v0.17.0
   Compiling inotify v0.9.6
   Compiling shadow-rs v1.7.0
   Compiling indicatif v0.18.4
   Compiling anstream v1.0.0
   Compiling cipher v0.4.4
   Compiling pest_consume_macros v1.1.0
warning: `naga` (lib) generated 14 warnings
   Compiling idna_adapter v1.2.1
   Compiling pest_derive v2.8.6
   Compiling neuron-node v0.1.0 (/Users/master/cyber/neuron/node)
   Compiling rayon v1.11.0
   Compiling nu-color-config v0.110.0 (/Users/master/cyber/nu/crates/nu-color-config)
   Compiling mime_guess v2.0.5
   Compiling phf_shared v0.11.3
   Compiling phf_shared v0.12.1
   Compiling env_filter v2.0.0
   Compiling fd-lock v4.0.4
   Compiling safe_arch v0.7.4
   Compiling universal-hash v0.5.1
   Compiling http v1.4.0
   Compiling zopfli v0.8.3
   Compiling bevy_gizmos_render v0.18.0
   Compiling bevy_gltf v0.18.0
   Compiling mio v0.8.11
   Compiling is-docker v0.2.0
   Compiling rustls v0.23.43
   Compiling pollster v0.4.0
   Compiling chrono-tz v0.10.4
   Compiling opaque-debug v0.3.1
   Compiling utf8_iter v1.0.4
   Compiling debug_unsafe v0.1.4
   Compiling mime v0.3.17
   Compiling env_home v0.1.0
   Compiling which v8.0.0
   Compiling atoi_simd v0.16.1
   Compiling idna v1.1.0
   Compiling poly1305 v0.8.0
   Compiling is-wsl v0.4.0
   Compiling notify v6.1.1
   Compiling reedline v0.45.0
   Compiling nu-cmd-extra v0.110.0 (/Users/master/cyber/nu/crates/nu-cmd-extra)
   Compiling zip v4.6.1
   Compiling bevy_internal v0.18.0
   Compiling bevy v0.18.0
   Compiling wide v0.7.33
   Compiling env_logger v0.11.11
   Compiling phf v0.12.1
   Compiling phf v0.11.3
   Compiling soma-agent v0.1.0 (/Users/master/cyber/soma/agent)
   Compiling pest_consume v1.1.3
   Compiling chacha20 v0.9.1
   Compiling rustls-webpki v0.103.15
   Compiling nu-cmd-lang v0.110.0 (/Users/master/cyber/nu/crates/nu-cmd-lang)
   Compiling tabled v0.20.0
   Compiling brotli-decompressor v5.0.0
   Compiling serde_urlencoded v0.7.1
   Compiling parse_datetime v0.13.3
   Compiling quick-xml v0.38.4
   Compiling codepage v0.1.2
   Compiling pori v0.0.0
   Compiling aead v0.5.2
   Compiling nu-pretty-hex v0.110.0 (/Users/master/cyber/nu/crates/nu-pretty-hex)
   Compiling fuzzy-matcher v0.3.7
   Compiling itertools v0.11.0
   Compiling platform-info v2.0.5
   Compiling serde_spanned v1.0.4
   Compiling csv-core v0.1.13
   Compiling base64 v0.23.1
   Compiling shell-words v1.1.1
   Compiling toml_writer v1.0.6+spec-1.1.0
   Compiling unsafe-libyaml v0.2.11
   Compiling fs_extra v1.3.0
   Compiling pathdiff v0.2.3
   Compiling file-id v0.2.3
   Compiling linux-raw-sys v0.12.1
   Compiling mutants v0.0.3
   Compiling fast-float2 v0.2.3
   Compiling uu_cp v0.5.0
   Compiling serde_yaml v0.9.34+deprecated
   Compiling calamine v0.32.0
   Compiling unimem v0.2.0 (/Users/master/cyber/honeycrisp/unimem)
   Compiling uu_mv v0.5.0
   Compiling notify-debouncer-full v0.3.2
   Compiling open v5.3.3
   Compiling toml v0.9.12+spec-1.1.0
   Compiling ureq-proto v0.6.1
   Compiling dialoguer v0.12.0
   Compiling csv v1.4.0
   Compiling wax v0.6.0
   Compiling uu_uname v0.5.0
   Compiling chacha20poly1305 v0.10.1
   Compiling uu_touch v0.5.0
   Compiling dtparse v2.0.1
   Compiling nu-table v0.110.0 (/Users/master/cyber/nu/crates/nu-table)
   Compiling brotli v8.0.2
   Compiling human-date-parser v0.3.1
   Compiling oem_cp v2.1.2
   Compiling run v0.1.0 (/Users/master/cyber/glia/run)
   Compiling url v2.5.8
   Compiling webpki-roots v1.0.9
warning: variable does not need to be mutable
   --> /Users/master/cyber/glia/run/tokenizer/loader.rs:219:9
    |
219 |     let mut add = |tokens: &mut Vec<(u32, String)>, id: u32, name: String| {
    |         ----^^^
    |         |
    |         help: remove this `mut`
    |
    = note: `#[warn(unused_mut)]` (part of `#[warn(unused)]`) on by default

warning: function `dbg_stats` is never used
   --> /Users/master/cyber/glia/run/arch/decoder/forward.rs:666:4
    |
666 | fn dbg_stats(label: &str, v: &[f32]) { dbg_stats_l(0, label, v); }
    |    ^^^^^^^^^
    |
    = note: `#[warn(dead_code)]` (part of `#[warn(unused)]`) on by default

warning: function `matmul_f32_scalar` is never used
  --> /Users/master/cyber/glia/run/backend/cpu/matmul.rs:90:8
   |
90 | pub fn matmul_f32_scalar(x: &Tensor, w: &Tensor) -> Result<Tensor, BackendError> {
   |        ^^^^^^^^^^^^^^^^^

warning: field `device` is never read
  --> /Users/master/cyber/glia/run/backend/wgpu/mod.rs:29:5
   |
27 | struct GpuBuffer {
   |        --------- field in this struct
28 |     buffer: wgpu::Buffer,
29 |     device: Arc<Device>,
   |     ^^^^^^

warning: function `softmax` is never used
   --> /Users/master/cyber/glia/run/generate.rs:201:4
    |
201 | fn softmax(logits: &[f32]) -> Vec<f32> {
    |    ^^^^^^^

   Compiling chardetng v0.1.17
   Compiling nuon v0.110.0 (/Users/master/cyber/nu/crates/nuon)
   Compiling uu_mktemp v0.5.0
   Compiling uu_mkdir v0.5.0
   Compiling uu_whoami v0.5.0
   Compiling nu-term-grid v0.110.0 (/Users/master/cyber/nu/crates/nu-term-grid)
   Compiling print-positions v0.6.1
   Compiling nucleo-matcher v0.3.1
   Compiling titlecase v3.6.0
   Compiling devicons v0.6.12
   Compiling umask v2.1.0
   Compiling rmp v0.8.15
   Compiling cyb v0.13.1 (/Users/master/cyber/cyb/shell)
   Compiling bracoxide v0.1.8
   Compiling filesize v0.2.0
   Compiling utf8-zero v0.8.1
   Compiling is_executable v1.0.5
   Compiling alphanumeric-sort v1.5.5
   Compiling roxmltree v0.20.0
   Compiling nu-cli v0.110.0 (/Users/master/cyber/nu/crates/nu-cli)
   Compiling ureq v3.4.0
   Compiling soma-kernel v0.1.0 (/Users/master/cyber/soma/kernel)
   Compiling nu-command v0.110.0 (/Users/master/cyber/nu/crates/nu-command)
   Compiling cyb-core v0.1.0 (/Users/master/cyber/cyb/core)
   Compiling mir v0.1.0 (/Users/master/cyber/mir)
   Compiling prysm v0.1.0 (/Users/master/cyber/prysm)
   Compiling nu-std v0.110.0 (/Users/master/cyber/nu/crates/nu-std)
warning: variable does not need to be mutable
   --> /Users/master/cyber/mir/src/bevy/world.rs:177:9
    |
177 |     let mut lock = match epoch_res.inner.try_write() {
    |         ----^^^^
    |         |
    |         help: remove this `mut`
    |
    = note: `#[warn(unused_mut)]` (part of `#[warn(unused)]`) on by default

warning: function `hsl_to_rgb` is never used
   --> /Users/master/cyber/mir/src/epoch/mod.rs:101:4
    |
101 | fn hsl_to_rgb(h_rad: f32, s: f32, l: f32) -> [f32; 3] {
    |    ^^^^^^^^^^
    |
    = note: `#[warn(dead_code)]` (part of `#[warn(unused)]`) on by default

   Compiling rune-prysm v0.1.0 (/Users/master/cyber/rune/rs/prysm)
   Compiling sha1 v0.10.7
   Compiling base32 v0.5.1
warning: `run` (lib) generated 5 warnings (run `cargo fix --lib -p run` to apply 1 suggestion)
warning: `mir` (lib) generated 2 warnings (run `cargo fix --lib -p mir` to apply 1 suggestion)
warning: unused import: `SubjectRef`
 --> shell/src/worlds/identity.rs:6:65
  |
6 | use cyb_core::robot::{self, BindingState, NetworkRef, Registry, SubjectRef, VaultKey};
  |                                                                 ^^^^^^^^^^
  |
  = note: `#[warn(unused_imports)]` (part of `#[warn(unused)]`) on by default

warning: irrefutable `if let` pattern
   --> shell/src/shell/chrome.rs:902:16
    |
902 |             if let Ok(text) = read_clipboard() {
    |                ^^^^^^^^^^^^^^^^^^^^^^^^^^^^^^^
    |
    = note: this pattern will always match, so the `if let` is useless
    = help: consider replacing the `if let` with a `let`
    = note: `#[warn(irrefutable_let_patterns)]` on by default

warning: variable does not need to be mutable
   --> shell/src/worlds/body/prover.rs:285:9
    |
285 |     let mut id = |index: &mut std::collections::HashMap<[u8; 32], usize>, p: [u8; 32]| {
    |         ----^^
    |         |
    |         help: remove this `mut`
    |
    = note: `#[warn(unused_mut)]` (part of `#[warn(unused)]`) on by default

warning: irrefutable `if let` pattern
   --> shell/src/worlds/vault/mod.rs:380:8
    |
380 |     if let Ok(current) = crate::shell::clipboard::read_clipboard() {
    |        ^^^^^^^^^^^^^^^^^^^^^^^^^^^^^^^^^^^^^^^^^^^^^^^^^^^^^^^^^^^
    |
    = note: this pattern will always match, so the `if let` is useless
    = help: consider replacing the `if let` with a `let`

warning: function `policy` is never used
   --> shell/src/worlds/identity.rs:202:4
    |
202 | fn policy() -> [u8; 32] {
    |    ^^^^^^
    |
    = note: `#[warn(dead_code)]` (part of `#[warn(unused)]`) on by default

warning: field `hf_id` is never read
  --> shell/src/worlds/models/mod.rs:66:5
   |
64 | struct FetchEntry {
   |        ---------- field in this struct
65 |     label: &'static str,
66 |     hf_id: &'static str,
   |     ^^^^^

warning: field `0` is never read
  --> shell/src/worlds/models/mod.rs:72:17
   |
72 | struct FetchRow(usize);
   |        -------- ^^^^^
   |        |
   |        field in this struct
   |
   = help: consider removing this field

warning: `cyb` (lib) generated 7 warnings (run `cargo fix --lib -p cyb` to apply 2 suggestions)
    Finished `release` profile [optimized] target(s) in 12m 36s
warning: the following packages contain code that will be rejected by a future version of Rust: proc-macro-error2 v2.0.1
note: to see what the problems were, use the option `--future-incompat-report`, or run `cargo report future-incompatibilities --id 2`
/Users/master/Library/Android/sdk/ndk/27.3.13750724/toolchains/llvm/prebuilt/darwin-x86_64/bin/llvm-strip --strip-debug \
		-o shell/gen/android/app/src/main/jniLibs/arm64-v8a/libcyb.so \
		target/aarch64-linux-android/release/libcyb.so
cp /Users/master/Library/Android/sdk/ndk/27.3.13750724/toolchains/llvm/prebuilt/darwin-x86_64/bin/../sysroot/usr/lib/aarch64-linux-android/libc++_shared.so \
		shell/gen/android/app/src/main/jniLibs/arm64-v8a/
cd shell/gen/android && ANDROID_HOME=/Users/master/Library/Android/sdk JAVA_HOME=/opt/homebrew/opt/openjdk@17 ./gradlew assembleRelease \
		-PcybVersionCode=1301 -PcybVersionName=0.13.1
Starting a Gradle Daemon (subsequent builds will be faster)
Warning: SDK processing. This version only understands SDK XML versions up to 3 but an SDK XML file of version 4 was encountered. This can happen if you use versions of Android Studio and the command-line tools that were released at different times.
> Task :app:buildKotlinToolingMetadata UP-TO-DATE
> Task :app:checkKotlinGradlePluginConfigurationErrors
> Task :app:preBuild UP-TO-DATE
> Task :app:preReleaseBuild UP-TO-DATE
> Task :app:generateReleaseBuildConfig
> Task :app:checkReleaseAarMetadata UP-TO-DATE
> Task :app:generateReleaseResValues UP-TO-DATE
> Task :app:mapReleaseSourceSetPaths UP-TO-DATE
> Task :app:generateReleaseResources UP-TO-DATE
> Task :app:mergeReleaseResources UP-TO-DATE
> Task :app:packageReleaseResources UP-TO-DATE
> Task :app:parseReleaseLocalResources UP-TO-DATE
> Task :app:createReleaseCompatibleScreenManifests
> Task :app:extractDeepLinksRelease UP-TO-DATE

> Task :app:processReleaseMainManifest
package="ai.cyb.app" found in source AndroidManifest.xml: /Users/master/cyber/cyb/shell/gen/android/app/src/main/AndroidManifest.xml.
Setting the namespace via the package attribute in the source AndroidManifest.xml is no longer supported, and the value is ignored.
Recommendation: remove package="ai.cyb.app" from the source AndroidManifest.xml: /Users/master/cyber/cyb/shell/gen/android/app/src/main/AndroidManifest.xml.
/Users/master/cyber/cyb/shell/gen/android/app/src/main/AndroidManifest.xml:15:9-41 Warning:
	android:extractNativeLibs should not be specified in this source AndroidManifest.xml file. See https://d.android.com/guide/topics/manifest/application-element#extractNativeLibs for more information.
The AGP Upgrade Assistant can remove the attribute from the AndroidManifest.xml file and update the build file accordingly. See https://d.android.com/studio/build/agp-upgrade-assistant for more information.

> Task :app:processReleaseManifest
> Task :app:javaPreCompileRelease UP-TO-DATE
> Task :app:extractProguardFiles UP-TO-DATE
> Task :app:mergeReleaseJniLibFolders
> Task :app:checkReleaseDuplicateClasses UP-TO-DATE
> Task :app:desugarReleaseFileDependencies UP-TO-DATE
> Task :app:mergeExtDexRelease UP-TO-DATE
> Task :app:mergeReleaseArtProfile UP-TO-DATE
> Task :app:mergeReleaseShaders UP-TO-DATE
> Task :app:compileReleaseShaders NO-SOURCE
> Task :app:generateReleaseAssets UP-TO-DATE
> Task :app:mergeReleaseAssets UP-TO-DATE
> Task :app:compressReleaseAssets UP-TO-DATE
> Task :app:collectReleaseDependencies UP-TO-DATE
> Task :app:sdkReleaseDependencyData UP-TO-DATE
> Task :app:validateSigningRelease UP-TO-DATE
> Task :app:writeReleaseAppMetadata UP-TO-DATE
> Task :app:writeReleaseSigningConfigVersions UP-TO-DATE
> Task :app:processReleaseManifestForPackage
> Task :app:mergeReleaseNativeLibs

> Task :app:stripReleaseDebugSymbols
Unable to strip the following libraries, packaging them as they are: libcyb.so.

> Task :app:extractReleaseNativeSymbolTables
> Task :app:mergeReleaseNativeDebugMetadata NO-SOURCE
> Task :app:processReleaseResources
> Task :app:optimizeReleaseResources
> Task :app:compileReleaseKotlin
> Task :app:compileReleaseJavaWithJavac
> Task :app:generateReleaseLintVitalReportModel
> Task :app:dexBuilderRelease
> Task :app:mergeReleaseGlobalSynthetics UP-TO-DATE
> Task :app:processReleaseJavaRes UP-TO-DATE
> Task :app:mergeReleaseJavaResource UP-TO-DATE
> Task :app:mergeDexRelease
> Task :app:compileReleaseArtProfile
> Task :app:lintVitalAnalyzeRelease
> Task :app:lintVitalReportRelease UP-TO-DATE
> Task :app:lintVitalRelease
> Task :app:packageRelease
> Task :app:createReleaseApkListingFileRedirect
> Task :app:assembleRelease

BUILD SUCCESSFUL in 11s
48 actionable tasks: 22 executed, 26 up-to-date
APK: shell/gen/android/app/build/outputs/apk/release/app-release.apk
