    Blocking waiting for file lock on package cache
warning: field `journal_recovery_mode` is never read
  --> /Users/master/cyber/bbg/rs/vendor/fjall/src/config.rs:49:16
   |
14 | pub struct Config {
   |            ------ field in this struct
...
49 |     pub(crate) journal_recovery_mode: RecoveryMode,
   |                ^^^^^^^^^^^^^^^^^^^^^
   |
   = note: `Config` has a derived impl for the trait `Clone`, but this is intentionally ignored during dead code analysis
   = note: `#[warn(dead_code)]` (part of `#[warn(unused)]`) on by default

warning: method `outstanding_flushes` is never used
  --> /Users/master/cyber/bbg/rs/vendor/fjall/src/stats.rs:26:12
   |
25 | impl Stats {
   | ---------- method in this implementation
26 |     pub fn outstanding_flushes(&self) -> usize {
   |            ^^^^^^^^^^^^^^^^^^^

warning: hiding a lifetime that's elided elsewhere is confusing
  --> /Users/master/cyber/bbg/rs/vendor/fjall/src/tx/keyspace.rs:42:21
   |
42 |     pub fn write_tx(&self) -> WriteTransaction {
   |                     ^^^^^     ^^^^^^^^^^^^^^^^ the same lifetime is hidden here
   |                     |
   |                     the lifetime is elided here
   |
   = help: the same lifetime is referred to in inconsistent ways, making the signature confusing
   = note: `#[warn(mismatched_lifetime_syntaxes)]` on by default
help: use `'_` for type paths
   |
42 |     pub fn write_tx(&self) -> WriteTransaction<'_> {
   |                                               ++++

warning: `fjall` (lib) generated 3 warnings (run `cargo fix --lib -p fjall` to apply 1 suggestion)
   Compiling cybergraph v0.1.1 (/Users/master/cyber/cybergraph)
    Finished `test` profile [unoptimized + debuginfo] target(s) in 0.62s
  Executable unittests src/lib.rs (target/debug/deps/cybergraph-d953a06386a1ec21)
  Executable tests/applications.rs (target/debug/deps/applications-9aaf5c4d9189363f)
  Executable tests/native_import.rs (target/debug/deps/native_import-efb2647450567da2)
  Executable tests/native_storage.rs (target/debug/deps/native_storage-f6b947539e29e871)
  Executable tests/stack_axis.rs (target/debug/deps/stack_axis-eb20b6b16529c513)
  Executable tests/stack_bbg_lifecycle.rs (target/debug/deps/stack_bbg_lifecycle-f8fad6b52579dd8a)
  Executable tests/stack_call.rs (target/debug/deps/stack_call-d30e59384e957229)
  Executable tests/stack_compute.rs (target/debug/deps/stack_compute-fe724ea7abf4cbff)
  Executable tests/stack_hash.rs (target/debug/deps/stack_hash-94efad7fb2cbd934)
  Executable tests/stack_look.rs (target/debug/deps/stack_look-2943f2c6e4f10a3f)
  Executable tests/stack_multi_pattern.rs (target/debug/deps/stack_multi_pattern-1375a0bb55ecbc3f)
  Executable tests/stack_rejection.rs (target/debug/deps/stack_rejection-6350fb24ef8e54cc)
  Executable tests/stack_signal.rs (target/debug/deps/stack_signal-02f12d7d90bc68d0)
  Executable tests/text_archive.rs (target/debug/deps/text_archive-f2e3451832eeb90a)
