Date: 2026-09-13
Working directory: /Users/master/cyber/cybergraph
Command: /opt/homebrew/bin/nu -c 'cargo test --no-fail-fast'
Profile: default Cargo features, native debug tests and doctests; Homebrew Rust 1.95.0 aarch64-apple-darwin.
Scope: complete default cybergraph suite after public API atomicity repair and current execution/opening adapters.

warning: field `journal_recovery_mode` is never read
  --> /Users/master/cyber/bbg/rs/vendor/fjall/src/config.rs:49:16
   |
14 | pub struct Config {
   |            ------ field in this struct
...
49 |     pub(crate) journal_recovery_mode: RecoveryMode,
   |                ^^^^^^^^^^^^^^^^^^^^^
   |
   = note: `Config` has a derived impl for the trait `Clone`, but this is intentionally ignored during dead code analysis
   = note: `#[warn(dead_code)]` (part of `#[warn(unused)]`) on by default

warning: method `outstanding_flushes` is never used
  --> /Users/master/cyber/bbg/rs/vendor/fjall/src/stats.rs:26:12
   |
25 | impl Stats {
   | ---------- method in this implementation
26 |     pub fn outstanding_flushes(&self) -> usize {
   |            ^^^^^^^^^^^^^^^^^^^

warning: hiding a lifetime that's elided elsewhere is confusing
  --> /Users/master/cyber/bbg/rs/vendor/fjall/src/tx/keyspace.rs:42:21
   |
42 |     pub fn write_tx(&self) -> WriteTransaction {
   |                     ^^^^^     ^^^^^^^^^^^^^^^^ the same lifetime is hidden here
   |                     |
   |                     the lifetime is elided here
   |
   = help: the same lifetime is referred to in inconsistent ways, making the signature confusing
   = note: `#[warn(mismatched_lifetime_syntaxes)]` on by default
help: use `'_` for type paths
   |
42 |     pub fn write_tx(&self) -> WriteTransaction<'_> {
   |                                               ++++

warning: `fjall` (lib) generated 3 warnings (run `cargo fix --lib -p fjall` to apply 1 suggestion)
   Compiling cybergraph v0.1.1 (/Users/master/cyber/cybergraph)
    Finished `test` profile [unoptimized + debuginfo] target(s) in 0.93s
     Running unittests src/lib.rs (target/debug/deps/cybergraph-d953a06386a1ec21)

running 18 tests
test source::tests::schema_known_and_unknown ... ok
test api::tests::seal_unknown_intent_fails ... ok
test api::tests::intend_then_seal_succeeds ... ok
test api::tests::subscribe_by_neuron_filters ... ok
test api::tests::seal_applies_cyberlinks_to_bbg_state ... ok
test api::tests::subscribe_receives_matching_events ... ok
test api::tests::query_runs_inf_over_bbg_state ... ok
test source::tests::scan_particles_reflects_state ... ok
test source::tests::scan_axons_carries_weight ... ok
test source::tests::scan_neurons_and_karma ... ok
test api::tests::link_applies_cyberlinks_to_bbg_state ... ok
test api::tests::link_accumulates_across_signals ... ok
test api::tests::link_atomic_path ... ok
test api::tests::query_parse_error_is_reported ... ok
test api::tests::intend_persists_and_returns_key ... ok
test source::tests::unknown_relation_scans_empty ... ok
test source::tests::snapshot_tracks_height ... ok
test api::tests::link_moves_the_root ... ok

test result: ok. 18 passed; 0 failed; 0 ignored; 0 measured; 0 filtered out; finished in 0.04s

     Running tests/applications.rs (target/debug/deps/applications-9aaf5c4d9189363f)

running 0 tests

test result: ok. 0 passed; 0 failed; 0 ignored; 0 measured; 0 filtered out; finished in 0.00s

     Running tests/native_import.rs (target/debug/deps/native_import-efb2647450567da2)

running 0 tests

test result: ok. 0 passed; 0 failed; 0 ignored; 0 measured; 0 filtered out; finished in 0.00s

     Running tests/native_storage.rs (target/debug/deps/native_storage-f6b947539e29e871)

running 0 tests

test result: ok. 0 passed; 0 failed; 0 ignored; 0 measured; 0 filtered out; finished in 0.00s

     Running tests/stack_api_atomicity.rs (target/debug/deps/stack_api_atomicity-a3c36230705c28d4)

running 8 tests
test wrong_network_cannot_install_a_subject_chain_or_touch_bbg ... ok
test repeated_nullifier_inside_one_signal_is_rejected_atomically ... ok
test rejected_spend_does_not_create_an_empty_or_advanced_new_subject_chain ... ok
test rejected_spend_preserves_existing_chain_and_allows_same_step_repair ... ok
test rejected_seal_preserves_intent_chain_state_and_events ... ok
test duplicate_and_bad_lineage_leave_graph_and_chain_unchanged ... ok
test overflowing_batch_amount_is_rejected_before_any_public_or_private_mutation ... ok
test amount_preflight_preserves_ordered_debits_and_u64_boundary_values ... ok

test result: ok. 8 passed; 0 failed; 0 ignored; 0 measured; 0 filtered out; finished in 0.07s

     Running tests/stack_axis.rs (target/debug/deps/stack_axis-eb20b6b16529c513)

running 2 tests
test axis_identity_public_execution_and_native_opening ... ok
test axis_nested_pair_public_execution_and_native_opening ... ok

test result: ok. 2 passed; 0 failed; 0 ignored; 0 measured; 0 filtered out; finished in 0.15s

     Running tests/stack_bbg_lifecycle.rs (target/debug/deps/stack_bbg_lifecycle-f8fad6b52579dd8a)

running 4 tests
test box_moves_nullifier_double_spend_rejected ... ok
test checkpoint_tracks_state_after_finalize ... ok
test finalize_block_updates_root_and_look_proof_consistent ... ok
test multi_block_insert_finalize_cycle_then_look_proof ... ok

test result: ok. 4 passed; 0 failed; 0 ignored; 0 measured; 0 filtered out; finished in 2.55s

     Running tests/stack_call.rs (target/debug/deps/stack_call-d30e59384e957229)

running 3 tests
test call_null_provider_halts ... ok
test call_rejected_witness_returns_error ... ok
test call_with_accepted_witness_roundtrip ... ok

test result: ok. 3 passed; 0 failed; 0 ignored; 0 measured; 0 filtered out; finished in 0.22s

     Running tests/stack_compute.rs (target/debug/deps/stack_compute-fe724ea7abf4cbff)

running 4 tests
test mul_field_full_proof_roundtrip ... ok
test add_field_full_proof_roundtrip ... ok
test sub_field_full_proof_roundtrip ... ok
test xor_bitwise_full_proof_roundtrip ... ok

test result: ok. 4 passed; 0 failed; 0 ignored; 0 measured; 0 filtered out; finished in 0.43s

     Running tests/stack_hash.rs (target/debug/deps/stack_hash-94efad7fb2cbd934)

running 2 tests
test hash_poseidon2_single_atom_roundtrip ... ok
test hash_two_independent_inputs_both_verify ... ok

test result: ok. 2 passed; 0 failed; 0 ignored; 0 measured; 0 filtered out; finished in 5.01s

     Running tests/stack_look.rs (target/debug/deps/stack_look-2943f2c6e4f10a3f)

running 3 tests
test look_neuron_entity_to_flat_index_and_public_state_proof ... ok
test look_time_native_authentication_and_public_state_proof ... ok
test inline_and_collected_openings_authenticate_the_same_state ... ok

test result: ok. 3 passed; 0 failed; 0 ignored; 0 measured; 0 filtered out; finished in 1.53s

     Running tests/stack_multi_pattern.rs (target/debug/deps/stack_multi_pattern-1375a0bb55ecbc3f)

running 2 tests
test mixed_add_look_public_state_execution ... ok
test mixed_add_hash_axis_public_execution ... ok

test result: ok. 2 passed; 0 failed; 0 ignored; 0 measured; 0 filtered out; finished in 2.04s

     Running tests/stack_rejection.rs (target/debug/deps/stack_rejection-6350fb24ef8e54cc)

running 6 tests
test double_spend_bbg_insert_rejected ... ok
test focus_bound_exceeded_commit_fails ... ok
test input_hash_mismatch_commit_fails ... ok
test look_absent_key_returns_unavailable_no_opening ... ok
test proof_from_wrong_statement_fails_verify ... ok
test look_openings_undercount_commit_fails ... ok

test result: ok. 6 passed; 0 failed; 0 ignored; 0 measured; 0 filtered out; finished in 4.86s

     Running tests/stack_signal.rs (target/debug/deps/stack_signal-02f12d7d90bc68d0)

running 5 tests
test vdf_challenge_from_signal_hash_roundtrip ... ok
test vdf_different_challenges_produce_different_outputs ... ok
test signal_chain_ordering_and_rejection ... ok
test multiple_signals_same_neuron_bbg_state_consistent ... ok
test signal_to_bbg_state_to_look_proof ... ok

test result: ok. 5 passed; 0 failed; 0 ignored; 0 measured; 0 filtered out; finished in 1.36s

     Running tests/text_archive.rs (target/debug/deps/text_archive-f2e3451832eeb90a)

running 0 tests

test result: ok. 0 passed; 0 failed; 0 ignored; 0 measured; 0 filtered out; finished in 0.00s

     Running tests/text_archive_boundaries.rs (target/debug/deps/text_archive_boundaries-830f5fc1a264c9ba)

running 0 tests

test result: ok. 0 passed; 0 failed; 0 ignored; 0 measured; 0 filtered out; finished in 0.00s

   Doc-tests cybergraph

running 0 tests

test result: ok. 0 passed; 0 failed; 0 ignored; 0 measured; 0 filtered out; finished in 0.00s

