warning: field `journal_recovery_mode` is never read
  --> /Users/master/cyber/bbg/rs/vendor/fjall/src/config.rs:49:16
   |
14 | pub struct Config {
   |            ------ field in this struct
...
49 |     pub(crate) journal_recovery_mode: RecoveryMode,
   |                ^^^^^^^^^^^^^^^^^^^^^
   |
   = note: `Config` has a derived impl for the trait `Clone`, but this is intentionally ignored during dead code analysis
   = note: `#[warn(dead_code)]` (part of `#[warn(unused)]`) on by default

warning: method `outstanding_flushes` is never used
  --> /Users/master/cyber/bbg/rs/vendor/fjall/src/stats.rs:26:12
   |
25 | impl Stats {
   | ---------- method in this implementation
26 |     pub fn outstanding_flushes(&self) -> usize {
   |            ^^^^^^^^^^^^^^^^^^^

warning: hiding a lifetime that's elided elsewhere is confusing
  --> /Users/master/cyber/bbg/rs/vendor/fjall/src/tx/keyspace.rs:42:21
   |
42 |     pub fn write_tx(&self) -> WriteTransaction {
   |                     ^^^^^     ^^^^^^^^^^^^^^^^ the same lifetime is hidden here
   |                     |
   |                     the lifetime is elided here
   |
   = help: the same lifetime is referred to in inconsistent ways, making the signature confusing
   = note: `#[warn(mismatched_lifetime_syntaxes)]` on by default
help: use `'_` for type paths
   |
42 |     pub fn write_tx(&self) -> WriteTransaction<'_> {
   |                                               ++++

warning: `fjall` (lib) generated 3 warnings (run `cargo fix --lib -p fjall` to apply 1 suggestion)
   Compiling cybergraph v0.1.1 (/Users/master/cyber/cybergraph)
    Finished `test` profile [unoptimized + debuginfo] target(s) in 0.43s
     Running tests/stack_bbg_lifecycle.rs (target/debug/deps/stack_bbg_lifecycle-f8fad6b52579dd8a)

running 4 tests
test box_moves_nullifier_double_spend_rejected ... ok
test checkpoint_tracks_state_after_finalize ... ok
test finalize_block_updates_root_and_look_proof_consistent ... ok
test multi_block_insert_finalize_cycle_then_look_proof ... ok

test result: ok. 4 passed; 0 failed; 0 ignored; 0 measured; 0 filtered out; finished in 2.50s

     Running tests/stack_multi_pattern.rs (target/debug/deps/stack_multi_pattern-1375a0bb55ecbc3f)

running 2 tests
test mixed_add_look_public_state_execution ... ok
test mixed_add_hash_axis_public_execution ... ok

test result: ok. 2 passed; 0 failed; 0 ignored; 0 measured; 0 filtered out; finished in 2.01s

     Running tests/stack_rejection.rs (target/debug/deps/stack_rejection-6350fb24ef8e54cc)

running 6 tests
test double_spend_bbg_insert_rejected ... ok
test focus_bound_exceeded_commit_fails ... ok
test input_hash_mismatch_commit_fails ... ok
test look_absent_key_returns_unavailable_no_opening ... ok
test proof_from_wrong_statement_fails_verify ... ok
test look_openings_undercount_commit_fails ... ok

test result: ok. 6 passed; 0 failed; 0 ignored; 0 measured; 0 filtered out; finished in 4.81s

     Running tests/stack_signal.rs (target/debug/deps/stack_signal-02f12d7d90bc68d0)

running 5 tests
test vdf_challenge_from_signal_hash_roundtrip ... ok
test vdf_different_challenges_produce_different_outputs ... ok
test signal_chain_ordering_and_rejection ... ok
test multiple_signals_same_neuron_bbg_state_consistent ... ok
test signal_to_bbg_state_to_look_proof ... ok

test result: ok. 5 passed; 0 failed; 0 ignored; 0 measured; 0 filtered out; finished in 1.32s

