   Compiling libc v0.2.180
   Compiling cfg-if v1.0.4
   Compiling strata-core v0.1.1 (/Users/master/cyber/strata/core)
   Compiling cyber-hemera v0.3.1 (/Users/master/cyber/hemera/rs)
   Compiling subtle v2.6.1
   Compiling const-oid v0.9.6
   Compiling once_cell v1.21.3
   Compiling hashbrown v0.16.1
   Compiling equivalent v1.0.2
   Compiling serde_core v1.0.228
   Compiling neuron-id v0.1.0 (/Users/master/cyber/neuron/id)
   Compiling typenum v1.19.0
   Compiling zerocopy v0.8.39
   Compiling memchr v2.8.0
   Compiling syn v2.0.117
   Compiling rustix v1.1.3
   Compiling crossbeam-utils v0.8.21
   Compiling bitflags v2.11.0
   Compiling serde_json v1.0.149
   Compiling strata-ext v0.1.1 (/Users/master/cyber/strata/ext)
   Compiling strata-proof v0.1.1 (/Users/master/cyber/strata/proof)
   Compiling strata-compute v0.1.1 (/Users/master/cyber/strata/compute)
   Compiling path-dedot v3.1.1
   Compiling zmij v1.0.21
   Compiling itoa v1.0.17
   Compiling compare v0.0.6
   Compiling fastrand v2.3.0
   Compiling indexmap v2.13.0
   Compiling strata-genies v0.1.1 (/Users/master/cyber/strata/genies/rs)
   Compiling strata-nebu v0.1.1 (/Users/master/cyber/strata/nebu/rs)
   Compiling strata-kuro v0.1.1 (/Users/master/cyber/strata/kuro/rs)
   Compiling path-absolutize v3.1.1
   Compiling crossbeam-epoch v0.9.18
   Compiling interval-heap v0.0.5
   Compiling strata-trop v0.1.1 (/Users/master/cyber/strata/trop/rs)
   Compiling log v0.4.29
   Compiling rune-ast v0.1.0 (/Users/master/cyber/rune/rs/ast)
   Compiling byteview v0.6.1
   Compiling cyber-lens-core v0.1.2 (/Users/master/cyber/lens/core)
   Compiling strata-jali v0.1.1 (/Users/master/cyber/strata/jali/rs)
   Compiling scopeguard v1.2.0
   Compiling base16ct v0.2.0
   Compiling byteorder v1.5.0
   Compiling smallvec v1.15.1
   Compiling varint-rs v2.2.1
   Compiling getrandom v0.2.17
   Compiling errno v0.3.14
   Compiling getrandom v0.4.1
   Compiling rustc-hash v2.1.1
   Compiling xxhash-rust v0.8.18
   Compiling utf8parse v0.2.2
   Compiling cyber-lens-brakedown v0.2.0 (/Users/master/cyber/lens/brakedown)
   Compiling winnow v0.5.40
   Compiling lock_api v0.4.14
   Compiling cyber-lens-binius v0.1.1 (/Users/master/cyber/lens/binius)
   Compiling cyber-lens-porphyry v0.2.0 (/Users/master/cyber/lens/porphyry)
   Compiling parking_lot_core v0.9.12
   Compiling cpufeatures v0.2.17
   Compiling rand_core v0.6.4
   Compiling getrandom v0.3.4
   Compiling crossbeam-skiplist v0.1.3
   Compiling anstyle-parse v0.2.7
   Compiling quick_cache v0.6.24
   Compiling hashbrown v0.14.5
   Compiling anstyle v1.0.13
   Compiling zeroize_derive v1.5.0
   Compiling serde_derive v1.0.228
   Compiling cyber-nox v0.3.0 (/Users/master/cyber/nox/rs)
   Compiling ff v0.13.1
   Compiling enum_dispatch v0.3.13
   Compiling thiserror-impl v2.0.18
   Compiling cyber-lens-assayer v0.2.0 (/Users/master/cyber/lens/assayer)
   Compiling cyber-lens-ikat v0.2.0 (/Users/master/cyber/lens/ikat)
   Compiling guardian v1.3.0
   Compiling is_terminal_polyfill v1.70.2
   Compiling group v0.13.0
   Compiling colorchoice v1.0.4
   Compiling double-ended-peekable v0.1.0
   Compiling lz4_flex v0.11.6
   Compiling zeroize v1.8.2
   Compiling anstyle-query v1.1.5
   Compiling self_cell v1.2.2
   Compiling tempfile v3.25.0
   Compiling dashmap v6.1.0
   Compiling cyber-lens v0.2.0 (/Users/master/cyber/lens/src)
   Compiling rand_core v0.9.5
   Compiling memmap2 v0.9.10
   Compiling aho-corasick v1.1.4
   Compiling tinyvec_macros v0.1.1
   Compiling regex-syntax v0.8.9
   Compiling arrayvec v0.7.6
   Compiling strsim v0.11.1
   Compiling thiserror v2.0.18
   Compiling anstream v0.6.21
   Compiling std-semaphore v0.1.0
   Compiling ppv-lite86 v0.2.21
   Compiling value-log v1.9.0
   Compiling clap_lex v1.0.0
   Compiling inf-ast v0.1.0 (/Users/master/cyber/inf/rs/ast)
   Compiling tinyvec v1.10.0
   Compiling zheng v0.4.0 (/Users/master/cyber/zheng/rs)
   Compiling clap_derive v4.5.55
   Compiling serde v1.0.228
   Compiling hex-conservative v0.2.2
   Compiling inf-value v0.1.0 (/Users/master/cyber/inf/rs/value)
   Compiling rand_chacha v0.9.0
   Compiling rand_chacha v0.3.1
   Compiling clap_builder v4.5.60
   Compiling lsm-tree v2.10.4
   Compiling regex-automata v0.4.14
   Compiling rune-lex v0.1.0 (/Users/master/cyber/rune/rs/lex)
   Compiling bytes v1.11.1
   Compiling rand v0.8.5
   Compiling inf-source v0.1.0 (/Users/master/cyber/inf/rs/source)
   Compiling rand v0.9.2
   Compiling bitcoin_hashes v0.14.1
   Compiling generic-array v0.14.7
   Compiling der v0.7.10
   Compiling cyber-tape v0.1.0 (/Users/master/cyber/tape/impl/rust)
   Compiling rune-parse-pure v0.1.0 (/Users/master/cyber/rune/rs/parse-pure)
   Compiling clap v4.5.60
   Compiling unicode-normalization v0.1.25
   Compiling regex v1.12.3
   Compiling anyhow v1.0.102
   Compiling crypto-common v0.1.7
   Compiling block-buffer v0.10.4
   Compiling sec1 v0.7.3
   Compiling crypto-bigint v0.5.5
   Compiling spki v0.7.3
   Compiling rune-subject v0.1.0 (/Users/master/cyber/rune/rs/subject)
   Compiling inf-lex v0.1.0 (/Users/master/cyber/inf/rs/lex)
   Compiling inf-eval v0.1.0 (/Users/master/cyber/inf/rs/eval)
   Compiling rune-parse v0.1.0 (/Users/master/cyber/rune/rs/parse)
   Compiling digest v0.10.7
   Compiling rune-lower v0.1.0 (/Users/master/cyber/rune/rs/lower)
   Compiling inout v0.1.4
   Compiling inf-parse v0.1.0 (/Users/master/cyber/inf/rs/parse)
   Compiling inf-plan v0.1.0 (/Users/master/cyber/inf/rs/plan)
   Compiling rune-interp v0.1.0 (/Users/master/cyber/rune/rs/interp)
   Compiling hmac v0.12.1
   Compiling elliptic-curve v0.13.8
   Compiling sha2 v0.10.9
   Compiling signature v2.2.0
   Compiling ripemd v0.1.3
   Compiling rfc6979 v0.4.0
   Compiling bs58 v0.5.1
   Compiling pbkdf2 v0.12.2
   Compiling bech32 v0.11.1
   Compiling base64 v0.22.1
   Compiling cipher v0.4.4
   Compiling universal-hash v0.5.1
   Compiling opaque-debug v0.3.1
   Compiling aead v0.5.2
   Compiling ecdsa v0.16.9
   Compiling chacha20 v0.9.1
   Compiling poly1305 v0.8.0
   Compiling k256 v0.13.4
   Compiling chacha20poly1305 v0.10.1
   Compiling bip32 v0.5.3
   Compiling serde_spanned v0.6.9
   Compiling toml_datetime v0.6.3
   Compiling neuron-model v0.1.0 (/Users/master/cyber/neuron/model)
   Compiling bip39 v2.2.2
   Compiling toml_edit v0.20.2
   Compiling cyber-mudra v0.1.0 (/Users/master/cyber/mudra)
   Compiling neuron-engine v0.1.0 (/Users/master/cyber/neuron/engine)
   Compiling neuron-rune v0.1.0 (/Users/master/cyber/neuron/rune)
   Compiling toml v0.8.2
   Compiling fjall v2.11.2 (/Users/master/cyber/bbg/rs/vendor/fjall)
   Compiling cyber-tru v0.1.1 (/Users/master/cyber/tru/rs)
warning: field `journal_recovery_mode` is never read
  --> /Users/master/cyber/bbg/rs/vendor/fjall/src/config.rs:49:16
   |
14 | pub struct Config {
   |            ------ field in this struct
...
49 |     pub(crate) journal_recovery_mode: RecoveryMode,
   |                ^^^^^^^^^^^^^^^^^^^^^
   |
   = note: `Config` has a derived impl for the trait `Clone`, but this is intentionally ignored during dead code analysis
   = note: `#[warn(dead_code)]` (part of `#[warn(unused)]`) on by default

warning: method `outstanding_flushes` is never used
  --> /Users/master/cyber/bbg/rs/vendor/fjall/src/stats.rs:26:12
   |
25 | impl Stats {
   | ---------- method in this implementation
26 |     pub fn outstanding_flushes(&self) -> usize {
   |            ^^^^^^^^^^^^^^^^^^^

warning: hiding a lifetime that's elided elsewhere is confusing
  --> /Users/master/cyber/bbg/rs/vendor/fjall/src/tx/keyspace.rs:42:21
   |
42 |     pub fn write_tx(&self) -> WriteTransaction {
   |                     ^^^^^     ^^^^^^^^^^^^^^^^ the same lifetime is hidden here
   |                     |
   |                     the lifetime is elided here
   |
   = help: the same lifetime is referred to in inconsistent ways, making the signature confusing
   = note: `#[warn(mismatched_lifetime_syntaxes)]` on by default
help: use `'_` for type paths
   |
42 |     pub fn write_tx(&self) -> WriteTransaction<'_> {
   |                                               ++++

   Compiling bbg v0.3.0 (/Users/master/cyber/bbg/rs)
   Compiling cyber-tok v0.1.1 (/Users/master/cyber/tok/rs)
warning: `fjall` (lib) generated 3 warnings (run `cargo fix --lib -p fjall` to apply 1 suggestion)
   Compiling foculus v0.1.3 (/Users/master/cyber/foculus)
   Compiling cybergraph v0.1.1 (/Users/master/cyber/cybergraph)
   Compiling neuron-node v0.1.0 (/Users/master/cyber/neuron/node)
   Compiling soma-agent v0.1.0 (/Users/master/cyber/soma/agent)
   Compiling cyb-core v0.1.0 (/Users/master/cyber/cyb/core)
    Finished `test` profile [unoptimized + debuginfo] target(s) in 29.10s
     Running unittests src/lib.rs (cyb/target/debug/deps/cyb_core-87e5a666872dc937)

running 32 tests
test intent::tests::custom_intent_matches_builtin_naming ... ok
test chroma::tests::every_chroma_has_unique_grid_pos ... ok
test chroma::tests::every_chroma_has_unique_particle ... ok
test intent::tests::builtin_intents_are_unique ... ok
test money::tests::demo_join_still_works ... ok
test money::tests::open_balance_requires_grade4 ... ok
test graph_session::tests::links_chain_across_signals ... ok
test graph_session::tests::session_holds_a_link_and_serves_it ... ok
test money::tests::failed_private_payment_preserves_note_without_minting_change ... ok
test money::tests::settle_receipt_mints_from_shapley ... ok
test money::tests::observe_rejects_bad_finality ... ok
test money::tests::light_fold_tip_open_and_advance ... ok
test graph_session::tests::durable_survives_reopen ... ok
test robot::custody::tests::exclusive_creation_and_invalid_reads_never_replace_existing_custody ... ok
test sense::tests::maps_transfer_in_and_reward ... ok
test signal::tests::builder_assembles_signal ... ok
test signal::tests::bus_round_trips_signals ... ok
test money::tests::pay_attaches_verifiable_proof ... ok
test money::tests::private_note_spend_uses_nullifier ... ok
test money::tests::send_receive_multi_payee_finality ... ok
test money::tests::double_spend_nullifier_rejected ... ok
test money::tests::auto_settle_on_finalize ... ok
test money::tests::link_and_settle_auto_reward_after_link ... ok
test money::tests::settle_reward_matures_after_depth ... ok
test graph_session::tests::frame_replicates_a_link_across_sessions ... ok
test graph_session::tests::gossip_is_idempotent_and_converges ... ok
test private_vault::tests::historical_mnemonic_derivation_and_v1_cipher_bytes_still_open ... ok
test private_vault::tests::subject_key_and_content_bounds_are_checked_without_empty_fallback ... ok
test private_notes::tests::actual_private_spend_reopens_change_and_exact_receipt_without_repayment ... ok
test private_vault::tests::legacy_ciphertext_is_retained_and_cas_conflicts_cannot_erase_private_state ... ok
test private_notes::tests::malformed_duplicate_capacity_stale_snapshot_and_revocation_preserve_the_catalog ... ok
test private_notes::tests::crash_before_prepare_after_prepare_and_after_payment_never_reexecutes_an_unknown_spend ... ok

test result: ok. 32 passed; 0 failed; 0 ignored; 0 measured; 0 filtered out; finished in 23.97s

     Running tests/graph_migration.rs (cyb/target/debug/deps/graph_migration-edfd14294db03170)

running 5 tests
test native_and_neuron_publish_into_one_database_without_clobbering ... ok
test durable_wallet_credit_retry_conflict_and_overflow_are_atomic ... ok
test text_sidecar_moves_into_shared_database_and_retires_its_writer_path ... ok
test strict_legacy_import_preserves_source_multi_neuron_headers_and_rejects_damage ... ok
test signal_view_keeps_network_and_proof_and_reports_bad_batches ... ok

test result: ok. 5 passed; 0 failed; 0 ignored; 0 measured; 0 filtered out; finished in 9.06s

     Running tests/native_mirror.rs (cyb/target/debug/deps/native_mirror-228d7718157a2ad0)

running 3 tests
test malformed_tail_is_rejected_before_any_prefix_and_networks_have_independent_cursors ... ok
test native_before_observation_crash_retries_exact_signal_and_keeps_cursor ... ok
test full_history_preserves_signal_proof_and_payment_without_executing_host_credit ... ok

test result: ok. 3 passed; 0 failed; 0 ignored; 0 measured; 0 filtered out; finished in 4.98s

     Running tests/native_outbox.rs (cyb/target/debug/deps/native_outbox-1e518f6eb08a6ac2)

running 4 tests
test legacy_marks_are_retained_without_manufacturing_delivery_receipts ... ok
test exact_retransmission_is_scoped_and_never_grants_generic_or_revoked_work ... ok
test payment_and_linking_share_one_sequence_and_wrong_receipts_cannot_advance_it ... ok
test lost_result_restarts_and_revocation_allows_only_exact_read_only_resolution ... ok

test result: ok. 4 passed; 0 failed; 0 ignored; 0 measured; 0 filtered out; finished in 5.72s

     Running tests/robot_registry.rs (cyb/target/debug/deps/robot_registry-cc4139d38f4fe9f3)

running 6 tests
test current_grants_serialize_revocation_and_only_one_racer_dispatches ... ok
test independently_constructed_adapters_share_the_current_grant_handoff_lock ... ok
test canonical_signal_is_bound_to_selected_network_and_reconciles_from_native_history ... ok
test crash_after_claim_reopens_unknown_and_cannot_reexecute ... ok
test attachments_selection_and_history_survive_restart_without_a_robot_key ... ok
test legacy_name_import_is_once_only_and_foreign_or_forged_control_fails ... ok

test result: ok. 6 passed; 0 failed; 0 ignored; 0 measured; 0 filtered out; finished in 4.95s

     Running tests/runtime_authority.rs (cyb/target/debug/deps/runtime_authority-60a2697dd0f1e361)

running 1 test
test runtime_and_worker_use_the_actual_robot_binding_through_selection_revoke_and_restart ... ok

test result: ok. 1 passed; 0 failed; 0 ignored; 0 measured; 0 filtered out; finished in 8.15s

     Running tests/soma_host.rs (cyb/target/debug/deps/soma_host-92205e858de999fb)

running 1 test
test same_host_and_reader_recover_task_without_creating_subject_or_reusing_new_selection ... ok

test result: ok. 1 passed; 0 failed; 0 ignored; 0 measured; 0 filtered out; finished in 17.32s

   Doc-tests cyb_core

running 0 tests

test result: ok. 0 passed; 0 failed; 0 ignored; 0 measured; 0 filtered out; finished in 0.00s

