warning: field `journal_recovery_mode` is never read
  --> /Users/master/cyber/bbg/rs/vendor/fjall/src/config.rs:49:16
   |
14 | pub struct Config {
   |            ------ field in this struct
...
49 |     pub(crate) journal_recovery_mode: RecoveryMode,
   |                ^^^^^^^^^^^^^^^^^^^^^
   |
   = note: `Config` has a derived impl for the trait `Clone`, but this is intentionally ignored during dead code analysis
   = note: `#[warn(dead_code)]` (part of `#[warn(unused)]`) on by default

warning: method `outstanding_flushes` is never used
  --> /Users/master/cyber/bbg/rs/vendor/fjall/src/stats.rs:26:12
   |
25 | impl Stats {
   | ---------- method in this implementation
26 |     pub fn outstanding_flushes(&self) -> usize {
   |            ^^^^^^^^^^^^^^^^^^^

warning: hiding a lifetime that's elided elsewhere is confusing
  --> /Users/master/cyber/bbg/rs/vendor/fjall/src/tx/keyspace.rs:42:21
   |
42 |     pub fn write_tx(&self) -> WriteTransaction {
   |                     ^^^^^     ^^^^^^^^^^^^^^^^ the same lifetime is hidden here
   |                     |
   |                     the lifetime is elided here
   |
   = help: the same lifetime is referred to in inconsistent ways, making the signature confusing
   = note: `#[warn(mismatched_lifetime_syntaxes)]` on by default
help: use `'_` for type paths
   |
42 |     pub fn write_tx(&self) -> WriteTransaction<'_> {
   |                                               ++++

warning: `fjall` (lib) generated 3 warnings (run `cargo fix --lib -p fjall` to apply 1 suggestion)
    Finished `test` profile [unoptimized + debuginfo] target(s) in 0.36s
     Running tests/stack_axis.rs (target/debug/deps/stack_axis-eb20b6b16529c513)

running 2 tests
test axis_identity_full_proof_roundtrip ... FAILED
test axis_nested_cell_full_proof_roundtrip ... FAILED

failures:

---- axis_identity_full_proof_roundtrip stdout ----

thread 'axis_identity_full_proof_roundtrip' (26279173) panicked at tests/stack_axis.rs:65:82:
called `Result::unwrap()` on an `Err` value: UnsupportedRecursiveOpening
note: run with `RUST_BACKTRACE=1` environment variable to display a backtrace

---- axis_nested_cell_full_proof_roundtrip stdout ----

thread 'axis_nested_cell_full_proof_roundtrip' (26279174) panicked at tests/stack_axis.rs:93:82:
called `Result::unwrap()` on an `Err` value: UnsupportedRecursiveOpening


failures:
    axis_identity_full_proof_roundtrip
    axis_nested_cell_full_proof_roundtrip

test result: FAILED. 0 passed; 2 failed; 0 ignored; 0 measured; 0 filtered out; finished in 0.06s

error: test failed, to rerun pass `--test stack_axis`
     Running tests/stack_bbg_lifecycle.rs (target/debug/deps/stack_bbg_lifecycle-f8fad6b52579dd8a)

running 4 tests
test box_moves_nullifier_double_spend_rejected ... ok
test checkpoint_tracks_state_after_finalize ... ok
test finalize_block_updates_root_and_look_proof_consistent ... FAILED
test multi_block_insert_finalize_cycle_then_look_proof ... FAILED

failures:

---- finalize_block_updates_root_and_look_proof_consistent stdout ----

thread 'finalize_block_updates_root_and_look_proof_consistent' (26279197) panicked at tests/stack_bbg_lifecycle.rs:75:84:
called `Result::unwrap()` on an `Err` value: UnsupportedRecursiveOpening
note: run with `RUST_BACKTRACE=1` environment variable to display a backtrace

---- multi_block_insert_finalize_cycle_then_look_proof stdout ----

thread 'multi_block_insert_finalize_cycle_then_look_proof' (26279198) panicked at tests/stack_bbg_lifecycle.rs:162:84:
called `Result::unwrap()` on an `Err` value: UnsupportedRecursiveOpening


failures:
    finalize_block_updates_root_and_look_proof_consistent
    multi_block_insert_finalize_cycle_then_look_proof

test result: FAILED. 2 passed; 2 failed; 0 ignored; 0 measured; 0 filtered out; finished in 0.36s

error: test failed, to rerun pass `--test stack_bbg_lifecycle`
     Running tests/stack_call.rs (target/debug/deps/stack_call-d30e59384e957229)

running 3 tests
test call_null_provider_halts ... ok
test call_rejected_witness_returns_error ... ok
test call_with_accepted_witness_roundtrip ... ok

test result: ok. 3 passed; 0 failed; 0 ignored; 0 measured; 0 filtered out; finished in 0.22s

     Running tests/stack_compute.rs (target/debug/deps/stack_compute-fe724ea7abf4cbff)

running 4 tests
test sub_field_full_proof_roundtrip ... ok
test mul_field_full_proof_roundtrip ... ok
test add_field_full_proof_roundtrip ... ok
test xor_bitwise_full_proof_roundtrip ... ok

test result: ok. 4 passed; 0 failed; 0 ignored; 0 measured; 0 filtered out; finished in 0.38s

     Running tests/stack_hash.rs (target/debug/deps/stack_hash-94efad7fb2cbd934)

running 2 tests
test hash_poseidon2_single_atom_roundtrip ... ok
test hash_two_independent_inputs_both_verify ... ok

test result: ok. 2 passed; 0 failed; 0 ignored; 0 measured; 0 filtered out; finished in 1.98s

     Running tests/stack_look.rs (target/debug/deps/stack_look-2943f2c6e4f10a3f)

running 3 tests
test look_neurons_dimension_full_proof_roundtrip ... FAILED
test look_time_dimension_full_proof_roundtrip ... FAILED
test look_provider_and_collect_openings_both_verify ... FAILED

failures:

---- look_neurons_dimension_full_proof_roundtrip stdout ----

thread 'look_neurons_dimension_full_proof_roundtrip' (26279584) panicked at tests/stack_look.rs:72:5:
neuron look must succeed
note: run with `RUST_BACKTRACE=1` environment variable to display a backtrace

---- look_time_dimension_full_proof_roundtrip stdout ----

thread 'look_time_dimension_full_proof_roundtrip' (26279586) panicked at tests/stack_look.rs:48:84:
called `Result::unwrap()` on an `Err` value: UnsupportedRecursiveOpening

---- look_provider_and_collect_openings_both_verify stdout ----

thread 'look_provider_and_collect_openings_both_verify' (26279585) panicked at tests/stack_look.rs:101:5:
provider opening must be valid


failures:
    look_neurons_dimension_full_proof_roundtrip
    look_provider_and_collect_openings_both_verify
    look_time_dimension_full_proof_roundtrip

test result: FAILED. 0 passed; 3 failed; 0 ignored; 0 measured; 0 filtered out; finished in 0.14s

error: test failed, to rerun pass `--test stack_look`
     Running tests/stack_multi_pattern.rs (target/debug/deps/stack_multi_pattern-1375a0bb55ecbc3f)

running 2 tests
test mixed_add_hash_axis_trace_roundtrip ... FAILED
test mixed_add_look_trace_roundtrip ... FAILED

failures:

---- mixed_add_hash_axis_trace_roundtrip stdout ----

thread 'mixed_add_hash_axis_trace_roundtrip' (26280044) panicked at tests/stack_multi_pattern.rs:93:100:
called `Result::unwrap()` on an `Err` value: UnsupportedRecursiveOpening
note: run with `RUST_BACKTRACE=1` environment variable to display a backtrace

---- mixed_add_look_trace_roundtrip stdout ----

thread 'mixed_add_look_trace_roundtrip' (26280045) panicked at tests/stack_multi_pattern.rs:127:84:
called `Result::unwrap()` on an `Err` value: UnsupportedRecursiveOpening


failures:
    mixed_add_hash_axis_trace_roundtrip
    mixed_add_look_trace_roundtrip

test result: FAILED. 0 passed; 2 failed; 0 ignored; 0 measured; 0 filtered out; finished in 0.13s

error: test failed, to rerun pass `--test stack_multi_pattern`
     Running tests/stack_rejection.rs (target/debug/deps/stack_rejection-6350fb24ef8e54cc)

running 6 tests
test double_spend_bbg_insert_rejected ... ok
test focus_bound_exceeded_commit_fails ... ok
test input_hash_mismatch_commit_fails ... ok
test look_absent_key_returns_unavailable_no_opening ... ok
test proof_from_wrong_statement_fails_verify ... ok
test look_openings_undercount_commit_fails ... FAILED

failures:

---- look_openings_undercount_commit_fails stdout ----

thread 'look_openings_undercount_commit_fails' (26280525) panicked at tests/stack_rejection.rs:92:5:
undercount openings must produce TraceOverflow, got Err(UnsupportedRecursiveOpening)
note: run with `RUST_BACKTRACE=1` environment variable to display a backtrace


failures:
    look_openings_undercount_commit_fails

test result: FAILED. 5 passed; 1 failed; 0 ignored; 0 measured; 0 filtered out; finished in 0.28s

error: test failed, to rerun pass `--test stack_rejection`
     Running tests/stack_signal.rs (target/debug/deps/stack_signal-02f12d7d90bc68d0)

running 5 tests
test vdf_challenge_from_signal_hash_roundtrip ... ok
test vdf_different_challenges_produce_different_outputs ... ok
test signal_chain_ordering_and_rejection ... ok
test multiple_signals_same_neuron_bbg_state_consistent ... ok
test signal_to_bbg_state_to_look_proof ... FAILED

failures:

---- signal_to_bbg_state_to_look_proof stdout ----

thread 'signal_to_bbg_state_to_look_proof' (26281139) panicked at tests/stack_signal.rs:193:84:
called `Result::unwrap()` on an `Err` value: UnsupportedRecursiveOpening
note: run with `RUST_BACKTRACE=1` environment variable to display a backtrace


failures:
    signal_to_bbg_state_to_look_proof

test result: FAILED. 4 passed; 1 failed; 0 ignored; 0 measured; 0 filtered out; finished in 0.13s

error: test failed, to rerun pass `--test stack_signal`
error: 6 targets failed:
    `--test stack_axis`
    `--test stack_bbg_lifecycle`
    `--test stack_look`
    `--test stack_multi_pattern`
    `--test stack_rejection`
    `--test stack_signal`
