   Compiling rsc v0.1.0 (/Users/master/cyber/rs/rsc)
   Compiling mir-format v0.1.0 (/Users/master/cyber/rs/mir-format)
warning: unreachable pattern
   --> src/emit_mir.rs:261:9
    |
261 |         _ => MirOperand::Constant(MirConstValue::Unit),
    |         ^ no value can reach this
    |
note: multiple earlier patterns match some of the same values
   --> src/emit_mir.rs:261:9
    |
258 |         Operand::Copy(place) => MirOperand::Copy(convert_place(place)),
    |         -------------------- matches some of the same values
259 |         Operand::Move(place) => MirOperand::Move(convert_place(place)),
    |         -------------------- matches some of the same values
260 |         Operand::Constant(box constant) => convert_const(tcx, constant, adts),
    |         ------------------------------- matches some of the same values
261 |         _ => MirOperand::Constant(MirConstValue::Unit),
    |         ^ collectively making this unreachable
    = note: `#[warn(unreachable_patterns)]` (part of `#[warn(unused)]`) on by default

warning: `rsc` (bin "rsc") generated 1 warning
    Finished `dev` profile [unoptimized + debuginfo] target(s) in 4.51s
