   Compiling generic-array v0.14.9
warning: field `journal_recovery_mode` is never read
  --> /Users/master/cyber/bbg/rs/vendor/fjall/src/config.rs:49:16
   |
14 | pub struct Config {
   |            ------ field in this struct
...
49 |     pub(crate) journal_recovery_mode: RecoveryMode,
   |                ^^^^^^^^^^^^^^^^^^^^^
   |
   = note: `Config` has a derived impl for the trait `Clone`, but this is intentionally ignored during dead code analysis
   = note: `#[warn(dead_code)]` (part of `#[warn(unused)]`) on by default

warning: method `outstanding_flushes` is never used
  --> /Users/master/cyber/bbg/rs/vendor/fjall/src/stats.rs:26:12
   |
25 | impl Stats {
   | ---------- method in this implementation
26 |     pub fn outstanding_flushes(&self) -> usize {
   |            ^^^^^^^^^^^^^^^^^^^

warning: hiding a lifetime that's elided elsewhere is confusing
  --> /Users/master/cyber/bbg/rs/vendor/fjall/src/tx/keyspace.rs:42:21
   |
42 |     pub fn write_tx(&self) -> WriteTransaction {
   |                     ^^^^^     ^^^^^^^^^^^^^^^^ the same lifetime is hidden here
   |                     |
   |                     the lifetime is elided here
   |
   = help: the same lifetime is referred to in inconsistent ways, making the signature confusing
   = note: `#[warn(mismatched_lifetime_syntaxes)]` on by default
help: use `'_` for type paths
   |
42 |     pub fn write_tx(&self) -> WriteTransaction<'_> {
   |                                               ++++

    Checking zheng v0.4.0 (/Users/master/cyber/zheng/rs)
    Checking spki v0.7.3
warning: `fjall` (lib) generated 3 warnings (run `cargo fix --lib -p fjall` to apply 1 suggestion)
    Checking ureq v2.12.1
    Checking bbg v0.3.0 (/Users/master/cyber/bbg/rs)
    Checking block-buffer v0.10.4
    Checking crypto-common v0.1.6
    Checking sec1 v0.7.3
    Checking crypto-bigint v0.5.5
    Checking digest v0.10.7
    Checking foculus v0.1.3 (/Users/master/cyber/foculus)
    Checking hmac v0.12.1
    Checking signature v2.2.0
    Checking sha2 v0.10.9
    Checking ripemd v0.1.3
    Checking rfc6979 v0.4.0
    Checking elliptic-curve v0.13.8
    Checking ecdsa v0.16.9
    Checking cybergraph v0.1.1 (/Users/master/cyber/cybergraph)
    Checking k256 v0.13.4
    Checking cyber-mudra v0.1.0 (/Users/master/cyber/mudra)
    Checking soft3 v0.10.0 (/Users/master/cyber/soft3/crate)
warning: type `http::Error` is more private than the item `signed::<impl Node>::authenticated`
  --> src/node/signed.rs:59:5
   |
59 |     pub fn authenticated(&self) -> Result<bool, Error> {
   |     ^^^^^^^^^^^^^^^^^^^^^^^^^^^^^^^^^^^^^^^^^^^^^^^^^^ method `signed::<impl Node>::authenticated` is reachable at visibility `pub`
   |
note: but type `http::Error` is only usable at visibility `pub(in crate::node)`
  --> src/node/http.rs:46:1
   |
46 | pub(super) struct Error {
   | ^^^^^^^^^^^^^^^^^^^^^^^
   = note: `#[warn(private_interfaces)]` on by default

warning: `soft3` (lib) generated 1 warning
    Finished `dev` profile [unoptimized + debuginfo] target(s) in 1.95s
